Archive member included because of file (symbol)

/Users/helenawilliams/Library/Caches/arduino/sketches/44C3AAA99780E49373EAB6CB67F17FB8/../../cores/SparkFun_samd_samd21_mini_f240a9748bc085abc870b20538c18981/core.a(Print.cpp.o)
                              /Users/helenawilliams/Library/Caches/arduino/sketches/44C3AAA99780E49373EAB6CB67F17FB8/libraries/RTT_Stream/RTTStream.cpp.o (Print::write(unsigned char const*, unsigned int))
/Users/helenawilliams/Library/Caches/arduino/sketches/44C3AAA99780E49373EAB6CB67F17FB8/../../cores/SparkFun_samd_samd21_mini_f240a9748bc085abc870b20538c18981/core.a(SERCOM.cpp.o)
                              /Users/helenawilliams/Library/Caches/arduino/sketches/44C3AAA99780E49373EAB6CB67F17FB8/core/variant.cpp.o (SERCOM::SERCOM(Sercom*))
/Users/helenawilliams/Library/Caches/arduino/sketches/44C3AAA99780E49373EAB6CB67F17FB8/../../cores/SparkFun_samd_samd21_mini_f240a9748bc085abc870b20538c18981/core.a(Uart.cpp.o)
                              /Users/helenawilliams/Library/Caches/arduino/sketches/44C3AAA99780E49373EAB6CB67F17FB8/core/variant.cpp.o (Uart::Uart(SERCOM*, unsigned char, unsigned char, SercomRXPad, SercomUartTXPad))
/Users/helenawilliams/Library/Caches/arduino/sketches/44C3AAA99780E49373EAB6CB67F17FB8/../../cores/SparkFun_samd_samd21_mini_f240a9748bc085abc870b20538c18981/core.a(abi.cpp.o)
                              /Users/helenawilliams/Library/Caches/arduino/sketches/44C3AAA99780E49373EAB6CB67F17FB8/libraries/RTT_Stream/RTTStream.cpp.o (__cxa_pure_virtual)
/Users/helenawilliams/Library/Caches/arduino/sketches/44C3AAA99780E49373EAB6CB67F17FB8/../../cores/SparkFun_samd_samd21_mini_f240a9748bc085abc870b20538c18981/core.a(cortex_handlers.c.o)
                              (Reset_Handler)
/Users/helenawilliams/Library/Caches/arduino/sketches/44C3AAA99780E49373EAB6CB67F17FB8/../../cores/SparkFun_samd_samd21_mini_f240a9748bc085abc870b20538c18981/core.a(delay.c.o)
                              /Users/helenawilliams/Library/Caches/arduino/sketches/44C3AAA99780E49373EAB6CB67F17FB8/libraries/RTT_Stream/RTTStream.cpp.o (delay)
/Users/helenawilliams/Library/Caches/arduino/sketches/44C3AAA99780E49373EAB6CB67F17FB8/../../cores/SparkFun_samd_samd21_mini_f240a9748bc085abc870b20538c18981/core.a(hooks.c.o)
                              /Users/helenawilliams/Library/Caches/arduino/sketches/44C3AAA99780E49373EAB6CB67F17FB8/../../cores/SparkFun_samd_samd21_mini_f240a9748bc085abc870b20538c18981/core.a(delay.c.o) (yield)
/Users/helenawilliams/Library/Caches/arduino/sketches/44C3AAA99780E49373EAB6CB67F17FB8/../../cores/SparkFun_samd_samd21_mini_f240a9748bc085abc870b20538c18981/core.a(main.cpp.o)
                              /Users/helenawilliams/Library/Arduino15/packages/arduino/tools/arm-none-eabi-gcc/4.8.3-2014q1/bin/../lib/gcc/arm-none-eabi/4.8.3/../../../../arm-none-eabi/lib/armv6-m/crt0.o (main)
/Users/helenawilliams/Library/Caches/arduino/sketches/44C3AAA99780E49373EAB6CB67F17FB8/../../cores/SparkFun_samd_samd21_mini_f240a9748bc085abc870b20538c18981/core.a(startup.c.o)
                              /Users/helenawilliams/Library/Caches/arduino/sketches/44C3AAA99780E49373EAB6CB67F17FB8/../../cores/SparkFun_samd_samd21_mini_f240a9748bc085abc870b20538c18981/core.a(cortex_handlers.c.o) (SystemInit)
/Users/helenawilliams/Library/Caches/arduino/sketches/44C3AAA99780E49373EAB6CB67F17FB8/../../cores/SparkFun_samd_samd21_mini_f240a9748bc085abc870b20538c18981/core.a(wiring.c.o)
                              /Users/helenawilliams/Library/Caches/arduino/sketches/44C3AAA99780E49373EAB6CB67F17FB8/../../cores/SparkFun_samd_samd21_mini_f240a9748bc085abc870b20538c18981/core.a(main.cpp.o) (init)
/Users/helenawilliams/Library/Caches/arduino/sketches/44C3AAA99780E49373EAB6CB67F17FB8/../../cores/SparkFun_samd_samd21_mini_f240a9748bc085abc870b20538c18981/core.a(wiring_analog.c.o)
                              /Users/helenawilliams/Library/Caches/arduino/sketches/44C3AAA99780E49373EAB6CB67F17FB8/../../cores/SparkFun_samd_samd21_mini_f240a9748bc085abc870b20538c18981/core.a(wiring.c.o) (analogReference)
/Users/helenawilliams/Library/Caches/arduino/sketches/44C3AAA99780E49373EAB6CB67F17FB8/../../cores/SparkFun_samd_samd21_mini_f240a9748bc085abc870b20538c18981/core.a(wiring_digital.c.o)
                              /Users/helenawilliams/Library/Caches/arduino/sketches/44C3AAA99780E49373EAB6CB67F17FB8/sketch/rtt-test.ino.cpp.o (pinMode)
/Users/helenawilliams/Library/Caches/arduino/sketches/44C3AAA99780E49373EAB6CB67F17FB8/../../cores/SparkFun_samd_samd21_mini_f240a9748bc085abc870b20538c18981/core.a(wiring_private.c.o)
                              /Users/helenawilliams/Library/Caches/arduino/sketches/44C3AAA99780E49373EAB6CB67F17FB8/../../cores/SparkFun_samd_samd21_mini_f240a9748bc085abc870b20538c18981/core.a(Uart.cpp.o) (pinPeripheral)
/Users/helenawilliams/Library/Caches/arduino/sketches/44C3AAA99780E49373EAB6CB67F17FB8/../../cores/SparkFun_samd_samd21_mini_f240a9748bc085abc870b20538c18981/core.a(Reset.cpp.o)
[...]
Memory Configuration

Name             Origin             Length             Attributes
FLASH            0x0000000000002000 0x000000000003e000 xr
RAM              0x0000000020000000 0x0000000000008000 xrw
*default*        0x0000000000000000 0xffffffffffffffff

Linker script and memory map

LOAD /Users/helenawilliams/Library/Arduino15/packages/arduino/tools/arm-none-eabi-gcc/4.8.3-2014q1/bin/../lib/gcc/arm-none-eabi/4.8.3/armv6-m/crti.o
LOAD /Users/helenawilliams/Library/Arduino15/packages/arduino/tools/arm-none-eabi-gcc/4.8.3-2014q1/bin/../lib/gcc/arm-none-eabi/4.8.3/armv6-m/crtbegin.o
LOAD /Users/helenawilliams/Library/Arduino15/packages/arduino/tools/arm-none-eabi-gcc/4.8.3-2014q1/bin/../lib/gcc/arm-none-eabi/4.8.3/../../../../arm-none-eabi/lib/armv6-m/crt0.o
LOAD /Users/helenawilliams/Library/Caches/arduino/sketches/44C3AAA99780E49373EAB6CB67F17FB8/sketch/rtt-test.ino.cpp.o
LOAD /Users/helenawilliams/Library/Caches/arduino/sketches/44C3AAA99780E49373EAB6CB67F17FB8/libraries/RTT_Stream/RTTStream.cpp.o
LOAD /Users/helenawilliams/Library/Caches/arduino/sketches/44C3AAA99780E49373EAB6CB67F17FB8/libraries/RTT_Stream/SEGGER_RTT.c.o
LOAD /Users/helenawilliams/Library/Caches/arduino/sketches/44C3AAA99780E49373EAB6CB67F17FB8/libraries/RTT_Stream/SEGGER_RTT_Peek.c.o
LOAD /Users/helenawilliams/Library/Caches/arduino/sketches/44C3AAA99780E49373EAB6CB67F17FB8/libraries/RTT_Stream/SEGGER_RTT_printf.c.o
LOAD /Users/helenawilliams/Library/Caches/arduino/sketches/44C3AAA99780E49373EAB6CB67F17FB8/core/variant.cpp.o
START GROUP
LOAD /Users/helenawilliams/Library/Arduino15/packages/arduino/tools/CMSIS/4.5.0/CMSIS/Lib/GCC//libarm_cortexM0l_math.a
LOAD /Users/helenawilliams/Library/Arduino15/packages/arduino/tools/arm-none-eabi-gcc/4.8.3-2014q1/bin/../lib/gcc/arm-none-eabi/4.8.3/../../../../arm-none-eabi/lib/armv6-m/libm.a
LOAD /Users/helenawilliams/Library/Caches/arduino/sketches/44C3AAA99780E49373EAB6CB67F17FB8/../../cores/SparkFun_samd_samd21_mini_f240a9748bc085abc870b20538c18981/core.a
END GROUP
START GROUP
LOAD /Users/helenawilliams/Library/Arduino15/packages/arduino/tools/arm-none-eabi-gcc/4.8.3-2014q1/bin/../lib/gcc/arm-none-eabi/4.8.3/armv6-m/libgcc.a
LOAD /Users/helenawilliams/Library/Arduino15/packages/arduino/tools/arm-none-eabi-gcc/4.8.3-2014q1/bin/../lib/gcc/arm-none-eabi/4.8.3/../../../../arm-none-eabi/lib/armv6-m/libc_s.a
END GROUP
START GROUP
LOAD /Users/helenawilliams/Library/Arduino15/packages/arduino/tools/arm-none-eabi-gcc/4.8.3-2014q1/bin/../lib/gcc/arm-none-eabi/4.8.3/armv6-m/libgcc.a
LOAD /Users/helenawilliams/Library/Arduino15/packages/arduino/tools/arm-none-eabi-gcc/4.8.3-2014q1/bin/../lib/gcc/arm-none-eabi/4.8.3/../../../../arm-none-eabi/lib/armv6-m/libc_s.a
LOAD /Users/helenawilliams/Library/Arduino15/packages/arduino/tools/arm-none-eabi-gcc/4.8.3-2014q1/bin/../lib/gcc/arm-none-eabi/4.8.3/../../../../arm-none-eabi/lib/armv6-m/libnosys.a
END GROUP
START GROUP
LOAD /Users/helenawilliams/Library/Arduino15/packages/arduino/tools/arm-none-eabi-gcc/4.8.3-2014q1/bin/../lib/gcc/arm-none-eabi/4.8.3/armv6-m/libgcc.a
LOAD /Users/helenawilliams/Library/Arduino15/packages/arduino/tools/arm-none-eabi-gcc/4.8.3-2014q1/bin/../lib/gcc/arm-none-eabi/4.8.3/../../../../arm-none-eabi/lib/armv6-m/libc_s.a
LOAD /Users/helenawilliams/Library/Arduino15/packages/arduino/tools/arm-none-eabi-gcc/4.8.3-2014q1/bin/../lib/gcc/arm-none-eabi/4.8.3/../../../../arm-none-eabi/lib/armv6-m/libnosys.a
END GROUP
LOAD /Users/helenawilliams/Library/Arduino15/packages/arduino/tools/arm-none-eabi-gcc/4.8.3-2014q1/bin/../lib/gcc/arm-none-eabi/4.8.3/armv6-m/crtend.o
LOAD /Users/helenawilliams/Library/Arduino15/packages/arduino/tools/arm-none-eabi-gcc/4.8.3-2014q1/bin/../lib/gcc/arm-none-eabi/4.8.3/armv6-m/crtn.o

.text           0x0000000000002000     0x2d90
 *(.isr_vector)
 .isr_vector    0x0000000000002000       0xb4 /Users/helenawilliams/Library/Caches/arduino/sketches/44C3AAA99780E49373EAB6CB67F17FB8/../../cores/SparkFun_samd_samd21_mini_f240a9748bc085abc870b20538c18981/core.a(cortex_handlers.c.o)
                0x0000000000002000                exception_table
 *(.text*)
 .text          0x00000000000020b4       0x60 /Users/helenawilliams/Library/Arduino15/packages/arduino/tools/arm-none-eabi-gcc/4.8.3-2014q1/bin/../lib/gcc/arm-none-eabi/4.8.3/armv6-m/crtbegin.o
 .text.setup    0x0000000000002114       0x24 /Users/helenawilliams/Library/Caches/arduino/sketches/44C3AAA99780E49373EAB6CB67F17FB8/sketch/rtt-test.ino.cpp.o
                0x0000000000002114                setup
 .text.loop     0x0000000000002138       0x2c /Users/helenawilliams/Library/Caches/arduino/sketches/44C3AAA99780E49373EAB6CB67F17FB8/sketch/rtt-test.ino.cpp.o
                0x0000000000002138                loop
 .text.startup._GLOBAL__sub_I_rtt
                0x0000000000002164       0x24 /Users/helenawilliams/Library/Caches/arduino/sketches/44C3AAA99780E49373EAB6CB67F17FB8/sketch/rtt-test.ino.cpp.o
 .text._ZN5Print17availableForWriteEv
                0x0000000000002188        0x4 /Users/helenawilliams/Library/Caches/arduino/sketches/44C3AAA99780E49373EAB6CB67F17FB8/libraries/RTT_Stream/RTTStream.cpp.o
                0x0000000000002188                Print::availableForWrite()
 .text._ZN9RTTStream9availableEv
                0x000000000000218c        0xa /Users/helenawilliams/Library/Caches/arduino/sketches/44C3AAA99780E49373EAB6CB67F17FB8/libraries/RTT_Stream/RTTStream.cpp.o
                0x000000000000218c                RTTStream::available()
 .text._ZN9RTTStream4readEv
                0x0000000000002196       0x32 /Users/helenawilliams/Library/Caches/arduino/sketches/44C3AAA99780E49373EAB6CB67F17FB8/libraries/RTT_Stream/RTTStream.cpp.o
                0x0000000000002196                RTTStream::read()
 .text._ZN9RTTStream5writeEh
                0x00000000000021c8        0xa /Users/helenawilliams/Library/Caches/arduino/sketches/44C3AAA99780E49373EAB6CB67F17FB8/libraries/RTT_Stream/RTTStream.cpp.o
                0x00000000000021c8                RTTStream::write(unsigned char)
 .text._ZN9RTTStream9readBytesEPcj
                0x00000000000021d2       0x26 /Users/helenawilliams/Library/Caches/arduino/sketches/44C3AAA99780E49373EAB6CB67F17FB8/libraries/RTT_Stream/RTTStream.cpp.o
                0x00000000000021d2                RTTStream::readBytes(char*, unsigned int)
 .text._ZN9RTTStream5writeEPKhj
                0x00000000000021f8        0xa /Users/helenawilliams/Library/Caches/arduino/sketches/44C3AAA99780E49373EAB6CB67F17FB8/libraries/RTT_Stream/RTTStream.cpp.o
                0x00000000000021f8                RTTStream::write(unsigned char const*, unsigned int)
 .text._ZN9RTTStream4peekEv
                0x0000000000002202        0xa /Users/helenawilliams/Library/Caches/arduino/sketches/44C3AAA99780E49373EAB6CB67F17FB8/libraries/RTT_Stream/RTTStream.cpp.o
                0x0000000000002202                RTTStream::peek()
 .text._ZN9RTTStream5flushEv
                0x000000000000220c       0x16 /Users/helenawilliams/Library/Caches/arduino/sketches/44C3AAA99780E49373EAB6CB67F17FB8/libraries/RTT_Stream/RTTStream.cpp.o
                0x000000000000220c                RTTStream::flush()
 *fill*         0x0000000000002222        0x2 
 .text._ZN9RTTStreamC2Ev
                0x0000000000002224       0x24 /Users/helenawilliams/Library/Caches/arduino/sketches/44C3AAA99780E49373EAB6CB67F17FB8/libraries/RTT_Stream/RTTStream.cpp.o
                0x0000000000002224                RTTStream::RTTStream()
                0x0000000000002224                RTTStream::RTTStream()
 .text._ZN9RTTStreamD2Ev
                0x0000000000002248        0xc /Users/helenawilliams/Library/Caches/arduino/sketches/44C3AAA99780E49373EAB6CB67F17FB8/libraries/RTT_Stream/RTTStream.cpp.o
                0x0000000000002248                RTTStream::~RTTStream()
                0x0000000000002248                RTTStream::~RTTStream()
 .text._GetAvailWriteSpace
                0x0000000000002254       0x18 /Users/helenawilliams/Library/Caches/arduino/sketches/44C3AAA99780E49373EAB6CB67F17FB8/libraries/RTT_Stream/SEGGER_RTT.c.o
 .text._WriteNoCheck
                0x000000000000226c       0x38 /Users/helenawilliams/Library/Caches/arduino/sketches/44C3AAA99780E49373EAB6CB67F17FB8/libraries/RTT_Stream/SEGGER_RTT.c.o
 .text._WriteBlocking
                0x00000000000022a4       0x5a /Users/helenawilliams/Library/Caches/arduino/sketches/44C3AAA99780E49373EAB6CB67F17FB8/libraries/RTT_Stream/SEGGER_RTT.c.o
 *fill*         0x00000000000022fe        0x2 
 .text._DoInit  0x0000000000002300       0x68 /Users/helenawilliams/Library/Caches/arduino/sketches/44C3AAA99780E49373EAB6CB67F17FB8/libraries/RTT_Stream/SEGGER_RTT.c.o
 .text.SEGGER_RTT_ReadNoLock
                0x0000000000002368       0x88 /Users/helenawilliams/Library/Caches/arduino/sketches/44C3AAA99780E49373EAB6CB67F17FB8/libraries/RTT_Stream/SEGGER_RTT.c.o
                0x0000000000002368                SEGGER_RTT_ReadNoLock
 .text.SEGGER_RTT_Read
                0x00000000000023f0       0x1a /Users/helenawilliams/Library/Caches/arduino/sketches/44C3AAA99780E49373EAB6CB67F17FB8/libraries/RTT_Stream/SEGGER_RTT.c.o
                0x00000000000023f0                SEGGER_RTT_Read
 *fill*         0x000000000000240a        0x2 
 .text.SEGGER_RTT_WriteNoLock
                0x000000000000240c       0x5c /Users/helenawilliams/Library/Caches/arduino/sketches/44C3AAA99780E49373EAB6CB67F17FB8/libraries/RTT_Stream/SEGGER_RTT.c.o
                0x000000000000240c                SEGGER_RTT_WriteNoLock
 .text.SEGGER_RTT_Write
                0x0000000000002468       0x34 /Users/helenawilliams/Library/Caches/arduino/sketches/44C3AAA99780E49373EAB6CB67F17FB8/libraries/RTT_Stream/SEGGER_RTT.c.o
                0x0000000000002468                SEGGER_RTT_Write
 .text.SEGGER_RTT_PutChar
                0x000000000000249c       0x60 /Users/helenawilliams/Library/Caches/arduino/sketches/44C3AAA99780E49373EAB6CB67F17FB8/libraries/RTT_Stream/SEGGER_RTT.c.o
                0x000000000000249c                SEGGER_RTT_PutChar
 .text.SEGGER_RTT_Init
                0x00000000000024fc        0x8 /Users/helenawilliams/Library/Caches/arduino/sketches/44C3AAA99780E49373EAB6CB67F17FB8/libraries/RTT_Stream/SEGGER_RTT.c.o
                0x00000000000024fc                SEGGER_RTT_Init
 .text.SEGGER_RTT_GetBytesInBuffer
                0x0000000000002504       0x24 /Users/helenawilliams/Library/Caches/arduino/sketches/44C3AAA99780E49373EAB6CB67F17FB8/libraries/RTT_Stream/SEGGER_RTT.c.o
                0x0000000000002504                SEGGER_RTT_GetBytesInBuffer
 .text.SEGGER_RTT_GetBytesInDownBuffer
                0x0000000000002528       0x2c /Users/helenawilliams/Library/Caches/arduino/sketches/44C3AAA99780E49373EAB6CB67F17FB8/libraries/RTT_Stream/SEGGER_RTT_Peek.c.o
                0x0000000000002528                SEGGER_RTT_GetBytesInDownBuffer
 .text.SEGGER_RTT_PeekNoLock
                0x0000000000002554       0x2c /Users/helenawilliams/Library/Caches/arduino/sketches/44C3AAA99780E49373EAB6CB67F17FB8/libraries/RTT_Stream/SEGGER_RTT_Peek.c.o
                0x0000000000002554                SEGGER_RTT_PeekNoLock
 .text.SEGGER_RTT_Peek
                0x0000000000002580       0x16 /Users/helenawilliams/Library/Caches/arduino/sketches/44C3AAA99780E49373EAB6CB67F17FB8/libraries/RTT_Stream/SEGGER_RTT_Peek.c.o
                0x0000000000002580                SEGGER_RTT_Peek
 *fill*         0x0000000000002596        0x2 
 .text.SERCOM0_Handler
                0x0000000000002598       0x10 /Users/helenawilliams/Library/Caches/arduino/sketches/44C3AAA99780E49373EAB6CB67F17FB8/core/variant.cpp.o
                0x0000000000002598                SERCOM0_Handler
 .text.SERCOM5_Handler
                0x00000000000025a8       0x10 /Users/helenawilliams/Library/Caches/arduino/sketches/44C3AAA99780E49373EAB6CB67F17FB8/core/variant.cpp.o
                0x00000000000025a8                SERCOM5_Handler
 .text.startup._GLOBAL__sub_I_g_APinDescription
                0x00000000000025b8       0x94 /Users/helenawilliams/Library/Caches/arduino/sketches/44C3AAA99780E49373EAB6CB67F17FB8/core/variant.cpp.o
 .text._ZN5Print5writeEPKhj
                0x000000000000264c       0x28 /Users/helenawilliams/Library/Caches/arduino/sketches/44C3AAA99780E49373EAB6CB67F17FB8/../../cores/SparkFun_samd_samd21_mini_f240a9748bc085abc870b20538c18981/core.a(Print.cpp.o)
                0x000000000000264c                Print::write(unsigned char const*, unsigned int)
 .text._ZN5Print5writeEPKc
                0x0000000000002674       0x1c /Users/helenawilliams/Library/Caches/arduino/sketches/44C3AAA99780E49373EAB6CB67F17FB8/../../cores/SparkFun_samd_samd21_mini_f240a9748bc085abc870b20538c18981/core.a(Print.cpp.o)
                0x0000000000002674                Print::write(char const*)
 .text._ZN5Print7printlnEv
                0x0000000000002690       0x10 /Users/helenawilliams/Library/Caches/arduino/sketches/44C3AAA99780E49373EAB6CB67F17FB8/../../cores/SparkFun_samd_samd21_mini_f240a9748bc085abc870b20538c18981/core.a(Print.cpp.o)
                0x0000000000002690                Print::println()
 .text._ZN5Print7printlnEPKc
                0x00000000000026a0       0x14 /Users/helenawilliams/Library/Caches/arduino/sketches/44C3AAA99780E49373EAB6CB67F17FB8/../../cores/SparkFun_samd_samd21_mini_f240a9748bc085abc870b20538c18981/core.a(Print.cpp.o)
                0x00000000000026a0                Print::println(char const*)
 .text._ZN6SERCOMC2EP6Sercom
                0x00000000000026b4        0x4 /Users/helenawilliams/Library/Caches/arduino/sketches/44C3AAA99780E49373EAB6CB67F17FB8/../../cores/SparkFun_samd_samd21_mini_f240a9748bc085abc870b20538c18981/core.a(SERCOM.cpp.o)
                0x00000000000026b4                SERCOM::SERCOM(Sercom*)
                0x00000000000026b4                SERCOM::SERCOM(Sercom*)
 .text._ZN6SERCOM9initFrameE18SercomUartCharSize15SercomDataOrder16SercomParityMode19SercomNumberStopBit
                0x00000000000026b8       0x38 /Users/helenawilliams/Library/Caches/arduino/sketches/44C3AAA99780E49373EAB6CB67F17FB8/../../cores/SparkFun_samd_samd21_mini_f240a9748bc085abc870b20538c18981/core.a(SERCOM.cpp.o)
                0x00000000000026b8                SERCOM::initFrame(SercomUartCharSize, SercomDataOrder, SercomParityMode, SercomNumberStopBit)
 .text._ZN6SERCOM8initPadsE15SercomUartTXPad11SercomRXPad
                0x00000000000026f0       0x26 /Users/helenawilliams/Library/Caches/arduino/sketches/44C3AAA99780E49373EAB6CB67F17FB8/../../cores/SparkFun_samd_samd21_mini_f240a9748bc085abc870b20538c18981/core.a(SERCOM.cpp.o)
                0x00000000000026f0                SERCOM::initPads(SercomUartTXPad, SercomRXPad)
 .text._ZN6SERCOM9resetUARTEv
                0x0000000000002716       0x1c /Users/helenawilliams/Library/Caches/arduino/sketches/44C3AAA99780E49373EAB6CB67F17FB8/../../cores/SparkFun_samd_samd21_mini_f240a9748bc085abc870b20538c18981/core.a(SERCOM.cpp.o)
                0x0000000000002716                SERCOM::resetUART()
 .text._ZN6SERCOM10enableUARTEv
                0x0000000000002732       0x14 /Users/helenawilliams/Library/Caches/arduino/sketches/44C3AAA99780E49373EAB6CB67F17FB8/../../cores/SparkFun_samd_samd21_mini_f240a9748bc085abc870b20538c18981/core.a(SERCOM.cpp.o)
                0x0000000000002732                SERCOM::enableUART()
 .text._ZN6SERCOM9flushUARTEv
                0x0000000000002746       0x10 /Users/helenawilliams/Library/Caches/arduino/sketches/44C3AAA99780E49373EAB6CB67F17FB8/../../cores/SparkFun_samd_samd21_mini_f240a9748bc085abc870b20538c18981/core.a(SERCOM.cpp.o)
                0x0000000000002746                SERCOM::flushUART()
 .text._ZN6SERCOM15clearStatusUARTEv
                0x0000000000002756        0x8 /Users/helenawilliams/Library/Caches/arduino/sketches/44C3AAA99780E49373EAB6CB67F17FB8/../../cores/SparkFun_samd_samd21_mini_f240a9748bc085abc870b20538c18981/core.a(SERCOM.cpp.o)
                0x0000000000002756                SERCOM::clearStatusUART()
 .text._ZN6SERCOM17availableDataUARTEv
                0x000000000000275e        0xa /Users/helenawilliams/Library/Caches/arduino/sketches/44C3AAA99780E49373EAB6CB67F17FB8/../../cores/SparkFun_samd_samd21_mini_f240a9748bc085abc870b20538c18981/core.a(SERCOM.cpp.o)
                0x000000000000275e                SERCOM::availableDataUART()
 .text._ZN6SERCOM11isUARTErrorEv
                0x0000000000002768        0x8 /Users/helenawilliams/Library/Caches/arduino/sketches/44C3AAA99780E49373EAB6CB67F17FB8/../../cores/SparkFun_samd_samd21_mini_f240a9748bc085abc870b20538c18981/core.a(SERCOM.cpp.o)
                0x0000000000002768                SERCOM::isUARTError()
 .text._ZN6SERCOM20acknowledgeUARTErrorEv
                0x0000000000002770        0xe /Users/helenawilliams/Library/Caches/arduino/sketches/44C3AAA99780E49373EAB6CB67F17FB8/../../cores/SparkFun_samd_samd21_mini_f240a9748bc085abc870b20538c18981/core.a(SERCOM.cpp.o)
                0x0000000000002770                SERCOM::acknowledgeUARTError()
 .text._ZN6SERCOM23isDataRegisterEmptyUARTEv
                0x000000000000277e        0xa /Users/helenawilliams/Library/Caches/arduino/sketches/44C3AAA99780E49373EAB6CB67F17FB8/../../cores/SparkFun_samd_samd21_mini_f240a9748bc085abc870b20538c18981/core.a(SERCOM.cpp.o)
                0x000000000000277e                SERCOM::isDataRegisterEmptyUART()
 .text._ZN6SERCOM12readDataUARTEv
                0x0000000000002788        0x8 /Users/helenawilliams/Library/Caches/arduino/sketches/44C3AAA99780E49373EAB6CB67F17FB8/../../cores/SparkFun_samd_samd21_mini_f240a9748bc085abc870b20538c18981/core.a(SERCOM.cpp.o)
                0x0000000000002788                SERCOM::readDataUART()
 .text._ZN6SERCOM13writeDataUARTEh
                0x0000000000002790        0xe /Users/helenawilliams/Library/Caches/arduino/sketches/44C3AAA99780E49373EAB6CB67F17FB8/../../cores/SparkFun_samd_samd21_mini_f240a9748bc085abc870b20538c18981/core.a(SERCOM.cpp.o)
                0x0000000000002790                SERCOM::writeDataUART(unsigned char)
 .text._ZN6SERCOM36enableDataRegisterEmptyInterruptUARTEv
                0x000000000000279e        0x8 /Users/helenawilliams/Library/Caches/arduino/sketches/44C3AAA99780E49373EAB6CB67F17FB8/../../cores/SparkFun_samd_samd21_mini_f240a9748bc085abc870b20538c18981/core.a(SERCOM.cpp.o)
                0x000000000000279e                SERCOM::enableDataRegisterEmptyInterruptUART()
 .text._ZN6SERCOM37disableDataRegisterEmptyInterruptUARTEv
                0x00000000000027a6        0x8 /Users/helenawilliams/Library/Caches/arduino/sketches/44C3AAA99780E49373EAB6CB67F17FB8/../../cores/SparkFun_samd_samd21_mini_f240a9748bc085abc870b20538c18981/core.a(SERCOM.cpp.o)
                0x00000000000027a6                SERCOM::disableDataRegisterEmptyInterruptUART()
 *fill*         0x00000000000027ae        0x2 
 .text._ZN6SERCOM13initClockNVICEv
                0x00000000000027b0       0xac /Users/helenawilliams/Library/Caches/arduino/sketches/44C3AAA99780E49373EAB6CB67F17FB8/../../cores/SparkFun_samd_samd21_mini_f240a9748bc085abc870b20538c18981/core.a(SERCOM.cpp.o)
                0x00000000000027b0                SERCOM::initClockNVIC()
 .text._ZN6SERCOM8initUARTE14SercomUartMode20SercomUartSampleRatem
                0x000000000000285c       0x6c /Users/helenawilliams/Library/Caches/arduino/sketches/44C3AAA99780E49373EAB6CB67F17FB8/../../cores/SparkFun_samd_samd21_mini_f240a9748bc085abc870b20538c18981/core.a(SERCOM.cpp.o)
                0x000000000000285c                SERCOM::initUART(SercomUartMode, SercomUartSampleRate, unsigned long)
 .text._ZN4UartcvbEv
                0x00000000000028c8        0x4 /Users/helenawilliams/Library/Caches/arduino/sketches/44C3AAA99780E49373EAB6CB67F17FB8/../../cores/SparkFun_samd_samd21_mini_f240a9748bc085abc870b20538c18981/core.a(Uart.cpp.o)
                0x00000000000028c8                Uart::operator bool()
 .text._ZN4Uart5beginEm
                0x00000000000028cc       0x10 /Users/helenawilliams/Library/Caches/arduino/sketches/44C3AAA99780E49373EAB6CB67F17FB8/../../cores/SparkFun_samd_samd21_mini_f240a9748bc085abc870b20538c18981/core.a(Uart.cpp.o)
                0x00000000000028cc                Uart::begin(unsigned long)
 .text._ZN4Uart4peekEv
                0x00000000000028dc       0x16 /Users/helenawilliams/Library/Caches/arduino/sketches/44C3AAA99780E49373EAB6CB67F17FB8/../../cores/SparkFun_samd_samd21_mini_f240a9748bc085abc870b20538c18981/core.a(Uart.cpp.o)
                0x00000000000028dc                Uart::peek()
 .text._ZN4Uart3endEv
                0x00000000000028f2       0x1c /Users/helenawilliams/Library/Caches/arduino/sketches/44C3AAA99780E49373EAB6CB67F17FB8/../../cores/SparkFun_samd_samd21_mini_f240a9748bc085abc870b20538c18981/core.a(Uart.cpp.o)
                0x00000000000028f2                Uart::end()
 *fill*         0x000000000000290e        0x2 
 .text._ZN4UartC2EP6SERCOMhh11SercomRXPad15SercomUartTXPadhh
                0x0000000000002910       0x7c /Users/helenawilliams/Library/Caches/arduino/sketches/44C3AAA99780E49373EAB6CB67F17FB8/../../cores/SparkFun_samd_samd21_mini_f240a9748bc085abc870b20538c18981/core.a(Uart.cpp.o)
                0x0000000000002910                Uart::Uart(SERCOM*, unsigned char, unsigned char, SercomRXPad, SercomUartTXPad, unsigned char, unsigned char)
                0x0000000000002910                Uart::Uart(SERCOM*, unsigned char, unsigned char, SercomRXPad, SercomUartTXPad, unsigned char, unsigned char)
 .text._ZN4UartC2EP6SERCOMhh11SercomRXPad15SercomUartTXPad
                0x000000000000298c       0x24 /Users/helenawilliams/Library/Caches/arduino/sketches/44C3AAA99780E49373EAB6CB67F17FB8/../../cores/SparkFun_samd_samd21_mini_f240a9748bc085abc870b20538c18981/core.a(Uart.cpp.o)
                0x000000000000298c                Uart::Uart(SERCOM*, unsigned char, unsigned char, SercomRXPad, SercomUartTXPad)
                0x000000000000298c                Uart::Uart(SERCOM*, unsigned char, unsigned char, SercomRXPad, SercomUartTXPad)
 .text._ZN4Uart16extractNbStopBitEt
                0x00000000000029b0        0xe /Users/helenawilliams/Library/Caches/arduino/sketches/44C3AAA99780E49373EAB6CB67F17FB8/../../cores/SparkFun_samd_samd21_mini_f240a9748bc085abc870b20538c18981/core.a(Uart.cpp.o)
                0x00000000000029b0                Uart::extractNbStopBit(unsigned short)
 .text._ZN4Uart15extractCharSizeEt
                0x00000000000029be       0x2c /Users/helenawilliams/Library/Caches/arduino/sketches/44C3AAA99780E49373EAB6CB67F17FB8/../../cores/SparkFun_samd_samd21_mini_f240a9748bc085abc870b20538c18981/core.a(Uart.cpp.o)
                0x00000000000029be                Uart::extractCharSize(unsigned short)
 .text._ZN4Uart13extractParityEt
                0x00000000000029ea       0x18 /Users/helenawilliams/Library/Caches/arduino/sketches/44C3AAA99780E49373EAB6CB67F17FB8/../../cores/SparkFun_samd_samd21_mini_f240a9748bc085abc870b20538c18981/core.a(Uart.cpp.o)
                0x00000000000029ea                Uart::extractParity(unsigned short)
 *fill*         0x0000000000002a02        0x2 
 .text._ZN4Uart5beginEmt
                0x0000000000002a04       0xf4 /Users/helenawilliams/Library/Caches/arduino/sketches/44C3AAA99780E49373EAB6CB67F17FB8/../../cores/SparkFun_samd_samd21_mini_f240a9748bc085abc870b20538c18981/core.a(Uart.cpp.o)
                0x0000000000002a04                Uart::begin(unsigned long, unsigned short)
 .text._ZN11RingBufferNILi64EE9availableEv
                0x0000000000002af8        0xc /Users/helenawilliams/Library/Caches/arduino/sketches/44C3AAA99780E49373EAB6CB67F17FB8/../../cores/SparkFun_samd_samd21_mini_f240a9748bc085abc870b20538c18981/core.a(Uart.cpp.o)
                0x0000000000002af8                RingBufferN<64>::available()
 .text._ZN4Uart5flushEv
                0x0000000000002b04       0x18 /Users/helenawilliams/Library/Caches/arduino/sketches/44C3AAA99780E49373EAB6CB67F17FB8/../../cores/SparkFun_samd_samd21_mini_f240a9748bc085abc870b20538c18981/core.a(Uart.cpp.o)
                0x0000000000002b04                Uart::flush()
 .text._ZN4Uart9availableEv
                0x0000000000002b1c        0xa /Users/helenawilliams/Library/Caches/arduino/sketches/44C3AAA99780E49373EAB6CB67F17FB8/../../cores/SparkFun_samd_samd21_mini_f240a9748bc085abc870b20538c18981/core.a(Uart.cpp.o)
                0x0000000000002b1c                Uart::available()
 .text._ZN11RingBufferNILi64EE17availableForStoreEv
                0x0000000000002b26       0x1c /Users/helenawilliams/Library/Caches/arduino/sketches/44C3AAA99780E49373EAB6CB67F17FB8/../../cores/SparkFun_samd_samd21_mini_f240a9748bc085abc870b20538c18981/core.a(Uart.cpp.o)
                0x0000000000002b26                RingBufferN<64>::availableForStore()
 .text._ZN4Uart17availableForWriteEv
                0x0000000000002b42        0xa /Users/helenawilliams/Library/Caches/arduino/sketches/44C3AAA99780E49373EAB6CB67F17FB8/../../cores/SparkFun_samd_samd21_mini_f240a9748bc085abc870b20538c18981/core.a(Uart.cpp.o)
                0x0000000000002b42                Uart::availableForWrite()
 .text._ZN4Uart10IrqHandlerEv
                0x0000000000002b4c       0xb2 /Users/helenawilliams/Library/Caches/arduino/sketches/44C3AAA99780E49373EAB6CB67F17FB8/../../cores/SparkFun_samd_samd21_mini_f240a9748bc085abc870b20538c18981/core.a(Uart.cpp.o)
                0x0000000000002b4c                Uart::IrqHandler()
 *fill*         0x0000000000002bfe        0x2 
 .text._ZN4Uart5writeEh
                0x0000000000002c00       0xb8 /Users/helenawilliams/Library/Caches/arduino/sketches/44C3AAA99780E49373EAB6CB67F17FB8/../../cores/SparkFun_samd_samd21_mini_f240a9748bc085abc870b20538c18981/core.a(Uart.cpp.o)
                0x0000000000002c00                Uart::write(unsigned char)
 .text._ZN4Uart4readEv
                0x0000000000002cb8       0x48 /Users/helenawilliams/Library/Caches/arduino/sketches/44C3AAA99780E49373EAB6CB67F17FB8/../../cores/SparkFun_samd_samd21_mini_f240a9748bc085abc870b20538c18981/core.a(Uart.cpp.o)
                0x0000000000002cb8                Uart::read()
 .text.Dummy_Handler
                0x0000000000002d00        0x2 /Users/helenawilliams/Library/Caches/arduino/sketches/44C3AAA99780E49373EAB6CB67F17FB8/../../cores/SparkFun_samd_samd21_mini_f240a9748bc085abc870b20538c18981/core.a(cortex_handlers.c.o)
                0x0000000000002d00                SYSCTRL_Handler
                0x0000000000002d00                HardFault_Handler
                0x0000000000002d00                AC_Handler
                0x0000000000002d00                PendSV_Handler
                0x0000000000002d00                NMI_Handler
                0x0000000000002d00                TC7_Handler
                0x0000000000002d00                SERCOM1_Handler
                0x0000000000002d00                ADC_Handler
                0x0000000000002d00                TCC1_Handler
                0x0000000000002d00                SERCOM2_Handler
                0x0000000000002d00                TCC0_Handler
                0x0000000000002d00                RTC_Handler
                0x0000000000002d00                EIC_Handler
                0x0000000000002d00                TC6_Handler
                0x0000000000002d00                WDT_Handler
                0x0000000000002d00                TC4_Handler
                0x0000000000002d00                TC3_Handler
                0x0000000000002d00                Dummy_Handler
                0x0000000000002d00                PM_Handler
                0x0000000000002d00                SVC_Handler
                0x0000000000002d00                TCC2_Handler
                0x0000000000002d00                EVSYS_Handler
                0x0000000000002d00                SERCOM3_Handler
                0x0000000000002d00                SERCOM4_Handler
                0x0000000000002d00                I2S_Handler
                0x0000000000002d00                NVMCTRL_Handler
                0x0000000000002d00                DAC_Handler
                0x0000000000002d00                PTC_Handler
                0x0000000000002d00                DMAC_Handler
 *fill*         0x0000000000002d02        0x2 
 .text.USB_Handler
                0x0000000000002d04       0x14 /Users/helenawilliams/Library/Caches/arduino/sketches/44C3AAA99780E49373EAB6CB67F17FB8/../../cores/SparkFun_samd_samd21_mini_f240a9748bc085abc870b20538c18981/core.a(cortex_handlers.c.o)
                0x0000000000002d04                USB_Handler
 .text.Reset_Handler
                0x0000000000002d18       0x54 /Users/helenawilliams/Library/Caches/arduino/sketches/44C3AAA99780E49373EAB6CB67F17FB8/../../cores/SparkFun_samd_samd21_mini_f240a9748bc085abc870b20538c18981/core.a(cortex_handlers.c.o)
                0x0000000000002d18                Reset_Handler
 .text.SysTick_Handler
                0x0000000000002d6c       0x10 /Users/helenawilliams/Library/Caches/arduino/sketches/44C3AAA99780E49373EAB6CB67F17FB8/../../cores/SparkFun_samd_samd21_mini_f240a9748bc085abc870b20538c18981/core.a(cortex_handlers.c.o)
                0x0000000000002d6c                SysTick_Handler
 .text.USB_SetHandler
                0x0000000000002d7c        0xc /Users/helenawilliams/Library/Caches/arduino/sketches/44C3AAA99780E49373EAB6CB67F17FB8/../../cores/SparkFun_samd_samd21_mini_f240a9748bc085abc870b20538c18981/core.a(cortex_handlers.c.o)
                0x0000000000002d7c                USB_SetHandler
 .text.delay    0x0000000000002d88       0x20 /Users/helenawilliams/Library/Caches/arduino/sketches/44C3AAA99780E49373EAB6CB67F17FB8/../../cores/SparkFun_samd_samd21_mini_f240a9748bc085abc870b20538c18981/core.a(delay.c.o)
                0x0000000000002d88                delay
 .text.SysTick_DefaultHandler
                0x0000000000002da8       0x14 /Users/helenawilliams/Library/Caches/arduino/sketches/44C3AAA99780E49373EAB6CB67F17FB8/../../cores/SparkFun_samd_samd21_mini_f240a9748bc085abc870b20538c18981/core.a(delay.c.o)
                0x0000000000002da8                SysTick_DefaultHandler
 .text.__empty  0x0000000000002dbc        0x2 /Users/helenawilliams/Library/Caches/arduino/sketches/44C3AAA99780E49373EAB6CB67F17FB8/../../cores/SparkFun_samd_samd21_mini_f240a9748bc085abc870b20538c18981/core.a(hooks.c.o)
                0x0000000000002dbc                yield
 .text.__false  0x0000000000002dbe        0x4 /Users/helenawilliams/Library/Caches/arduino/sketches/44C3AAA99780E49373EAB6CB67F17FB8/../../cores/SparkFun_samd_samd21_mini_f240a9748bc085abc870b20538c18981/core.a(hooks.c.o)
                0x0000000000002dbe                sysTickHook
 .text._Z11initVariantv
                0x0000000000002dc2        0x2 /Users/helenawilliams/Library/Caches/arduino/sketches/44C3AAA99780E49373EAB6CB67F17FB8/../../cores/SparkFun_samd_samd21_mini_f240a9748bc085abc870b20538c18981/core.a(main.cpp.o)
                0x0000000000002dc2                initVariant()
 .text.startup.main
                0x0000000000002dc4       0x40 /Users/helenawilliams/Library/Caches/arduino/sketches/44C3AAA99780E49373EAB6CB67F17FB8/../../cores/SparkFun_samd_samd21_mini_f240a9748bc085abc870b20538c18981/core.a(main.cpp.o)
                0x0000000000002dc4                main
 .text.SystemInit
                0x0000000000002e04      0x168 /Users/helenawilliams/Library/Caches/arduino/sketches/44C3AAA99780E49373EAB6CB67F17FB8/../../cores/SparkFun_samd_samd21_mini_f240a9748bc085abc870b20538c18981/core.a(startup.c.o)
                0x0000000000002e04                SystemInit
 .text.init     0x0000000000002f6c       0xe4 /Users/helenawilliams/Library/Caches/arduino/sketches/44C3AAA99780E49373EAB6CB67F17FB8/../../cores/SparkFun_samd_samd21_mini_f240a9748bc085abc870b20538c18981/core.a(wiring.c.o)
                0x0000000000002f6c                init
 .text.mapResolution
                0x0000000000003050       0x12 /Users/helenawilliams/Library/Caches/arduino/sketches/44C3AAA99780E49373EAB6CB67F17FB8/../../cores/SparkFun_samd_samd21_mini_f240a9748bc085abc870b20538c18981/core.a(wiring_analog.c.o)
 *fill*         0x0000000000003062        0x2 
 .text.analogReference
                0x0000000000003064       0x5c /Users/helenawilliams/Library/Caches/arduino/sketches/44C3AAA99780E49373EAB6CB67F17FB8/../../cores/SparkFun_samd_samd21_mini_f240a9748bc085abc870b20538c18981/core.a(wiring_analog.c.o)
                0x0000000000003064                analogReference
 .text.analogRead
                0x00000000000030c0       0xd4 /Users/helenawilliams/Library/Caches/arduino/sketches/44C3AAA99780E49373EAB6CB67F17FB8/../../cores/SparkFun_samd_samd21_mini_f240a9748bc085abc870b20538c18981/core.a(wiring_analog.c.o)
                0x00000000000030c0                analogRead
 .text.pinMode  0x0000000000003194       0xb4 /Users/helenawilliams/Library/Caches/arduino/sketches/44C3AAA99780E49373EAB6CB67F17FB8/../../cores/SparkFun_samd_samd21_mini_f240a9748bc085abc870b20538c18981/core.a(wiring_digital.c.o)
                0x0000000000003194                pinMode
 .text.digitalWrite
                0x0000000000003248       0x60 /Users/helenawilliams/Library/Caches/arduino/sketches/44C3AAA99780E49373EAB6CB67F17FB8/../../cores/SparkFun_samd_samd21_mini_f240a9748bc085abc870b20538c18981/core.a(wiring_digital.c.o)
                0x0000000000003248                digitalWrite
 .text.pinPeripheral
                0x00000000000032a8       0xc4 /Users/helenawilliams/Library/Caches/arduino/sketches/44C3AAA99780E49373EAB6CB67F17FB8/../../cores/SparkFun_samd_samd21_mini_f240a9748bc085abc870b20538c18981/core.a(wiring_private.c.o)
                0x00000000000032a8                pinPeripheral
 .text.initiateReset
                0x000000000000336c        0xc /Users/helenawilliams/Library/Caches/arduino/sketches/44C3AAA99780E49373EAB6CB67F17FB8/../../cores/SparkFun_samd_samd21_mini_f240a9748bc085abc870b20538c18981/core.a(Reset.cpp.o)
                0x000000000000336c                initiateReset
 .text.cancelReset
                0x0000000000003378       0x10 /Users/helenawilliams/Library/Caches/arduino/sketches/44C3AAA99780E49373EAB6CB67F17FB8/../../cores/SparkFun_samd_samd21_mini_f240a9748bc085abc870b20538c18981/core.a(Reset.cpp.o)
                0x0000000000003378                cancelReset
 .text.tickReset
                0x0000000000003388       0x60 /Users/helenawilliams/Library/Caches/arduino/sketches/44C3AAA99780E49373EAB6CB67F17FB8/../../cores/SparkFun_samd_samd21_mini_f240a9748bc085abc870b20538c18981/core.a(Reset.cpp.o)
                0x0000000000003388                tickReset
 .text._ZL5utox8mPc
                0x00000000000033e8       0x1c /Users/helenawilliams/Library/Caches/arduino/sketches/44C3AAA99780E49373EAB6CB67F17FB8/../../cores/SparkFun_samd_samd21_mini_f240a9748bc085abc870b20538c18981/core.a(USBCore.cpp.o)
 .text._ZN14USBDeviceClass6initEPEmm.part.4
                0x0000000000003404       0xc8 /Users/helenawilliams/Library/Caches/arduino/sketches/44C3AAA99780E49373EAB6CB67F17FB8/../../cores/SparkFun_samd_samd21_mini_f240a9748bc085abc870b20538c18981/core.a(USBCore.cpp.o)
 .text._ZN20USBDevice_SAMD21G18x5resetEv
                0x00000000000034cc       0x28 /Users/helenawilliams/Library/Caches/arduino/sketches/44C3AAA99780E49373EAB6CB67F17FB8/../../cores/SparkFun_samd_samd21_mini_f240a9748bc085abc870b20538c18981/core.a(USBCore.cpp.o)
                0x00000000000034cc                USBDevice_SAMD21G18x::reset()
 .text._ZN20USBDevice_SAMD21G18x9calibrateEv
                0x00000000000034f4       0x5c /Users/helenawilliams/Library/Caches/arduino/sketches/44C3AAA99780E49373EAB6CB67F17FB8/../../cores/SparkFun_samd_samd21_mini_f240a9748bc085abc870b20538c18981/core.a(USBCore.cpp.o)
                0x00000000000034f4                USBDevice_SAMD21G18x::calibrate()
 .text._ZN7__GuardC2Ev
                0x0000000000003550        0xe /Users/helenawilliams/Library/Caches/arduino/sketches/44C3AAA99780E49373EAB6CB67F17FB8/../../cores/SparkFun_samd_samd21_mini_f240a9748bc085abc870b20538c18981/core.a(USBCore.cpp.o)
                0x0000000000003550                __Guard::__Guard()
                0x0000000000003550                __Guard::__Guard()
 .text._ZN7__GuardD2Ev
                0x000000000000355e        0xe /Users/helenawilliams/Library/Caches/arduino/sketches/44C3AAA99780E49373EAB6CB67F17FB8/../../cores/SparkFun_samd_samd21_mini_f240a9748bc085abc870b20538c18981/core.a(USBCore.cpp.o)
                0x000000000000355e                __Guard::~__Guard()
                0x000000000000355e                __Guard::~__Guard()
 .text._ZNK26DoubleBufferedEPOutHandler9availableEv
                0x000000000000356c       0x5e /Users/helenawilliams/Library/Caches/arduino/sketches/44C3AAA99780E49373EAB6CB67F17FB8/../../cores/SparkFun_samd_samd21_mini_f240a9748bc085abc870b20538c18981/core.a(USBCore.cpp.o)
                0x000000000000356c                DoubleBufferedEPOutHandler::available() const
 *fill*         0x00000000000035ca        0x2 
 .text._ZN26DoubleBufferedEPOutHandler7releaseEv
                0x00000000000035cc       0x58 /Users/helenawilliams/Library/Caches/arduino/sketches/44C3AAA99780E49373EAB6CB67F17FB8/../../cores/SparkFun_samd_samd21_mini_f240a9748bc085abc870b20538c18981/core.a(USBCore.cpp.o)
                0x00000000000035cc                DoubleBufferedEPOutHandler::release()
 .text._ZN26DoubleBufferedEPOutHandler4recvEPvm
                0x0000000000003624      0x11c /Users/helenawilliams/Library/Caches/arduino/sketches/44C3AAA99780E49373EAB6CB67F17FB8/../../cores/SparkFun_samd_samd21_mini_f240a9748bc085abc870b20538c18981/core.a(USBCore.cpp.o)
                0x0000000000003624                DoubleBufferedEPOutHandler::recv(void*, unsigned long)
 .text._ZN26DoubleBufferedEPOutHandler14handleEndpointEv
                0x0000000000003740       0xc8 /Users/helenawilliams/Library/Caches/arduino/sketches/44C3AAA99780E49373EAB6CB67F17FB8/../../cores/SparkFun_samd_samd21_mini_f240a9748bc085abc870b20538c18981/core.a(USBCore.cpp.o)
                0x0000000000003740                DoubleBufferedEPOutHandler::handleEndpoint()
 .text._ZN14USBDeviceClass14SendInterfacesEPm
                0x0000000000003808       0x2c /Users/helenawilliams/Library/Caches/arduino/sketches/44C3AAA99780E49373EAB6CB67F17FB8/../../cores/SparkFun_samd_samd21_mini_f240a9748bc085abc870b20538c18981/core.a(USBCore.cpp.o)
                0x0000000000003808                USBDeviceClass::SendInterfaces(unsigned long*)
 .text._ZN14USBDeviceClass14handleEndpointEh
                0x0000000000003834       0x40 /Users/helenawilliams/Library/Caches/arduino/sketches/44C3AAA99780E49373EAB6CB67F17FB8/../../cores/SparkFun_samd_samd21_mini_f240a9748bc085abc870b20538c18981/core.a(USBCore.cpp.o)
                0x0000000000003834                USBDeviceClass::handleEndpoint(unsigned char)
 .text._ZN14USBDeviceClass4initEv
                0x0000000000003874       0xf0 /Users/helenawilliams/Library/Caches/arduino/sketches/44C3AAA99780E49373EAB6CB67F17FB8/../../cores/SparkFun_samd_samd21_mini_f240a9748bc085abc870b20538c18981/core.a(USBCore.cpp.o)
                0x0000000000003874                USBDeviceClass::init()
 .text._ZN14USBDeviceClass6attachEv
                0x0000000000003964       0x34 /Users/helenawilliams/Library/Caches/arduino/sketches/44C3AAA99780E49373EAB6CB67F17FB8/../../cores/SparkFun_samd_samd21_mini_f240a9748bc085abc870b20538c18981/core.a(USBCore.cpp.o)
                0x0000000000003964                USBDeviceClass::attach()
 .text._ZN14USBDeviceClass10setAddressEm
                0x0000000000003998       0x48 /Users/helenawilliams/Library/Caches/arduino/sketches/44C3AAA99780E49373EAB6CB67F17FB8/../../cores/SparkFun_samd_samd21_mini_f240a9748bc085abc870b20538c18981/core.a(USBCore.cpp.o)
                0x0000000000003998                USBDeviceClass::setAddress(unsigned long)
 .text._ZN14USBDeviceClass25handleClassInterfaceSetupER8USBSetup
                0x00000000000039e0       0x40 /Users/helenawilliams/Library/Caches/arduino/sketches/44C3AAA99780E49373EAB6CB67F17FB8/../../cores/SparkFun_samd_samd21_mini_f240a9748bc085abc870b20538c18981/core.a(USBCore.cpp.o)
                0x00000000000039e0                USBDeviceClass::handleClassInterfaceSetup(USBSetup&)
 .text._ZN14USBDeviceClass6initEPEmm
                0x0000000000003a20       0xf4 /Users/helenawilliams/Library/Caches/arduino/sketches/44C3AAA99780E49373EAB6CB67F17FB8/../../cores/SparkFun_samd_samd21_mini_f240a9748bc085abc870b20538c18981/core.a(USBCore.cpp.o)
                0x0000000000003a20                USBDeviceClass::initEP(unsigned long, unsigned long)
 .text._ZN14USBDeviceClass13initEndpointsEv
                0x0000000000003b14       0x24 /Users/helenawilliams/Library/Caches/arduino/sketches/44C3AAA99780E49373EAB6CB67F17FB8/../../cores/SparkFun_samd_samd21_mini_f240a9748bc085abc870b20538c18981/core.a(USBCore.cpp.o)
                0x0000000000003b14                USBDeviceClass::initEndpoints()
 .text._ZN14USBDeviceClass9availableEm
                0x0000000000003b38       0x2c /Users/helenawilliams/Library/Caches/arduino/sketches/44C3AAA99780E49373EAB6CB67F17FB8/../../cores/SparkFun_samd_samd21_mini_f240a9748bc085abc870b20538c18981/core.a(USBCore.cpp.o)
                0x0000000000003b38                USBDeviceClass::available(unsigned long)
 .text._ZN14USBDeviceClass5flushEm
                0x0000000000003b64       0x2c /Users/helenawilliams/Library/Caches/arduino/sketches/44C3AAA99780E49373EAB6CB67F17FB8/../../cores/SparkFun_samd_samd21_mini_f240a9748bc085abc870b20538c18981/core.a(USBCore.cpp.o)
                0x0000000000003b64                USBDeviceClass::flush(unsigned long)
 .text._ZN14USBDeviceClass14armRecvCtrlOUTEm
                0x0000000000003b90       0x60 /Users/helenawilliams/Library/Caches/arduino/sketches/44C3AAA99780E49373EAB6CB67F17FB8/../../cores/SparkFun_samd_samd21_mini_f240a9748bc085abc870b20538c18981/core.a(USBCore.cpp.o)
                0x0000000000003b90                USBDeviceClass::armRecvCtrlOUT(unsigned long)
 .text._ZN14USBDeviceClass11recvControlEPvm
                0x0000000000003bf0       0x3c /Users/helenawilliams/Library/Caches/arduino/sketches/44C3AAA99780E49373EAB6CB67F17FB8/../../cores/SparkFun_samd_samd21_mini_f240a9748bc085abc870b20538c18981/core.a(USBCore.cpp.o)
                0x0000000000003bf0                USBDeviceClass::recvControl(void*, unsigned long)
 .text._ZN14USBDeviceClass7armRecvEm
                0x0000000000003c2c       0x3c /Users/helenawilliams/Library/Caches/arduino/sketches/44C3AAA99780E49373EAB6CB67F17FB8/../../cores/SparkFun_samd_samd21_mini_f240a9748bc085abc870b20538c18981/core.a(USBCore.cpp.o)
                0x0000000000003c2c                USBDeviceClass::armRecv(unsigned long)
 .text._ZN14USBDeviceClass4recvEmPvm
                0x0000000000003c68       0xd8 /Users/helenawilliams/Library/Caches/arduino/sketches/44C3AAA99780E49373EAB6CB67F17FB8/../../cores/SparkFun_samd_samd21_mini_f240a9748bc085abc870b20538c18981/core.a(USBCore.cpp.o)
                0x0000000000003c68                USBDeviceClass::recv(unsigned long, void*, unsigned long)
 .text._ZN14USBDeviceClass4recvEm
                0x0000000000003d40       0x1c /Users/helenawilliams/Library/Caches/arduino/sketches/44C3AAA99780E49373EAB6CB67F17FB8/../../cores/SparkFun_samd_samd21_mini_f240a9748bc085abc870b20538c18981/core.a(USBCore.cpp.o)
                0x0000000000003d40                USBDeviceClass::recv(unsigned long)
 .text._ZN14USBDeviceClass4sendEmPKvm
                0x0000000000003d5c      0x124 /Users/helenawilliams/Library/Caches/arduino/sketches/44C3AAA99780E49373EAB6CB67F17FB8/../../cores/SparkFun_samd_samd21_mini_f240a9748bc085abc870b20538c18981/core.a(USBCore.cpp.o)
                0x0000000000003d5c                USBDeviceClass::send(unsigned long, void const*, unsigned long)
 .text._ZN14USBDeviceClass7armSendEmPKvm
                0x0000000000003e80       0x48 /Users/helenawilliams/Library/Caches/arduino/sketches/44C3AAA99780E49373EAB6CB67F17FB8/../../cores/SparkFun_samd_samd21_mini_f240a9748bc085abc870b20538c18981/core.a(USBCore.cpp.o)
                0x0000000000003e80                USBDeviceClass::armSend(unsigned long, void const*, unsigned long)
 .text._ZN14USBDeviceClass11sendControlEPKvm
                0x0000000000003ec8       0x58 /Users/helenawilliams/Library/Caches/arduino/sketches/44C3AAA99780E49373EAB6CB67F17FB8/../../cores/SparkFun_samd_samd21_mini_f240a9748bc085abc870b20538c18981/core.a(USBCore.cpp.o)
                0x0000000000003ec8                USBDeviceClass::sendControl(void const*, unsigned long)
 .text._ZN14USBDeviceClass20sendStringDescriptorEPKhh
                0x0000000000003f20       0x68 /Users/helenawilliams/Library/Caches/arduino/sketches/44C3AAA99780E49373EAB6CB67F17FB8/../../cores/SparkFun_samd_samd21_mini_f240a9748bc085abc870b20538c18981/core.a(USBCore.cpp.o)
                0x0000000000003f20                USBDeviceClass::sendStringDescriptor(unsigned char const*, unsigned char)
 .text._ZN14USBDeviceClass12packMessagesEb.part.6
                0x0000000000003f88       0x20 /Users/helenawilliams/Library/Caches/arduino/sketches/44C3AAA99780E49373EAB6CB67F17FB8/../../cores/SparkFun_samd_samd21_mini_f240a9748bc085abc870b20538c18981/core.a(USBCore.cpp.o)
 .text._ZN14USBDeviceClass17sendConfigurationEm
                0x0000000000003fa8       0x90 /Users/helenawilliams/Library/Caches/arduino/sketches/44C3AAA99780E49373EAB6CB67F17FB8/../../cores/SparkFun_samd_samd21_mini_f240a9748bc085abc870b20538c18981/core.a(USBCore.cpp.o)
                0x0000000000003fa8                USBDeviceClass::sendConfiguration(unsigned long)
 .text._ZN14USBDeviceClass14sendDescriptorER8USBSetup
                0x0000000000004038       0xec /Users/helenawilliams/Library/Caches/arduino/sketches/44C3AAA99780E49373EAB6CB67F17FB8/../../cores/SparkFun_samd_samd21_mini_f240a9748bc085abc870b20538c18981/core.a(USBCore.cpp.o)
                0x0000000000004038                USBDeviceClass::sendDescriptor(USBSetup&)
 .text._ZN14USBDeviceClass19handleStandardSetupER8USBSetup
                0x0000000000004124      0x118 /Users/helenawilliams/Library/Caches/arduino/sketches/44C3AAA99780E49373EAB6CB67F17FB8/../../cores/SparkFun_samd_samd21_mini_f240a9748bc085abc870b20538c18981/core.a(USBCore.cpp.o)
                0x0000000000004124                USBDeviceClass::handleStandardSetup(USBSetup&)
 .text._ZN14USBDeviceClass10ISRHandlerEv
                0x000000000000423c      0x150 /Users/helenawilliams/Library/Caches/arduino/sketches/44C3AAA99780E49373EAB6CB67F17FB8/../../cores/SparkFun_samd_samd21_mini_f240a9748bc085abc870b20538c18981/core.a(USBCore.cpp.o)
                0x000000000000423c                USBDeviceClass::ISRHandler()
 .text.UDD_Handler
                0x000000000000438c       0x10 /Users/helenawilliams/Library/Caches/arduino/sketches/44C3AAA99780E49373EAB6CB67F17FB8/../../cores/SparkFun_samd_samd21_mini_f240a9748bc085abc870b20538c18981/core.a(USBCore.cpp.o)
                0x000000000000438c                UDD_Handler
 .text.startup._GLOBAL__sub_I__ZN20USBDevice_SAMD21G18x5resetEv
                0x000000000000439c       0x10 /Users/helenawilliams/Library/Caches/arduino/sketches/44C3AAA99780E49373EAB6CB67F17FB8/../../cores/SparkFun_samd_samd21_mini_f240a9748bc085abc870b20538c18981/core.a(USBCore.cpp.o)
 .text._Znwj    0x00000000000043ac        0x8 /Users/helenawilliams/Library/Caches/arduino/sketches/44C3AAA99780E49373EAB6CB67F17FB8/../../cores/SparkFun_samd_samd21_mini_f240a9748bc085abc870b20538c18981/core.a(new.cpp.o)
                0x00000000000043ac                operator new(unsigned int)
 .text._ZN7Serial_17availableForWriteEv
                0x00000000000043b4        0x4 /Users/helenawilliams/Library/Caches/arduino/sketches/44C3AAA99780E49373EAB6CB67F17FB8/../../cores/SparkFun_samd_samd21_mini_f240a9748bc085abc870b20538c18981/core.a(CDC.cpp.o)
                0x00000000000043b4                Serial_::availableForWrite()
 .text._ZN7Serial_5writeEh
                0x00000000000043b8       0x14 /Users/helenawilliams/Library/Caches/arduino/sketches/44C3AAA99780E49373EAB6CB67F17FB8/../../cores/SparkFun_samd_samd21_mini_f240a9748bc085abc870b20538c18981/core.a(CDC.cpp.o)
                0x00000000000043b8                Serial_::write(unsigned char)
 .text._ZN7Serial_9availableEv
                0x00000000000043cc        0xc /Users/helenawilliams/Library/Caches/arduino/sketches/44C3AAA99780E49373EAB6CB67F17FB8/../../cores/SparkFun_samd_samd21_mini_f240a9748bc085abc870b20538c18981/core.a(CDC.cpp.o)
                0x00000000000043cc                Serial_::available()
 .text._ZN7Serial_5flushEv
                0x00000000000043d8        0xc /Users/helenawilliams/Library/Caches/arduino/sketches/44C3AAA99780E49373EAB6CB67F17FB8/../../cores/SparkFun_samd_samd21_mini_f240a9748bc085abc870b20538c18981/core.a(CDC.cpp.o)
                0x00000000000043d8                Serial_::flush()
 .text._ZN7Serial_5writeEPKhj
                0x00000000000043e4       0x1c /Users/helenawilliams/Library/Caches/arduino/sketches/44C3AAA99780E49373EAB6CB67F17FB8/../../cores/SparkFun_samd_samd21_mini_f240a9748bc085abc870b20538c18981/core.a(CDC.cpp.o)
                0x00000000000043e4                Serial_::write(unsigned char const*, unsigned int)
 .text._ZN7Serial_4peekEv
                0x0000000000004400       0x1c /Users/helenawilliams/Library/Caches/arduino/sketches/44C3AAA99780E49373EAB6CB67F17FB8/../../cores/SparkFun_samd_samd21_mini_f240a9748bc085abc870b20538c18981/core.a(CDC.cpp.o)
                0x0000000000004400                Serial_::peek()
 .text._ZN7Serial_4readEv
                0x000000000000441c       0x24 /Users/helenawilliams/Library/Caches/arduino/sketches/44C3AAA99780E49373EAB6CB67F17FB8/../../cores/SparkFun_samd_samd21_mini_f240a9748bc085abc870b20538c18981/core.a(CDC.cpp.o)
                0x000000000000441c                Serial_::read()
 .text._Z16CDC_GetInterfacePh
                0x0000000000004440       0x1c /Users/helenawilliams/Library/Caches/arduino/sketches/44C3AAA99780E49373EAB6CB67F17FB8/../../cores/SparkFun_samd_samd21_mini_f240a9748bc085abc870b20538c18981/core.a(CDC.cpp.o)
                0x0000000000004440                CDC_GetInterface(unsigned char*)
 .text._Z9CDC_SetupR8USBSetup
                0x000000000000445c       0x80 /Users/helenawilliams/Library/Caches/arduino/sketches/44C3AAA99780E49373EAB6CB67F17FB8/../../cores/SparkFun_samd_samd21_mini_f240a9748bc085abc870b20538c18981/core.a(CDC.cpp.o)
                0x000000000000445c                CDC_Setup(USBSetup&)
 .text.startup._GLOBAL__sub_I__Z17_CDC_GetInterfacev
                0x00000000000044dc       0x28 /Users/helenawilliams/Library/Caches/arduino/sketches/44C3AAA99780E49373EAB6CB67F17FB8/../../cores/SparkFun_samd_samd21_mini_f240a9748bc085abc870b20538c18981/core.a(CDC.cpp.o)
 .text._ZN13PluggableUSB_12getInterfaceEPh
                0x0000000000004504       0x2a /Users/helenawilliams/Library/Caches/arduino/sketches/44C3AAA99780E49373EAB6CB67F17FB8/../../cores/SparkFun_samd_samd21_mini_f240a9748bc085abc870b20538c18981/core.a(PluggableUSB.cpp.o)
                0x0000000000004504                PluggableUSB_::getInterface(unsigned char*)
 .text._ZN13PluggableUSB_13getDescriptorER8USBSetup
                0x000000000000452e       0x20 /Users/helenawilliams/Library/Caches/arduino/sketches/44C3AAA99780E49373EAB6CB67F17FB8/../../cores/SparkFun_samd_samd21_mini_f240a9748bc085abc870b20538c18981/core.a(PluggableUSB.cpp.o)
                0x000000000000452e                PluggableUSB_::getDescriptor(USBSetup&)
 .text._ZN13PluggableUSB_12getShortNameEPc
                0x000000000000454e       0x1e /Users/helenawilliams/Library/Caches/arduino/sketches/44C3AAA99780E49373EAB6CB67F17FB8/../../cores/SparkFun_samd_samd21_mini_f240a9748bc085abc870b20538c18981/core.a(PluggableUSB.cpp.o)
                0x000000000000454e                PluggableUSB_::getShortName(char*)
 .text._ZN13PluggableUSB_5setupER8USBSetup
                0x000000000000456c       0x24 /Users/helenawilliams/Library/Caches/arduino/sketches/44C3AAA99780E49373EAB6CB67F17FB8/../../cores/SparkFun_samd_samd21_mini_f240a9748bc085abc870b20538c18981/core.a(PluggableUSB.cpp.o)
                0x000000000000456c                PluggableUSB_::setup(USBSetup&)
 .text._Z12PluggableUSBv
                0x0000000000004590       0x24 /Users/helenawilliams/Library/Caches/arduino/sketches/44C3AAA99780E49373EAB6CB67F17FB8/../../cores/SparkFun_samd_samd21_mini_f240a9748bc085abc870b20538c18981/core.a(PluggableUSB.cpp.o)
                0x0000000000004590                PluggableUSB()
 .text          0x00000000000045b4       0x14 /Users/helenawilliams/Library/Arduino15/packages/arduino/tools/arm-none-eabi-gcc/4.8.3-2014q1/bin/../lib/gcc/arm-none-eabi/4.8.3/armv6-m/libgcc.a(_thumb1_case_uqi.o)
                0x00000000000045b4                __gnu_thumb1_case_uqi
 .text          0x00000000000045c8       0x9c /Users/helenawilliams/Library/Arduino15/packages/arduino/tools/arm-none-eabi-gcc/4.8.3-2014q1/bin/../lib/gcc/arm-none-eabi/4.8.3/armv6-m/libgcc.a(_udivsi3.o)
                0x00000000000045c8                __udivsi3
                0x00000000000045c8                __aeabi_uidiv
                0x0000000000004650                __aeabi_uidivmod
 .text          0x0000000000004664        0x4 /Users/helenawilliams/Library/Arduino15/packages/arduino/tools/arm-none-eabi-gcc/4.8.3-2014q1/bin/../lib/gcc/arm-none-eabi/4.8.3/armv6-m/libgcc.a(_dvmd_tls.o)
                0x0000000000004664                __aeabi_ldiv0
                0x0000000000004664                __aeabi_idiv0
 .text.__aeabi_atexit
                0x0000000000004668        0xe /Users/helenawilliams/Library/Arduino15/packages/arduino/tools/arm-none-eabi-gcc/4.8.3-2014q1/bin/../lib/gcc/arm-none-eabi/4.8.3/../../../../arm-none-eabi/lib/armv6-m/libc_s.a(lib_a-aeabi_atexit.o)
                0x0000000000004668                __aeabi_atexit
 *fill*         0x0000000000004676        0x2 
 .text.__cxa_atexit
                0x0000000000004678       0x20 /Users/helenawilliams/Library/Arduino15/packages/arduino/tools/arm-none-eabi-gcc/4.8.3-2014q1/bin/../lib/gcc/arm-none-eabi/4.8.3/../../../../arm-none-eabi/lib/armv6-m/libc_s.a(lib_a-cxa_atexit.o)
                0x0000000000004678                __cxa_atexit
 .text.__libc_init_array
                0x0000000000004698       0x4c /Users/helenawilliams/Library/Arduino15/packages/arduino/tools/arm-none-eabi-gcc/4.8.3-2014q1/bin/../lib/gcc/arm-none-eabi/4.8.3/../../../../arm-none-eabi/lib/armv6-m/libc_s.a(lib_a-init.o)
                0x0000000000004698                __libc_init_array
 .text.malloc   0x00000000000046e4       0x14 /Users/helenawilliams/Library/Arduino15/packages/arduino/tools/arm-none-eabi-gcc/4.8.3-2014q1/bin/../lib/gcc/arm-none-eabi/4.8.3/../../../../arm-none-eabi/lib/armv6-m/libc_s.a(lib_a-malloc.o)
                0x00000000000046e4                malloc
 .text.memcpy   0x00000000000046f8       0x12 /Users/helenawilliams/Library/Arduino15/packages/arduino/tools/arm-none-eabi-gcc/4.8.3-2014q1/bin/../lib/gcc/arm-none-eabi/4.8.3/../../../../arm-none-eabi/lib/armv6-m/libc_s.a(lib_a-memcpy-stub.o)
                0x00000000000046f8                memcpy
 .text.memset   0x000000000000470a       0x10 /Users/helenawilliams/Library/Arduino15/packages/arduino/tools/arm-none-eabi-gcc/4.8.3-2014q1/bin/../lib/gcc/arm-none-eabi/4.8.3/../../../../arm-none-eabi/lib/armv6-m/libc_s.a(lib_a-memset.o)
                0x000000000000470a                memset
 *fill*         0x000000000000471a        0x2 
 .text._malloc_r
                0x000000000000471c       0xa8 /Users/helenawilliams/Library/Arduino15/packages/arduino/tools/arm-none-eabi-gcc/4.8.3-2014q1/bin/../lib/gcc/arm-none-eabi/4.8.3/../../../../arm-none-eabi/lib/armv6-m/libc_s.a(lib_a-nano-mallocr.o)
                0x000000000000471c                _malloc_r
 .text._sbrk_r  0x00000000000047c4       0x24 /Users/helenawilliams/Library/Arduino15/packages/arduino/tools/arm-none-eabi-gcc/4.8.3-2014q1/bin/../lib/gcc/arm-none-eabi/4.8.3/../../../../arm-none-eabi/lib/armv6-m/libc_s.a(lib_a-sbrkr.o)
                0x00000000000047c4                _sbrk_r
 .text.strlen   0x00000000000047e8        0xe /Users/helenawilliams/Library/Arduino15/packages/arduino/tools/arm-none-eabi-gcc/4.8.3-2014q1/bin/../lib/gcc/arm-none-eabi/4.8.3/../../../../arm-none-eabi/lib/armv6-m/libc_s.a(lib_a-strlen.o)
                0x00000000000047e8                strlen
 *fill*         0x00000000000047f6        0x2 
 .text._sbrk    0x00000000000047f8       0x34 /Users/helenawilliams/Library/Arduino15/packages/arduino/tools/arm-none-eabi-gcc/4.8.3-2014q1/bin/../lib/gcc/arm-none-eabi/4.8.3/../../../../arm-none-eabi/lib/armv6-m/libnosys.a(sbrk.o)
                0x00000000000047f8                _sbrk
 *(.init)
 .init          0x000000000000482c        0x4 /Users/helenawilliams/Library/Arduino15/packages/arduino/tools/arm-none-eabi-gcc/4.8.3-2014q1/bin/../lib/gcc/arm-none-eabi/4.8.3/armv6-m/crti.o
                0x000000000000482c                _init
 .init          0x0000000000004830        0x8 /Users/helenawilliams/Library/Arduino15/packages/arduino/tools/arm-none-eabi-gcc/4.8.3-2014q1/bin/../lib/gcc/arm-none-eabi/4.8.3/armv6-m/crtn.o
 *(.fini)
 .fini          0x0000000000004838        0x4 /Users/helenawilliams/Library/Arduino15/packages/arduino/tools/arm-none-eabi-gcc/4.8.3-2014q1/bin/../lib/gcc/arm-none-eabi/4.8.3/armv6-m/crti.o
                0x0000000000004838                _fini
 .fini          0x000000000000483c        0x8 /Users/helenawilliams/Library/Arduino15/packages/arduino/tools/arm-none-eabi-gcc/4.8.3-2014q1/bin/../lib/gcc/arm-none-eabi/4.8.3/armv6-m/crtn.o
 *crtbegin.o(.ctors)
 *crtbegin?.o(.ctors)
 *(EXCLUDE_FILE(*crtend.o *crtend?.o) .ctors)
 *(SORT(.ctors.*))
 *(.ctors)
 *crtbegin.o(.dtors)
 *crtbegin?.o(.dtors)
 *(EXCLUDE_FILE(*crtend.o *crtend?.o) .dtors)
 *(SORT(.dtors.*))
 *(.dtors)
 *(.rodata*)
 .rodata.str1.1
                0x0000000000004844       0x21 /Users/helenawilliams/Library/Caches/arduino/sketches/44C3AAA99780E49373EAB6CB67F17FB8/sketch/rtt-test.ino.cpp.o
 *fill*         0x0000000000004865        0x3 
 .rodata._ZTV9RTTStream
                0x0000000000004868       0x28 /Users/helenawilliams/Library/Caches/arduino/sketches/44C3AAA99780E49373EAB6CB67F17FB8/libraries/RTT_Stream/RTTStream.cpp.o
                0x0000000000004868                vtable for RTTStream
 .rodata._aInitStr.4999
                0x0000000000004890       0x11 /Users/helenawilliams/Library/Caches/arduino/sketches/44C3AAA99780E49373EAB6CB67F17FB8/libraries/RTT_Stream/SEGGER_RTT.c.o
 .rodata.str1.1
                0x00000000000048a1        0x9 /Users/helenawilliams/Library/Caches/arduino/sketches/44C3AAA99780E49373EAB6CB67F17FB8/libraries/RTT_Stream/SEGGER_RTT.c.o
 *fill*         0x00000000000048aa        0x2 
 .rodata.g_APinDescription
                0x00000000000048ac      0x420 /Users/helenawilliams/Library/Caches/arduino/sketches/44C3AAA99780E49373EAB6CB67F17FB8/core/variant.cpp.o
                0x00000000000048ac                g_APinDescription
 .rodata.str1.1
                0x0000000000004ccc        0xf /Users/helenawilliams/Library/Caches/arduino/sketches/44C3AAA99780E49373EAB6CB67F17FB8/../../cores/SparkFun_samd_samd21_mini_f240a9748bc085abc870b20538c18981/core.a(Print.cpp.o)
 *fill*         0x0000000000004cdb        0x5 
 .rodata._ZTV4Uart
                0x0000000000004ce0       0x38 /Users/helenawilliams/Library/Caches/arduino/sketches/44C3AAA99780E49373EAB6CB67F17FB8/../../cores/SparkFun_samd_samd21_mini_f240a9748bc085abc870b20538c18981/core.a(Uart.cpp.o)
                0x0000000000004ce0                vtable for Uart
 .rodata._ZTV26DoubleBufferedEPOutHandler
                0x0000000000004d18       0x18 /Users/helenawilliams/Library/Caches/arduino/sketches/44C3AAA99780E49373EAB6CB67F17FB8/../../cores/SparkFun_samd_samd21_mini_f240a9748bc085abc870b20538c18981/core.a(USBCore.cpp.o)
                0x0000000000004d18                vtable for DoubleBufferedEPOutHandler
 .rodata._ZL19STRING_MANUFACTURER
                0x0000000000004d30        0x9 /Users/helenawilliams/Library/Caches/arduino/sketches/44C3AAA99780E49373EAB6CB67F17FB8/../../cores/SparkFun_samd_samd21_mini_f240a9748bc085abc870b20538c18981/core.a(USBCore.cpp.o)
 *fill*         0x0000000000004d39        0x1 
 .rodata._ZL15STRING_LANGUAGE
                0x0000000000004d3a        0x4 /Users/helenawilliams/Library/Caches/arduino/sketches/44C3AAA99780E49373EAB6CB67F17FB8/../../cores/SparkFun_samd_samd21_mini_f240a9748bc085abc870b20538c18981/core.a(USBCore.cpp.o)
 .rodata._ZL21USB_DeviceDescriptorB
                0x0000000000004d3e       0x12 /Users/helenawilliams/Library/Caches/arduino/sketches/44C3AAA99780E49373EAB6CB67F17FB8/../../cores/SparkFun_samd_samd21_mini_f240a9748bc085abc870b20538c18981/core.a(USBCore.cpp.o)
 .rodata._ZL14STRING_PRODUCT
                0x0000000000004d50        0xb /Users/helenawilliams/Library/Caches/arduino/sketches/44C3AAA99780E49373EAB6CB67F17FB8/../../cores/SparkFun_samd_samd21_mini_f240a9748bc085abc870b20538c18981/core.a(USBCore.cpp.o)
 *fill*         0x0000000000004d5b        0x5 
 .rodata._ZTV7Serial_
                0x0000000000004d60       0x28 /Users/helenawilliams/Library/Caches/arduino/sketches/44C3AAA99780E49373EAB6CB67F17FB8/../../cores/SparkFun_samd_samd21_mini_f240a9748bc085abc870b20538c18981/core.a(CDC.cpp.o)
                0x0000000000004d60                vtable for Serial_
 .rodata.str1.1
                0x0000000000004d88        0x2 /Users/helenawilliams/Library/Arduino15/packages/arduino/tools/arm-none-eabi-gcc/4.8.3-2014q1/bin/../lib/gcc/arm-none-eabi/4.8.3/../../../../arm-none-eabi/lib/armv6-m/libc_s.a(lib_a-impure.o)
 *(.eh_frame*)
 *fill*         0x0000000000004d8a        0x2 
 .eh_frame      0x0000000000004d8c        0x0 /Users/helenawilliams/Library/Arduino15/packages/arduino/tools/arm-none-eabi-gcc/4.8.3-2014q1/bin/../lib/gcc/arm-none-eabi/4.8.3/armv6-m/crtbegin.o
 .eh_frame      0x0000000000004d8c        0x4 /Users/helenawilliams/Library/Arduino15/packages/arduino/tools/arm-none-eabi-gcc/4.8.3-2014q1/bin/../lib/gcc/arm-none-eabi/4.8.3/armv6-m/crtend.o

.glue_7         0x0000000000004d90        0x0
 .glue_7        0x0000000000000000        0x0 linker stubs

.glue_7t        0x0000000000004d90        0x0
 .glue_7t       0x0000000000000000        0x0 linker stubs

.vfp11_veneer   0x0000000000004d90        0x0
 .vfp11_veneer  0x0000000000000000        0x0 linker stubs

.v4_bx          0x0000000000004d90        0x0
 .v4_bx         0x0000000000000000        0x0 linker stubs

.iplt           0x0000000000004d90        0x0
 .iplt          0x0000000000000000        0x0 /Users/helenawilliams/Library/Arduino15/packages/arduino/tools/arm-none-eabi-gcc/4.8.3-2014q1/bin/../lib/gcc/arm-none-eabi/4.8.3/armv6-m/crtbegin.o

.rel.dyn        0x0000000000004d90        0x0
 .rel.iplt      0x0000000000000000        0x0 /Users/helenawilliams/Library/Arduino15/packages/arduino/tools/arm-none-eabi-gcc/4.8.3-2014q1/bin/../lib/gcc/arm-none-eabi/4.8.3/armv6-m/crtbegin.o

.ARM.extab
 *(.ARM.extab* .gnu.linkonce.armextab.*)
                0x0000000000004d90                __exidx_start = .

.ARM.exidx
 *(.ARM.exidx* .gnu.linkonce.armexidx.*)
                0x0000000000004d90                __exidx_end = .
                0x0000000000004d90                __etext = .

.data           0x0000000020000000      0x110 load address 0x0000000000004d90
                0x0000000020000000                __data_start__ = .
 *(vtable)
 *(.data*)
 .data          0x0000000020000000        0x4 /Users/helenawilliams/Library/Arduino15/packages/arduino/tools/arm-none-eabi-gcc/4.8.3-2014q1/bin/../lib/gcc/arm-none-eabi/4.8.3/armv6-m/crtbegin.o
                0x0000000020000000                __dso_handle
 .data.SystemCoreClock
                0x0000000020000004        0x4 /Users/helenawilliams/Library/Caches/arduino/sketches/44C3AAA99780E49373EAB6CB67F17FB8/../../cores/SparkFun_samd_samd21_mini_f240a9748bc085abc870b20538c18981/core.a(wiring.c.o)
                0x0000000020000004                SystemCoreClock
 .data._ADCResolution
                0x0000000020000008        0x4 /Users/helenawilliams/Library/Caches/arduino/sketches/44C3AAA99780E49373EAB6CB67F17FB8/../../cores/SparkFun_samd_samd21_mini_f240a9748bc085abc870b20538c18981/core.a(wiring_analog.c.o)
 .data._readResolution
                0x000000002000000c        0x4 /Users/helenawilliams/Library/Caches/arduino/sketches/44C3AAA99780E49373EAB6CB67F17FB8/../../cores/SparkFun_samd_samd21_mini_f240a9748bc085abc870b20538c18981/core.a(wiring_analog.c.o)
 .data._ZL5ticks
                0x0000000020000010        0x4 /Users/helenawilliams/Library/Caches/arduino/sketches/44C3AAA99780E49373EAB6CB67F17FB8/../../cores/SparkFun_samd_samd21_mini_f240a9748bc085abc870b20538c18981/core.a(Reset.cpp.o)
 .data.EndPoints
                0x0000000020000014       0x28 /Users/helenawilliams/Library/Caches/arduino/sketches/44C3AAA99780E49373EAB6CB67F17FB8/../../cores/SparkFun_samd_samd21_mini_f240a9748bc085abc870b20538c18981/core.a(USBCore.cpp.o)
                0x0000000020000014                EndPoints
 .data._ZL12_usbLineInfo
                0x000000002000003c        0x8 /Users/helenawilliams/Library/Caches/arduino/sketches/44C3AAA99780E49373EAB6CB67F17FB8/../../cores/SparkFun_samd_samd21_mini_f240a9748bc085abc870b20538c18981/core.a(CDC.cpp.o)
 .data._ZL10breakValue
                0x0000000020000044        0x4 /Users/helenawilliams/Library/Caches/arduino/sketches/44C3AAA99780E49373EAB6CB67F17FB8/../../cores/SparkFun_samd_samd21_mini_f240a9748bc085abc870b20538c18981/core.a(CDC.cpp.o)
 .data._ZL13_cdcInterface
                0x0000000020000048       0x42 /Users/helenawilliams/Library/Caches/arduino/sketches/44C3AAA99780E49373EAB6CB67F17FB8/../../cores/SparkFun_samd_samd21_mini_f240a9748bc085abc870b20538c18981/core.a(CDC.cpp.o)
 *fill*         0x000000002000008a        0x2 
 .data._serialPeek
                0x000000002000008c        0x4 /Users/helenawilliams/Library/Caches/arduino/sketches/44C3AAA99780E49373EAB6CB67F17FB8/../../cores/SparkFun_samd_samd21_mini_f240a9748bc085abc870b20538c18981/core.a(CDC.cpp.o)
                0x000000002000008c                _serialPeek
 .data.impure_data
                0x0000000020000090       0x60 /Users/helenawilliams/Library/Arduino15/packages/arduino/tools/arm-none-eabi-gcc/4.8.3-2014q1/bin/../lib/gcc/arm-none-eabi/4.8.3/../../../../arm-none-eabi/lib/armv6-m/libc_s.a(lib_a-impure.o)
 .data._impure_ptr
                0x00000000200000f0        0x4 /Users/helenawilliams/Library/Arduino15/packages/arduino/tools/arm-none-eabi-gcc/4.8.3-2014q1/bin/../lib/gcc/arm-none-eabi/4.8.3/../../../../arm-none-eabi/lib/armv6-m/libc_s.a(lib_a-impure.o)
                0x00000000200000f0                _impure_ptr
                0x00000000200000f4                . = ALIGN (0x4)
                0x00000000200000f4                PROVIDE (__preinit_array_start, .)
 *(.preinit_array)
                0x00000000200000f4                PROVIDE (__preinit_array_end, .)
                0x00000000200000f4                . = ALIGN (0x4)
                0x00000000200000f4                PROVIDE (__init_array_start, .)
 *(SORT(.init_array.*))
 *(.init_array)
 .init_array    0x00000000200000f4        0x4 /Users/helenawilliams/Library/Arduino15/packages/arduino/tools/arm-none-eabi-gcc/4.8.3-2014q1/bin/../lib/gcc/arm-none-eabi/4.8.3/armv6-m/crtbegin.o
 .init_array    0x00000000200000f8        0x4 /Users/helenawilliams/Library/Caches/arduino/sketches/44C3AAA99780E49373EAB6CB67F17FB8/sketch/rtt-test.ino.cpp.o
 .init_array    0x00000000200000fc        0x4 /Users/helenawilliams/Library/Caches/arduino/sketches/44C3AAA99780E49373EAB6CB67F17FB8/core/variant.cpp.o
 .init_array    0x0000000020000100        0x4 /Users/helenawilliams/Library/Caches/arduino/sketches/44C3AAA99780E49373EAB6CB67F17FB8/../../cores/SparkFun_samd_samd21_mini_f240a9748bc085abc870b20538c18981/core.a(USBCore.cpp.o)
 .init_array    0x0000000020000104        0x4 /Users/helenawilliams/Library/Caches/arduino/sketches/44C3AAA99780E49373EAB6CB67F17FB8/../../cores/SparkFun_samd_samd21_mini_f240a9748bc085abc870b20538c18981/core.a(CDC.cpp.o)
                0x0000000020000108                PROVIDE (__init_array_end, .)
                0x0000000020000108                . = ALIGN (0x4)
                0x0000000020000108                PROVIDE (__fini_array_start, .)
 *(SORT(.fini_array.*))
 *(.fini_array)
 .fini_array    0x0000000020000108        0x4 /Users/helenawilliams/Library/Arduino15/packages/arduino/tools/arm-none-eabi-gcc/4.8.3-2014q1/bin/../lib/gcc/arm-none-eabi/4.8.3/armv6-m/crtbegin.o
                0x000000002000010c                PROVIDE (__fini_array_end, .)
 *(.jcr*)
 .jcr           0x000000002000010c        0x0 /Users/helenawilliams/Library/Arduino15/packages/arduino/tools/arm-none-eabi-gcc/4.8.3-2014q1/bin/../lib/gcc/arm-none-eabi/4.8.3/armv6-m/crtbegin.o
 .jcr           0x000000002000010c        0x4 /Users/helenawilliams/Library/Arduino15/packages/arduino/tools/arm-none-eabi-gcc/4.8.3-2014q1/bin/../lib/gcc/arm-none-eabi/4.8.3/armv6-m/crtend.o
                0x0000000020000110                . = ALIGN (0x4)
                0x0000000020000110                __data_end__ = .

.igot.plt       0x0000000020000110        0x0 load address 0x0000000000004ea0
 .igot.plt      0x0000000000000000        0x0 /Users/helenawilliams/Library/Arduino15/packages/arduino/tools/arm-none-eabi-gcc/4.8.3-2014q1/bin/../lib/gcc/arm-none-eabi/4.8.3/armv6-m/crtbegin.o

.bss            0x0000000020000110      0xc78 load address 0x0000000000004ea0
                0x0000000020000110                . = ALIGN (0x4)
                0x0000000020000110                __bss_start__ = .
 *(.bss*)
 .bss           0x0000000020000110       0x1c /Users/helenawilliams/Library/Arduino15/packages/arduino/tools/arm-none-eabi-gcc/4.8.3-2014q1/bin/../lib/gcc/arm-none-eabi/4.8.3/armv6-m/crtbegin.o
 .bss.rtt       0x000000002000012c       0x14 /Users/helenawilliams/Library/Caches/arduino/sketches/44C3AAA99780E49373EAB6CB67F17FB8/sketch/rtt-test.ino.cpp.o
                0x000000002000012c                rtt
 .bss._acDownBuffer
                0x0000000020000140       0x10 /Users/helenawilliams/Library/Caches/arduino/sketches/44C3AAA99780E49373EAB6CB67F17FB8/libraries/RTT_Stream/SEGGER_RTT.c.o
 .bss._acUpBuffer
                0x0000000020000150      0x400 /Users/helenawilliams/Library/Caches/arduino/sketches/44C3AAA99780E49373EAB6CB67F17FB8/libraries/RTT_Stream/SEGGER_RTT.c.o
 .bss.Serial    0x0000000020000550       0xbc /Users/helenawilliams/Library/Caches/arduino/sketches/44C3AAA99780E49373EAB6CB67F17FB8/core/variant.cpp.o
                0x0000000020000550                Serial
 .bss.Serial1   0x000000002000060c       0xbc /Users/helenawilliams/Library/Caches/arduino/sketches/44C3AAA99780E49373EAB6CB67F17FB8/core/variant.cpp.o
                0x000000002000060c                Serial1
 .bss.sercom3   0x00000000200006c8        0x4 /Users/helenawilliams/Library/Caches/arduino/sketches/44C3AAA99780E49373EAB6CB67F17FB8/core/variant.cpp.o
                0x00000000200006c8                sercom3
 .bss.sercom0   0x00000000200006cc        0x4 /Users/helenawilliams/Library/Caches/arduino/sketches/44C3AAA99780E49373EAB6CB67F17FB8/core/variant.cpp.o
                0x00000000200006cc                sercom0
 .bss.sercom1   0x00000000200006d0        0x4 /Users/helenawilliams/Library/Caches/arduino/sketches/44C3AAA99780E49373EAB6CB67F17FB8/core/variant.cpp.o
                0x00000000200006d0                sercom1
 .bss.sercom2   0x00000000200006d4        0x4 /Users/helenawilliams/Library/Caches/arduino/sketches/44C3AAA99780E49373EAB6CB67F17FB8/core/variant.cpp.o
                0x00000000200006d4                sercom2
 .bss.sercom4   0x00000000200006d8        0x4 /Users/helenawilliams/Library/Caches/arduino/sketches/44C3AAA99780E49373EAB6CB67F17FB8/core/variant.cpp.o
                0x00000000200006d8                sercom4
 .bss.sercom5   0x00000000200006dc        0x4 /Users/helenawilliams/Library/Caches/arduino/sketches/44C3AAA99780E49373EAB6CB67F17FB8/core/variant.cpp.o
                0x00000000200006dc                sercom5
 .bss.usb_isr   0x00000000200006e0        0x4 /Users/helenawilliams/Library/Caches/arduino/sketches/44C3AAA99780E49373EAB6CB67F17FB8/../../cores/SparkFun_samd_samd21_mini_f240a9748bc085abc870b20538c18981/core.a(cortex_handlers.c.o)
 .bss._ulTickCount
                0x00000000200006e4        0x4 /Users/helenawilliams/Library/Caches/arduino/sketches/44C3AAA99780E49373EAB6CB67F17FB8/../../cores/SparkFun_samd_samd21_mini_f240a9748bc085abc870b20538c18981/core.a(delay.c.o)
 .bss._ZL14isEndpointHalt
                0x00000000200006e8        0x1 /Users/helenawilliams/Library/Caches/arduino/sketches/44C3AAA99780E49373EAB6CB67F17FB8/../../cores/SparkFun_samd_samd21_mini_f240a9748bc085abc870b20538c18981/core.a(USBCore.cpp.o)
 .bss._pack_buffer
                0x00000000200006e9      0x100 /Users/helenawilliams/Library/Caches/arduino/sketches/44C3AAA99780E49373EAB6CB67F17FB8/../../cores/SparkFun_samd_samd21_mini_f240a9748bc085abc870b20538c18981/core.a(USBCore.cpp.o)
                0x00000000200006e9                _pack_buffer
 *fill*         0x00000000200007e9        0x1 
 .bss._pack_size
                0x00000000200007ea        0x2 /Users/helenawilliams/Library/Caches/arduino/sketches/44C3AAA99780E49373EAB6CB67F17FB8/../../cores/SparkFun_samd_samd21_mini_f240a9748bc085abc870b20538c18981/core.a(USBCore.cpp.o)
                0x00000000200007ea                _pack_size
 .bss._ZL20LastTransmitTimedOut
                0x00000000200007ec        0x7 /Users/helenawilliams/Library/Caches/arduino/sketches/44C3AAA99780E49373EAB6CB67F17FB8/../../cores/SparkFun_samd_samd21_mini_f240a9748bc085abc870b20538c18981/core.a(USBCore.cpp.o)
 *fill*         0x00000000200007f3        0x1 
 .bss._ZL22udd_ep_in_cache_buffer
                0x00000000200007f4      0x1c0 /Users/helenawilliams/Library/Caches/arduino/sketches/44C3AAA99780E49373EAB6CB67F17FB8/../../cores/SparkFun_samd_samd21_mini_f240a9748bc085abc870b20538c18981/core.a(USBCore.cpp.o)
 .bss._ZL10txLEDPulse
                0x00000000200009b4        0x1 /Users/helenawilliams/Library/Caches/arduino/sketches/44C3AAA99780E49373EAB6CB67F17FB8/../../cores/SparkFun_samd_samd21_mini_f240a9748bc085abc870b20538c18981/core.a(USBCore.cpp.o)
 *fill*         0x00000000200009b5        0x3 
 .bss._ZL23udd_ep_out_cache_buffer
                0x00000000200009b8      0x1c0 /Users/helenawilliams/Library/Caches/arduino/sketches/44C3AAA99780E49373EAB6CB67F17FB8/../../cores/SparkFun_samd_samd21_mini_f240a9748bc085abc870b20538c18981/core.a(USBCore.cpp.o)
 .bss._ZL10epHandlers
                0x0000000020000b78       0x1c /Users/helenawilliams/Library/Caches/arduino/sketches/44C3AAA99780E49373EAB6CB67F17FB8/../../cores/SparkFun_samd_samd21_mini_f240a9748bc085abc870b20538c18981/core.a(USBCore.cpp.o)
 .bss._pack_message
                0x0000000020000b94        0x1 /Users/helenawilliams/Library/Caches/arduino/sketches/44C3AAA99780E49373EAB6CB67F17FB8/../../cores/SparkFun_samd_samd21_mini_f240a9748bc085abc870b20538c18981/core.a(USBCore.cpp.o)
                0x0000000020000b94                _pack_message
 .bss._ZL21isRemoteWakeUpEnabled
                0x0000000020000b95        0x1 /Users/helenawilliams/Library/Caches/arduino/sketches/44C3AAA99780E49373EAB6CB67F17FB8/../../cores/SparkFun_samd_samd21_mini_f240a9748bc085abc870b20538c18981/core.a(USBCore.cpp.o)
 .bss._dry_run  0x0000000020000b96        0x1 /Users/helenawilliams/Library/Caches/arduino/sketches/44C3AAA99780E49373EAB6CB67F17FB8/../../cores/SparkFun_samd_samd21_mini_f240a9748bc085abc870b20538c18981/core.a(USBCore.cpp.o)
                0x0000000020000b96                _dry_run
 .bss.USBDevice
                0x0000000020000b97        0x1 /Users/helenawilliams/Library/Caches/arduino/sketches/44C3AAA99780E49373EAB6CB67F17FB8/../../cores/SparkFun_samd_samd21_mini_f240a9748bc085abc870b20538c18981/core.a(USBCore.cpp.o)
                0x0000000020000b97                USBDevice
 .bss._usbSetInterface
                0x0000000020000b98        0x4 /Users/helenawilliams/Library/Caches/arduino/sketches/44C3AAA99780E49373EAB6CB67F17FB8/../../cores/SparkFun_samd_samd21_mini_f240a9748bc085abc870b20538c18981/core.a(USBCore.cpp.o)
                0x0000000020000b98                _usbSetInterface
 .bss._ZL10rxLEDPulse
                0x0000000020000b9c        0x1 /Users/helenawilliams/Library/Caches/arduino/sketches/44C3AAA99780E49373EAB6CB67F17FB8/../../cores/SparkFun_samd_samd21_mini_f240a9748bc085abc870b20538c18981/core.a(USBCore.cpp.o)
 *fill*         0x0000000020000b9d        0x3 
 .bss.usbd      0x0000000020000ba0      0x104 /Users/helenawilliams/Library/Caches/arduino/sketches/44C3AAA99780E49373EAB6CB67F17FB8/../../cores/SparkFun_samd_samd21_mini_f240a9748bc085abc870b20538c18981/core.a(USBCore.cpp.o)
                0x0000000020000ba0                usbd
 .bss._usbConfiguration
                0x0000000020000ca4        0x4 /Users/helenawilliams/Library/Caches/arduino/sketches/44C3AAA99780E49373EAB6CB67F17FB8/../../cores/SparkFun_samd_samd21_mini_f240a9748bc085abc870b20538c18981/core.a(USBCore.cpp.o)
                0x0000000020000ca4                _usbConfiguration
 .bss.SerialUSB
                0x0000000020000ca8       0x1c /Users/helenawilliams/Library/Caches/arduino/sketches/44C3AAA99780E49373EAB6CB67F17FB8/../../cores/SparkFun_samd_samd21_mini_f240a9748bc085abc870b20538c18981/core.a(CDC.cpp.o)
                0x0000000020000ca8                SerialUSB
 .bss._ZZ12PluggableUSBvE3obj
                0x0000000020000cc4        0x8 /Users/helenawilliams/Library/Caches/arduino/sketches/44C3AAA99780E49373EAB6CB67F17FB8/../../cores/SparkFun_samd_samd21_mini_f240a9748bc085abc870b20538c18981/core.a(PluggableUSB.cpp.o)
 .bss._ZGVZ12PluggableUSBvE3obj
                0x0000000020000ccc        0x4 /Users/helenawilliams/Library/Caches/arduino/sketches/44C3AAA99780E49373EAB6CB67F17FB8/../../cores/SparkFun_samd_samd21_mini_f240a9748bc085abc870b20538c18981/core.a(PluggableUSB.cpp.o)
 .bss.__malloc_sbrk_start
                0x0000000020000cd0        0x4 /Users/helenawilliams/Library/Arduino15/packages/arduino/tools/arm-none-eabi-gcc/4.8.3-2014q1/bin/../lib/gcc/arm-none-eabi/4.8.3/../../../../arm-none-eabi/lib/armv6-m/libc_s.a(lib_a-nano-mallocr.o)
                0x0000000020000cd0                __malloc_sbrk_start
 .bss.__malloc_free_list
                0x0000000020000cd4        0x4 /Users/helenawilliams/Library/Arduino15/packages/arduino/tools/arm-none-eabi-gcc/4.8.3-2014q1/bin/../lib/gcc/arm-none-eabi/4.8.3/../../../../arm-none-eabi/lib/armv6-m/libc_s.a(lib_a-nano-mallocr.o)
                0x0000000020000cd4                __malloc_free_list
 .bss.heap_end.4243
                0x0000000020000cd8        0x4 /Users/helenawilliams/Library/Arduino15/packages/arduino/tools/arm-none-eabi-gcc/4.8.3-2014q1/bin/../lib/gcc/arm-none-eabi/4.8.3/../../../../arm-none-eabi/lib/armv6-m/libnosys.a(sbrk.o)
 *(COMMON)
 COMMON         0x0000000020000cdc       0xa8 /Users/helenawilliams/Library/Caches/arduino/sketches/44C3AAA99780E49373EAB6CB67F17FB8/libraries/RTT_Stream/SEGGER_RTT.c.o
                0x0000000020000cdc                _SEGGER_RTT
 COMMON         0x0000000020000d84        0x4 /Users/helenawilliams/Library/Arduino15/packages/arduino/tools/arm-none-eabi-gcc/4.8.3-2014q1/bin/../lib/gcc/arm-none-eabi/4.8.3/../../../../arm-none-eabi/lib/armv6-m/libc_s.a(lib_a-reent.o)
                0x0000000020000d84                errno
                0x0000000020000d88                . = ALIGN (0x4)
                0x0000000020000d88                __bss_end__ = .

.heap           0x0000000020000d88        0x0
                0x0000000020000d88                __end__ = .
                0x0000000020000d88                PROVIDE (end, .)
 *(.heap*)
                0x0000000020000d88                __HeapLimit = .

.stack_dummy    0x0000000020000d88        0x0
 *(.stack*)
                0x0000000020008000                __StackTop = (ORIGIN (RAM) + 0x8000)
                0x0000000020008000                __StackLimit = (__StackTop - SIZEOF (.stack_dummy))
                0x0000000020008000                PROVIDE (__stack, __StackTop)
                0x0000000020007fff                __ram_end__ = ((ORIGIN (RAM) + 0x8000) - 0x1)
                0x0000000000000001                ASSERT ((__StackLimit >= __HeapLimit), region RAM overflowed with stack)
OUTPUT(/Users/helenawilliams/Library/Caches/arduino/sketches/44C3AAA99780E49373EAB6CB67F17FB8/rtt-test.ino.elf elf32-littlearm)

.ARM.attributes
                0x0000000000000000       0x28
 .ARM.attributes
                0x0000000000000000       0x1e /Users/helenawilliams/Library/Arduino15/packages/arduino/tools/arm-none-eabi-gcc/4.8.3-2014q1/bin/../lib/gcc/arm-none-eabi/4.8.3/armv6-m/crti.o
 .ARM.attributes
                0x000000000000001e       0x2c /Users/helenawilliams/Library/Arduino15/packages/arduino/tools/arm-none-eabi-gcc/4.8.3-2014q1/bin/../lib/gcc/arm-none-eabi/4.8.3/armv6-m/crtbegin.o
 .ARM.attributes
                0x000000000000004a       0x32 /Users/helenawilliams/Library/Caches/arduino/sketches/44C3AAA99780E49373EAB6CB67F17FB8/sketch/rtt-test.ino.cpp.o
 .ARM.attributes
                0x000000000000007c       0x32 /Users/helenawilliams/Library/Caches/arduino/sketches/44C3AAA99780E49373EAB6CB67F17FB8/libraries/RTT_Stream/RTTStream.cpp.o
 .ARM.attributes
                0x00000000000000ae       0x32 /Users/helenawilliams/Library/Caches/arduino/sketches/44C3AAA99780E49373EAB6CB67F17FB8/libraries/RTT_Stream/SEGGER_RTT.c.o
 .ARM.attributes
                0x00000000000000e0       0x32 /Users/helenawilliams/Library/Caches/arduino/sketches/44C3AAA99780E49373EAB6CB67F17FB8/libraries/RTT_Stream/SEGGER_RTT_Peek.c.o
 .ARM.attributes
                0x0000000000000112       0x32 /Users/helenawilliams/Library/Caches/arduino/sketches/44C3AAA99780E49373EAB6CB67F17FB8/core/variant.cpp.o
 .ARM.attributes
                0x0000000000000144       0x32 /Users/helenawilliams/Library/Caches/arduino/sketches/44C3AAA99780E49373EAB6CB67F17FB8/../../cores/SparkFun_samd_samd21_mini_f240a9748bc085abc870b20538c18981/core.a(Print.cpp.o)
 .ARM.attributes
                0x0000000000000176       0x32 /Users/helenawilliams/Library/Caches/arduino/sketches/44C3AAA99780E49373EAB6CB67F17FB8/../../cores/SparkFun_samd_samd21_mini_f240a9748bc085abc870b20538c18981/core.a(SERCOM.cpp.o)
 .ARM.attributes
                0x00000000000001a8       0x32 /Users/helenawilliams/Library/Caches/arduino/sketches/44C3AAA99780E49373EAB6CB67F17FB8/../../cores/SparkFun_samd_samd21_mini_f240a9748bc085abc870b20538c18981/core.a(Uart.cpp.o)
 .ARM.attributes
                0x00000000000001da       0x32 /Users/helenawilliams/Library/Caches/arduino/sketches/44C3AAA99780E49373EAB6CB67F17FB8/../../cores/SparkFun_samd_samd21_mini_f240a9748bc085abc870b20538c18981/core.a(cortex_handlers.c.o)
 .ARM.attributes
                0x000000000000020c       0x32 /Users/helenawilliams/Library/Caches/arduino/sketches/44C3AAA99780E49373EAB6CB67F17FB8/../../cores/SparkFun_samd_samd21_mini_f240a9748bc085abc870b20538c18981/core.a(delay.c.o)
 .ARM.attributes
                0x000000000000023e       0x32 /Users/helenawilliams/Library/Caches/arduino/sketches/44C3AAA99780E49373EAB6CB67F17FB8/../../cores/SparkFun_samd_samd21_mini_f240a9748bc085abc870b20538c18981/core.a(hooks.c.o)
 .ARM.attributes
                0x0000000000000270       0x32 /Users/helenawilliams/Library/Caches/arduino/sketches/44C3AAA99780E49373EAB6CB67F17FB8/../../cores/SparkFun_samd_samd21_mini_f240a9748bc085abc870b20538c18981/core.a(main.cpp.o)
 .ARM.attributes
                0x00000000000002a2       0x32 /Users/helenawilliams/Library/Caches/arduino/sketches/44C3AAA99780E49373EAB6CB67F17FB8/../../cores/SparkFun_samd_samd21_mini_f240a9748bc085abc870b20538c18981/core.a(startup.c.o)
 .ARM.attributes
                0x00000000000002d4       0x32 /Users/helenawilliams/Library/Caches/arduino/sketches/44C3AAA99780E49373EAB6CB67F17FB8/../../cores/SparkFun_samd_samd21_mini_f240a9748bc085abc870b20538c18981/core.a(wiring.c.o)
 .ARM.attributes
                0x0000000000000306       0x32 /Users/helenawilliams/Library/Caches/arduino/sketches/44C3AAA99780E49373EAB6CB67F17FB8/../../cores/SparkFun_samd_samd21_mini_f240a9748bc085abc870b20538c18981/core.a(wiring_analog.c.o)
 .ARM.attributes
                0x0000000000000338       0x32 /Users/helenawilliams/Library/Caches/arduino/sketches/44C3AAA99780E49373EAB6CB67F17FB8/../../cores/SparkFun_samd_samd21_mini_f240a9748bc085abc870b20538c18981/core.a(wiring_digital.c.o)
 .ARM.attributes
                0x000000000000036a       0x32 /Users/helenawilliams/Library/Caches/arduino/sketches/44C3AAA99780E49373EAB6CB67F17FB8/../../cores/SparkFun_samd_samd21_mini_f240a9748bc085abc870b20538c18981/core.a(wiring_private.c.o)
 .ARM.attributes
                0x000000000000039c       0x32 /Users/helenawilliams/Library/Caches/arduino/sketches/44C3AAA99780E49373EAB6CB67F17FB8/../../cores/SparkFun_samd_samd21_mini_f240a9748bc085abc870b20538c18981/core.a(Reset.cpp.o)
 .ARM.attributes
                0x00000000000003ce       0x32 /Users/helenawilliams/Library/Caches/arduino/sketches/44C3AAA99780E49373EAB6CB67F17FB8/../../cores/SparkFun_samd_samd21_mini_f240a9748bc085abc870b20538c18981/core.a(USBCore.cpp.o)
 .ARM.attributes
                0x0000000000000400       0x32 /Users/helenawilliams/Library/Caches/arduino/sketches/44C3AAA99780E49373EAB6CB67F17FB8/../../cores/SparkFun_samd_samd21_mini_f240a9748bc085abc870b20538c18981/core.a(new.cpp.o)
 .ARM.attributes
                0x0000000000000432       0x32 /Users/helenawilliams/Library/Caches/arduino/sketches/44C3AAA99780E49373EAB6CB67F17FB8/../../cores/SparkFun_samd_samd21_mini_f240a9748bc085abc870b20538c18981/core.a(CDC.cpp.o)
 .ARM.attributes
                0x0000000000000464       0x32 /Users/helenawilliams/Library/Caches/arduino/sketches/44C3AAA99780E49373EAB6CB67F17FB8/../../cores/SparkFun_samd_samd21_mini_f240a9748bc085abc870b20538c18981/core.a(PluggableUSB.cpp.o)
 .ARM.attributes
                0x0000000000000496       0x1e /Users/helenawilliams/Library/Arduino15/packages/arduino/tools/arm-none-eabi-gcc/4.8.3-2014q1/bin/../lib/gcc/arm-none-eabi/4.8.3/armv6-m/libgcc.a(_thumb1_case_uqi.o)
 .ARM.attributes
                0x00000000000004b4       0x1e /Users/helenawilliams/Library/Arduino15/packages/arduino/tools/arm-none-eabi-gcc/4.8.3-2014q1/bin/../lib/gcc/arm-none-eabi/4.8.3/armv6-m/libgcc.a(_udivsi3.o)
 .ARM.attributes
                0x00000000000004d2       0x1e /Users/helenawilliams/Library/Arduino15/packages/arduino/tools/arm-none-eabi-gcc/4.8.3-2014q1/bin/../lib/gcc/arm-none-eabi/4.8.3/armv6-m/libgcc.a(_dvmd_tls.o)
 .ARM.attributes
                0x00000000000004f0       0x2c /Users/helenawilliams/Library/Arduino15/packages/arduino/tools/arm-none-eabi-gcc/4.8.3-2014q1/bin/../lib/gcc/arm-none-eabi/4.8.3/../../../../arm-none-eabi/lib/armv6-m/libc_s.a(lib_a-aeabi_atexit.o)
 .ARM.attributes
                0x000000000000051c       0x2c /Users/helenawilliams/Library/Arduino15/packages/arduino/tools/arm-none-eabi-gcc/4.8.3-2014q1/bin/../lib/gcc/arm-none-eabi/4.8.3/../../../../arm-none-eabi/lib/armv6-m/libc_s.a(lib_a-cxa_atexit.o)
 .ARM.attributes
                0x0000000000000548       0x2c /Users/helenawilliams/Library/Arduino15/packages/arduino/tools/arm-none-eabi-gcc/4.8.3-2014q1/bin/../lib/gcc/arm-none-eabi/4.8.3/../../../../arm-none-eabi/lib/armv6-m/libc_s.a(lib_a-impure.o)
 .ARM.attributes
                0x0000000000000574       0x2c /Users/helenawilliams/Library/Arduino15/packages/arduino/tools/arm-none-eabi-gcc/4.8.3-2014q1/bin/../lib/gcc/arm-none-eabi/4.8.3/../../../../arm-none-eabi/lib/armv6-m/libc_s.a(lib_a-init.o)
 .ARM.attributes
                0x00000000000005a0       0x2c /Users/helenawilliams/Library/Arduino15/packages/arduino/tools/arm-none-eabi-gcc/4.8.3-2014q1/bin/../lib/gcc/arm-none-eabi/4.8.3/../../../../arm-none-eabi/lib/armv6-m/libc_s.a(lib_a-malloc.o)
 .ARM.attributes
                0x00000000000005cc       0x2c /Users/helenawilliams/Library/Arduino15/packages/arduino/tools/arm-none-eabi-gcc/4.8.3-2014q1/bin/../lib/gcc/arm-none-eabi/4.8.3/../../../../arm-none-eabi/lib/armv6-m/libc_s.a(lib_a-memcpy-stub.o)
 .ARM.attributes
                0x00000000000005f8       0x2c /Users/helenawilliams/Library/Arduino15/packages/arduino/tools/arm-none-eabi-gcc/4.8.3-2014q1/bin/../lib/gcc/arm-none-eabi/4.8.3/../../../../arm-none-eabi/lib/armv6-m/libc_s.a(lib_a-memset.o)
 .ARM.attributes
                0x0000000000000624       0x2c /Users/helenawilliams/Library/Arduino15/packages/arduino/tools/arm-none-eabi-gcc/4.8.3-2014q1/bin/../lib/gcc/arm-none-eabi/4.8.3/../../../../arm-none-eabi/lib/armv6-m/libc_s.a(lib_a-nano-mallocr.o)
 .ARM.attributes
                0x0000000000000650       0x2c /Users/helenawilliams/Library/Arduino15/packages/arduino/tools/arm-none-eabi-gcc/4.8.3-2014q1/bin/../lib/gcc/arm-none-eabi/4.8.3/../../../../arm-none-eabi/lib/armv6-m/libc_s.a(lib_a-sbrkr.o)
 .ARM.attributes
                0x000000000000067c       0x2c /Users/helenawilliams/Library/Arduino15/packages/arduino/tools/arm-none-eabi-gcc/4.8.3-2014q1/bin/../lib/gcc/arm-none-eabi/4.8.3/../../../../arm-none-eabi/lib/armv6-m/libc_s.a(lib_a-strlen.o)
 .ARM.attributes
                0x00000000000006a8       0x2c /Users/helenawilliams/Library/Arduino15/packages/arduino/tools/arm-none-eabi-gcc/4.8.3-2014q1/bin/../lib/gcc/arm-none-eabi/4.8.3/../../../../arm-none-eabi/lib/armv6-m/libc_s.a(lib_a-reent.o)
 .ARM.attributes
                0x00000000000006d4       0x2c /Users/helenawilliams/Library/Arduino15/packages/arduino/tools/arm-none-eabi-gcc/4.8.3-2014q1/bin/../lib/gcc/arm-none-eabi/4.8.3/../../../../arm-none-eabi/lib/armv6-m/libnosys.a(sbrk.o)
 .ARM.attributes
                0x0000000000000700       0x2c /Users/helenawilliams/Library/Arduino15/packages/arduino/tools/arm-none-eabi-gcc/4.8.3-2014q1/bin/../lib/gcc/arm-none-eabi/4.8.3/armv6-m/crtend.o
 .ARM.attributes
                0x000000000000072c       0x1e /Users/helenawilliams/Library/Arduino15/packages/arduino/tools/arm-none-eabi-gcc/4.8.3-2014q1/bin/../lib/gcc/arm-none-eabi/4.8.3/armv6-m/crtn.o

.comment        0x0000000000000000       0x70
 .comment       0x0000000000000000       0x70 /Users/helenawilliams/Library/Caches/arduino/sketches/44C3AAA99780E49373EAB6CB67F17FB8/sketch/rtt-test.ino.cpp.o
                                         0x71 (size before relaxing)
 .comment       0x0000000000000000       0x71 /Users/helenawilliams/Library/Caches/arduino/sketches/44C3AAA99780E49373EAB6CB67F17FB8/libraries/RTT_Stream/RTTStream.cpp.o
 .comment       0x0000000000000000       0x71 /Users/helenawilliams/Library/Caches/arduino/sketches/44C3AAA99780E49373EAB6CB67F17FB8/libraries/RTT_Stream/SEGGER_RTT.c.o
 .comment       0x0000000000000000       0x71 /Users/helenawilliams/Library/Caches/arduino/sketches/44C3AAA99780E49373EAB6CB67F17FB8/libraries/RTT_Stream/SEGGER_RTT_Peek.c.o
 .comment       0x0000000000000000       0x71 /Users/helenawilliams/Library/Caches/arduino/sketches/44C3AAA99780E49373EAB6CB67F17FB8/core/variant.cpp.o
 .comment       0x0000000000000000       0x71 /Users/helenawilliams/Library/Caches/arduino/sketches/44C3AAA99780E49373EAB6CB67F17FB8/../../cores/SparkFun_samd_samd21_mini_f240a9748bc085abc870b20538c18981/core.a(Print.cpp.o)
 .comment       0x0000000000000000       0x71 /Users/helenawilliams/Library/Caches/arduino/sketches/44C3AAA99780E49373EAB6CB67F17FB8/../../cores/SparkFun_samd_samd21_mini_f240a9748bc085abc870b20538c18981/core.a(SERCOM.cpp.o)
 .comment       0x0000000000000000       0x71 /Users/helenawilliams/Library/Caches/arduino/sketches/44C3AAA99780E49373EAB6CB67F17FB8/../../cores/SparkFun_samd_samd21_mini_f240a9748bc085abc870b20538c18981/core.a(Uart.cpp.o)
 .comment       0x0000000000000000       0x71 /Users/helenawilliams/Library/Caches/arduino/sketches/44C3AAA99780E49373EAB6CB67F17FB8/../../cores/SparkFun_samd_samd21_mini_f240a9748bc085abc870b20538c18981/core.a(cortex_handlers.c.o)
 .comment       0x0000000000000000       0x71 /Users/helenawilliams/Library/Caches/arduino/sketches/44C3AAA99780E49373EAB6CB67F17FB8/../../cores/SparkFun_samd_samd21_mini_f240a9748bc085abc870b20538c18981/core.a(delay.c.o)
 .comment       0x0000000000000000       0x71 /Users/helenawilliams/Library/Caches/arduino/sketches/44C3AAA99780E49373EAB6CB67F17FB8/../../cores/SparkFun_samd_samd21_mini_f240a9748bc085abc870b20538c18981/core.a(hooks.c.o)
 .comment       0x0000000000000000       0x71 /Users/helenawilliams/Library/Caches/arduino/sketches/44C3AAA99780E49373EAB6CB67F17FB8/../../cores/SparkFun_samd_samd21_mini_f240a9748bc085abc870b20538c18981/core.a(main.cpp.o)
 .comment       0x0000000000000000       0x71 /Users/helenawilliams/Library/Caches/arduino/sketches/44C3AAA99780E49373EAB6CB67F17FB8/../../cores/SparkFun_samd_samd21_mini_f240a9748bc085abc870b20538c18981/core.a(startup.c.o)
 .comment       0x0000000000000000       0x71 /Users/helenawilliams/Library/Caches/arduino/sketches/44C3AAA99780E49373EAB6CB67F17FB8/../../cores/SparkFun_samd_samd21_mini_f240a9748bc085abc870b20538c18981/core.a(wiring.c.o)
 .comment       0x0000000000000000       0x71 /Users/helenawilliams/Library/Caches/arduino/sketches/44C3AAA99780E49373EAB6CB67F17FB8/../../cores/SparkFun_samd_samd21_mini_f240a9748bc085abc870b20538c18981/core.a(wiring_analog.c.o)
 .comment       0x0000000000000000       0x71 /Users/helenawilliams/Library/Caches/arduino/sketches/44C3AAA99780E49373EAB6CB67F17FB8/../../cores/SparkFun_samd_samd21_mini_f240a9748bc085abc870b20538c18981/core.a(wiring_digital.c.o)
 .comment       0x0000000000000000       0x71 /Users/helenawilliams/Library/Caches/arduino/sketches/44C3AAA99780E49373EAB6CB67F17FB8/../../cores/SparkFun_samd_samd21_mini_f240a9748bc085abc870b20538c18981/core.a(wiring_private.c.o)
 .comment       0x0000000000000000       0x71 /Users/helenawilliams/Library/Caches/arduino/sketches/44C3AAA99780E49373EAB6CB67F17FB8/../../cores/SparkFun_samd_samd21_mini_f240a9748bc085abc870b20538c18981/core.a(Reset.cpp.o)
 .comment       0x0000000000000000       0x71 /Users/helenawilliams/Library/Caches/arduino/sketches/44C3AAA99780E49373EAB6CB67F17FB8/../../cores/SparkFun_samd_samd21_mini_f240a9748bc085abc870b20538c18981/core.a(USBCore.cpp.o)