Archive member included because of file (symbol)

/Users/helenawilliams/Library/Caches/arduino/sketches/44C3AAA99780E49373EAB6CB67F17FB8/../../cores/SparkFun_samd_samd21_mini_f240a9748bc085abc870b20538c18981/core.a(Print.cpp.o)
                              /Users/helenawilliams/Library/Caches/arduino/sketches/44C3AAA99780E49373EAB6CB67F17FB8/libraries/RTT_Stream/RTTStream.cpp.o (Print::write(unsigned char const*, unsigned int))
/Users/helenawilliams/Library/Caches/arduino/sketches/44C3AAA99780E49373EAB6CB67F17FB8/../../cores/SparkFun_samd_samd21_mini_f240a9748bc085abc870b20538c18981/core.a(SERCOM.cpp.o)
                              /Users/helenawilliams/Library/Caches/arduino/sketches/44C3AAA99780E49373EAB6CB67F17FB8/core/variant.cpp.o (SERCOM::SERCOM(Sercom*))
/Users/helenawilliams/Library/Caches/arduino/sketches/44C3AAA99780E49373EAB6CB67F17FB8/../../cores/SparkFun_samd_samd21_mini_f240a9748bc085abc870b20538c18981/core.a(Uart.cpp.o)
                              /Users/helenawilliams/Library/Caches/arduino/sketches/44C3AAA99780E49373EAB6CB67F17FB8/core/variant.cpp.o (Uart::Uart(SERCOM*, unsigned char, unsigned char, SercomRXPad, SercomUartTXPad))
/Users/helenawilliams/Library/Caches/arduino/sketches/44C3AAA99780E49373EAB6CB67F17FB8/../../cores/SparkFun_samd_samd21_mini_f240a9748bc085abc870b20538c18981/core.a(abi.cpp.o)
                              /Users/helenawilliams/Library/Caches/arduino/sketches/44C3AAA99780E49373EAB6CB67F17FB8/libraries/RTT_Stream/RTTStream.cpp.o (__cxa_pure_virtual)
/Users/helenawilliams/Library/Caches/arduino/sketches/44C3AAA99780E49373EAB6CB67F17FB8/../../cores/SparkFun_samd_samd21_mini_f240a9748bc085abc870b20538c18981/core.a(cortex_handlers.c.o)
                              (Reset_Handler)
/Users/helenawilliams/Library/Caches/arduino/sketches/44C3AAA99780E49373EAB6CB67F17FB8/../../cores/SparkFun_samd_samd21_mini_f240a9748bc085abc870b20538c18981/core.a(delay.c.o)
                              /Users/helenawilliams/Library/Caches/arduino/sketches/44C3AAA99780E49373EAB6CB67F17FB8/libraries/RTT_Stream/RTTStream.cpp.o (delay)
/Users/helenawilliams/Library/Caches/arduino/sketches/44C3AAA99780E49373EAB6CB67F17FB8/../../cores/SparkFun_samd_samd21_mini_f240a9748bc085abc870b20538c18981/core.a(hooks.c.o)
                              /Users/helenawilliams/Library/Caches/arduino/sketches/44C3AAA99780E49373EAB6CB67F17FB8/../../cores/SparkFun_samd_samd21_mini_f240a9748bc085abc870b20538c18981/core.a(delay.c.o) (yield)
/Users/helenawilliams/Library/Caches/arduino/sketches/44C3AAA99780E49373EAB6CB67F17FB8/../../cores/SparkFun_samd_samd21_mini_f240a9748bc085abc870b20538c18981/core.a(main.cpp.o)
                              /Users/helenawilliams/Library/Arduino15/packages/arduino/tools/arm-none-eabi-gcc/4.8.3-2014q1/bin/../lib/gcc/arm-none-eabi/4.8.3/../../../../arm-none-eabi/lib/armv6-m/crt0.o (main)
/Users/helenawilliams/Library/Caches/arduino/sketches/44C3AAA99780E49373EAB6CB67F17FB8/../../cores/SparkFun_samd_samd21_mini_f240a9748bc085abc870b20538c18981/core.a(startup.c.o)
                              /Users/helenawilliams/Library/Caches/arduino/sketches/44C3AAA99780E49373EAB6CB67F17FB8/../../cores/SparkFun_samd_samd21_mini_f240a9748bc085abc870b20538c18981/core.a(cortex_handlers.c.o) (SystemInit)
/Users/helenawilliams/Library/Caches/arduino/sketches/44C3AAA99780E49373EAB6CB67F17FB8/../../cores/SparkFun_samd_samd21_mini_f240a9748bc085abc870b20538c18981/core.a(wiring.c.o)
                              /Users/helenawilliams/Library/Caches/arduino/sketches/44C3AAA99780E49373EAB6CB67F17FB8/../../cores/SparkFun_samd_samd21_mini_f240a9748bc085abc870b20538c18981/core.a(main.cpp.o) (init)
/Users/helenawilliams/Library/Caches/arduino/sketches/44C3AAA99780E49373EAB6CB67F17FB8/../../cores/SparkFun_samd_samd21_mini_f240a9748bc085abc870b20538c18981/core.a(wiring_analog.c.o)
                              /Users/helenawilliams/Library/Caches/arduino/sketches/44C3AAA99780E49373EAB6CB67F17FB8/../../cores/SparkFun_samd_samd21_mini_f240a9748bc085abc870b20538c18981/core.a(wiring.c.o) (analogReference)
/Users/helenawilliams/Library/Caches/arduino/sketches/44C3AAA99780E49373EAB6CB67F17FB8/../../cores/SparkFun_samd_samd21_mini_f240a9748bc085abc870b20538c18981/core.a(wiring_digital.c.o)
                              /Users/helenawilliams/Library/Caches/arduino/sketches/44C3AAA99780E49373EAB6CB67F17FB8/sketch/rtt-test.ino.cpp.o (pinMode)
/Users/helenawilliams/Library/Caches/arduino/sketches/44C3AAA99780E49373EAB6CB67F17FB8/../../cores/SparkFun_samd_samd21_mini_f240a9748bc085abc870b20538c18981/core.a(wiring_private.c.o)
                              /Users/helenawilliams/Library/Caches/arduino/sketches/44C3AAA99780E49373EAB6CB67F17FB8/../../cores/SparkFun_samd_samd21_mini_f240a9748bc085abc870b20538c18981/core.a(Uart.cpp.o) (pinPeripheral)
/Users/helenawilliams/Library/Caches/arduino/sketches/44C3AAA99780E49373EAB6CB67F17FB8/../../cores/SparkFun_samd_samd21_mini_f240a9748bc085abc870b20538c18981/core.a(Reset.cpp.o)
[...]
Memory Configuration

Name             Origin             Length             Attributes
FLASH            0x0000000000002000 0x000000000003e000 xr
RAM              0x0000000020000000 0x0000000000008000 xrw
*default*        0x0000000000000000 0xffffffffffffffff

Linker script and memory map

LOAD /Users/helenawilliams/Library/Arduino15/packages/arduino/tools/arm-none-eabi-gcc/4.8.3-2014q1/bin/../lib/gcc/arm-none-eabi/4.8.3/armv6-m/crti.o
LOAD /Users/helenawilliams/Library/Arduino15/packages/arduino/tools/arm-none-eabi-gcc/4.8.3-2014q1/bin/../lib/gcc/arm-none-eabi/4.8.3/armv6-m/crtbegin.o
LOAD /Users/helenawilliams/Library/Arduino15/packages/arduino/tools/arm-none-eabi-gcc/4.8.3-2014q1/bin/../lib/gcc/arm-none-eabi/4.8.3/../../../../arm-none-eabi/lib/armv6-m/crt0.o
LOAD /Users/helenawilliams/Library/Caches/arduino/sketches/44C3AAA99780E49373EAB6CB67F17FB8/sketch/rtt-test.ino.cpp.o
LOAD /Users/helenawilliams/Library/Caches/arduino/sketches/44C3AAA99780E49373EAB6CB67F17FB8/libraries/RTT_Stream/RTTStream.cpp.o
LOAD /Users/helenawilliams/Library/Caches/arduino/sketches/44C3AAA99780E49373EAB6CB67F17FB8/libraries/RTT_Stream/SEGGER_RTT.c.o
LOAD /Users/helenawilliams/Library/Caches/arduino/sketches/44C3AAA99780E49373EAB6CB67F17FB8/libraries/RTT_Stream/SEGGER_RTT_Peek.c.o
LOAD /Users/helenawilliams/Library/Caches/arduino/sketches/44C3AAA99780E49373EAB6CB67F17FB8/libraries/RTT_Stream/SEGGER_RTT_printf.c.o
LOAD /Users/helenawilliams/Library/Caches/arduino/sketches/44C3AAA99780E49373EAB6CB67F17FB8/core/variant.cpp.o
START GROUP
LOAD /Users/helenawilliams/Library/Arduino15/packages/arduino/tools/CMSIS/4.5.0/CMSIS/Lib/GCC//libarm_cortexM0l_math.a
LOAD /Users/helenawilliams/Library/Arduino15/packages/arduino/tools/arm-none-eabi-gcc/4.8.3-2014q1/bin/../lib/gcc/arm-none-eabi/4.8.3/../../../../arm-none-eabi/lib/armv6-m/libm.a
LOAD /Users/helenawilliams/Library/Caches/arduino/sketches/44C3AAA99780E49373EAB6CB67F17FB8/../../cores/SparkFun_samd_samd21_mini_f240a9748bc085abc870b20538c18981/core.a
END GROUP
START GROUP
LOAD /Users/helenawilliams/Library/Arduino15/packages/arduino/tools/arm-none-eabi-gcc/4.8.3-2014q1/bin/../lib/gcc/arm-none-eabi/4.8.3/armv6-m/libgcc.a
LOAD /Users/helenawilliams/Library/Arduino15/packages/arduino/tools/arm-none-eabi-gcc/4.8.3-2014q1/bin/../lib/gcc/arm-none-eabi/4.8.3/../../../../arm-none-eabi/lib/armv6-m/libc_s.a
END GROUP
START GROUP
LOAD /Users/helenawilliams/Library/Arduino15/packages/arduino/tools/arm-none-eabi-gcc/4.8.3-2014q1/bin/../lib/gcc/arm-none-eabi/4.8.3/armv6-m/libgcc.a
LOAD /Users/helenawilliams/Library/Arduino15/packages/arduino/tools/arm-none-eabi-gcc/4.8.3-2014q1/bin/../lib/gcc/arm-none-eabi/4.8.3/../../../../arm-none-eabi/lib/armv6-m/libc_s.a
LOAD /Users/helenawilliams/Library/Arduino15/packages/arduino/tools/arm-none-eabi-gcc/4.8.3-2014q1/bin/../lib/gcc/arm-none-eabi/4.8.3/../../../../arm-none-eabi/lib/armv6-m/libnosys.a
END GROUP
START GROUP
LOAD /Users/helenawilliams/Library/Arduino15/packages/arduino/tools/arm-none-eabi-gcc/4.8.3-2014q1/bin/../lib/gcc/arm-none-eabi/4.8.3/armv6-m/libgcc.a
LOAD /Users/helenawilliams/Library/Arduino15/packages/arduino/tools/arm-none-eabi-gcc/4.8.3-2014q1/bin/../lib/gcc/arm-none-eabi/4.8.3/../../../../arm-none-eabi/lib/armv6-m/libc_s.a
LOAD /Users/helenawilliams/Library/Arduino15/packages/arduino/tools/arm-none-eabi-gcc/4.8.3-2014q1/bin/../lib/gcc/arm-none-eabi/4.8.3/../../../../arm-none-eabi/lib/armv6-m/libnosys.a
END GROUP
LOAD /Users/helenawilliams/Library/Arduino15/packages/arduino/tools/arm-none-eabi-gcc/4.8.3-2014q1/bin/../lib/gcc/arm-none-eabi/4.8.3/armv6-m/crtend.o
LOAD /Users/helenawilliams/Library/Arduino15/packages/arduino/tools/arm-none-eabi-gcc/4.8.3-2014q1/bin/../lib/gcc/arm-none-eabi/4.8.3/armv6-m/crtn.o

.text           0x0000000000002000     0x2f50
 *(.isr_vector)
 .isr_vector    0x0000000000002000       0xb4 /Users/helenawilliams/Library/Caches/arduino/sketches/44C3AAA99780E49373EAB6CB67F17FB8/../../cores/SparkFun_samd_samd21_mini_f240a9748bc085abc870b20538c18981/core.a(cortex_handlers.c.o)
                0x0000000000002000                exception_table
 *(.text*)
 .text          0x00000000000020b4       0x60 /Users/helenawilliams/Library/Arduino15/packages/arduino/tools/arm-none-eabi-gcc/4.8.3-2014q1/bin/../lib/gcc/arm-none-eabi/4.8.3/armv6-m/crtbegin.o
 .text.setup    0x0000000000002114       0x68 /Users/helenawilliams/Library/Caches/arduino/sketches/44C3AAA99780E49373EAB6CB67F17FB8/sketch/rtt-test.ino.cpp.o
                0x0000000000002114                setup
 .text.loop     0x000000000000217c       0x58 /Users/helenawilliams/Library/Caches/arduino/sketches/44C3AAA99780E49373EAB6CB67F17FB8/sketch/rtt-test.ino.cpp.o
                0x000000000000217c                loop
 .text.startup._GLOBAL__sub_I_rtt
                0x00000000000021d4       0x24 /Users/helenawilliams/Library/Caches/arduino/sketches/44C3AAA99780E49373EAB6CB67F17FB8/sketch/rtt-test.ino.cpp.o
 .text._ZN5Print17availableForWriteEv
                0x00000000000021f8        0x4 /Users/helenawilliams/Library/Caches/arduino/sketches/44C3AAA99780E49373EAB6CB67F17FB8/libraries/RTT_Stream/RTTStream.cpp.o
                0x00000000000021f8                Print::availableForWrite()
 .text._ZN9RTTStream9availableEv
                0x00000000000021fc        0xa /Users/helenawilliams/Library/Caches/arduino/sketches/44C3AAA99780E49373EAB6CB67F17FB8/libraries/RTT_Stream/RTTStream.cpp.o
                0x00000000000021fc                RTTStream::available()
 .text._ZN9RTTStream4readEv
                0x0000000000002206       0x32 /Users/helenawilliams/Library/Caches/arduino/sketches/44C3AAA99780E49373EAB6CB67F17FB8/libraries/RTT_Stream/RTTStream.cpp.o
                0x0000000000002206                RTTStream::read()
 .text._ZN9RTTStream5writeEh
                0x0000000000002238        0xa /Users/helenawilliams/Library/Caches/arduino/sketches/44C3AAA99780E49373EAB6CB67F17FB8/libraries/RTT_Stream/RTTStream.cpp.o
                0x0000000000002238                RTTStream::write(unsigned char)
 .text._ZN9RTTStream9readBytesEPcj
                0x0000000000002242       0x26 /Users/helenawilliams/Library/Caches/arduino/sketches/44C3AAA99780E49373EAB6CB67F17FB8/libraries/RTT_Stream/RTTStream.cpp.o
                0x0000000000002242                RTTStream::readBytes(char*, unsigned int)
 .text._ZN9RTTStream5writeEPKhj
                0x0000000000002268        0xa /Users/helenawilliams/Library/Caches/arduino/sketches/44C3AAA99780E49373EAB6CB67F17FB8/libraries/RTT_Stream/RTTStream.cpp.o
                0x0000000000002268                RTTStream::write(unsigned char const*, unsigned int)
 .text._ZN9RTTStream4peekEv
                0x0000000000002272        0xa /Users/helenawilliams/Library/Caches/arduino/sketches/44C3AAA99780E49373EAB6CB67F17FB8/libraries/RTT_Stream/RTTStream.cpp.o
                0x0000000000002272                RTTStream::peek()
 .text._ZN9RTTStream5flushEv
                0x000000000000227c       0x16 /Users/helenawilliams/Library/Caches/arduino/sketches/44C3AAA99780E49373EAB6CB67F17FB8/libraries/RTT_Stream/RTTStream.cpp.o
                0x000000000000227c                RTTStream::flush()
 *fill*         0x0000000000002292        0x2 
 .text._ZN9RTTStreamC2Ev
                0x0000000000002294       0x24 /Users/helenawilliams/Library/Caches/arduino/sketches/44C3AAA99780E49373EAB6CB67F17FB8/libraries/RTT_Stream/RTTStream.cpp.o
                0x0000000000002294                RTTStream::RTTStream()
                0x0000000000002294                RTTStream::RTTStream()
 .text._ZN9RTTStreamD2Ev
                0x00000000000022b8        0xc /Users/helenawilliams/Library/Caches/arduino/sketches/44C3AAA99780E49373EAB6CB67F17FB8/libraries/RTT_Stream/RTTStream.cpp.o
                0x00000000000022b8                RTTStream::~RTTStream()
                0x00000000000022b8                RTTStream::~RTTStream()
 .text._GetAvailWriteSpace
                0x00000000000022c4       0x18 /Users/helenawilliams/Library/Caches/arduino/sketches/44C3AAA99780E49373EAB6CB67F17FB8/libraries/RTT_Stream/SEGGER_RTT.c.o
 .text._WriteNoCheck
                0x00000000000022dc       0x38 /Users/helenawilliams/Library/Caches/arduino/sketches/44C3AAA99780E49373EAB6CB67F17FB8/libraries/RTT_Stream/SEGGER_RTT.c.o
 .text._WriteBlocking
                0x0000000000002314       0x5a /Users/helenawilliams/Library/Caches/arduino/sketches/44C3AAA99780E49373EAB6CB67F17FB8/libraries/RTT_Stream/SEGGER_RTT.c.o
 *fill*         0x000000000000236e        0x2 
 .text._DoInit  0x0000000000002370       0x68 /Users/helenawilliams/Library/Caches/arduino/sketches/44C3AAA99780E49373EAB6CB67F17FB8/libraries/RTT_Stream/SEGGER_RTT.c.o
 .text.SEGGER_RTT_ReadNoLock
                0x00000000000023d8       0x88 /Users/helenawilliams/Library/Caches/arduino/sketches/44C3AAA99780E49373EAB6CB67F17FB8/libraries/RTT_Stream/SEGGER_RTT.c.o
                0x00000000000023d8                SEGGER_RTT_ReadNoLock
 .text.SEGGER_RTT_Read
                0x0000000000002460       0x1a /Users/helenawilliams/Library/Caches/arduino/sketches/44C3AAA99780E49373EAB6CB67F17FB8/libraries/RTT_Stream/SEGGER_RTT.c.o
                0x0000000000002460                SEGGER_RTT_Read
 *fill*         0x000000000000247a        0x2 
 .text.SEGGER_RTT_WriteNoLock
                0x000000000000247c       0x5c /Users/helenawilliams/Library/Caches/arduino/sketches/44C3AAA99780E49373EAB6CB67F17FB8/libraries/RTT_Stream/SEGGER_RTT.c.o
                0x000000000000247c                SEGGER_RTT_WriteNoLock
 .text.SEGGER_RTT_Write
                0x00000000000024d8       0x34 /Users/helenawilliams/Library/Caches/arduino/sketches/44C3AAA99780E49373EAB6CB67F17FB8/libraries/RTT_Stream/SEGGER_RTT.c.o
                0x00000000000024d8                SEGGER_RTT_Write
 .text.SEGGER_RTT_PutChar
                0x000000000000250c       0x60 /Users/helenawilliams/Library/Caches/arduino/sketches/44C3AAA99780E49373EAB6CB67F17FB8/libraries/RTT_Stream/SEGGER_RTT.c.o
                0x000000000000250c                SEGGER_RTT_PutChar
 .text.SEGGER_RTT_Init
                0x000000000000256c        0x8 /Users/helenawilliams/Library/Caches/arduino/sketches/44C3AAA99780E49373EAB6CB67F17FB8/libraries/RTT_Stream/SEGGER_RTT.c.o
                0x000000000000256c                SEGGER_RTT_Init
 .text.SEGGER_RTT_GetBytesInBuffer
                0x0000000000002574       0x24 /Users/helenawilliams/Library/Caches/arduino/sketches/44C3AAA99780E49373EAB6CB67F17FB8/libraries/RTT_Stream/SEGGER_RTT.c.o
                0x0000000000002574                SEGGER_RTT_GetBytesInBuffer
 .text.SEGGER_RTT_GetBytesInDownBuffer
                0x0000000000002598       0x2c /Users/helenawilliams/Library/Caches/arduino/sketches/44C3AAA99780E49373EAB6CB67F17FB8/libraries/RTT_Stream/SEGGER_RTT_Peek.c.o
                0x0000000000002598                SEGGER_RTT_GetBytesInDownBuffer
 .text.SEGGER_RTT_PeekNoLock
                0x00000000000025c4       0x2c /Users/helenawilliams/Library/Caches/arduino/sketches/44C3AAA99780E49373EAB6CB67F17FB8/libraries/RTT_Stream/SEGGER_RTT_Peek.c.o
                0x00000000000025c4                SEGGER_RTT_PeekNoLock
 .text.SEGGER_RTT_Peek
                0x00000000000025f0       0x16 /Users/helenawilliams/Library/Caches/arduino/sketches/44C3AAA99780E49373EAB6CB67F17FB8/libraries/RTT_Stream/SEGGER_RTT_Peek.c.o
                0x00000000000025f0                SEGGER_RTT_Peek
 *fill*         0x0000000000002606        0x2 
 .text.SERCOM0_Handler
                0x0000000000002608       0x10 /Users/helenawilliams/Library/Caches/arduino/sketches/44C3AAA99780E49373EAB6CB67F17FB8/core/variant.cpp.o
                0x0000000000002608                SERCOM0_Handler
 .text.SERCOM5_Handler
                0x0000000000002618       0x10 /Users/helenawilliams/Library/Caches/arduino/sketches/44C3AAA99780E49373EAB6CB67F17FB8/core/variant.cpp.o
                0x0000000000002618                SERCOM5_Handler
 .text.startup._GLOBAL__sub_I_g_APinDescription
                0x0000000000002628       0x94 /Users/helenawilliams/Library/Caches/arduino/sketches/44C3AAA99780E49373EAB6CB67F17FB8/core/variant.cpp.o
 .text._ZN5Print5writeEPKhj
                0x00000000000026bc       0x28 /Users/helenawilliams/Library/Caches/arduino/sketches/44C3AAA99780E49373EAB6CB67F17FB8/../../cores/SparkFun_samd_samd21_mini_f240a9748bc085abc870b20538c18981/core.a(Print.cpp.o)
                0x00000000000026bc                Print::write(unsigned char const*, unsigned int)
 .text._ZN5Print5writeEPKc
                0x00000000000026e4       0x1c /Users/helenawilliams/Library/Caches/arduino/sketches/44C3AAA99780E49373EAB6CB67F17FB8/../../cores/SparkFun_samd_samd21_mini_f240a9748bc085abc870b20538c18981/core.a(Print.cpp.o)
                0x00000000000026e4                Print::write(char const*)
 .text._ZN5Print5printEc
                0x0000000000002700        0xa /Users/helenawilliams/Library/Caches/arduino/sketches/44C3AAA99780E49373EAB6CB67F17FB8/../../cores/SparkFun_samd_samd21_mini_f240a9748bc085abc870b20538c18981/core.a(Print.cpp.o)
                0x0000000000002700                Print::print(char)
 *fill*         0x000000000000270a        0x2 
 .text._ZN5Print7printlnEv
                0x000000000000270c       0x10 /Users/helenawilliams/Library/Caches/arduino/sketches/44C3AAA99780E49373EAB6CB67F17FB8/../../cores/SparkFun_samd_samd21_mini_f240a9748bc085abc870b20538c18981/core.a(Print.cpp.o)
                0x000000000000270c                Print::println()
 .text._ZN5Print7printlnEPKc
                0x000000000000271c       0x14 /Users/helenawilliams/Library/Caches/arduino/sketches/44C3AAA99780E49373EAB6CB67F17FB8/../../cores/SparkFun_samd_samd21_mini_f240a9748bc085abc870b20538c18981/core.a(Print.cpp.o)
                0x000000000000271c                Print::println(char const*)
 .text._ZN5Print11printNumberEmh
                0x0000000000002730       0x4e /Users/helenawilliams/Library/Caches/arduino/sketches/44C3AAA99780E49373EAB6CB67F17FB8/../../cores/SparkFun_samd_samd21_mini_f240a9748bc085abc870b20538c18981/core.a(Print.cpp.o)
                0x0000000000002730                Print::printNumber(unsigned long, unsigned char)
 .text._ZN5Print5printEli
                0x000000000000277e       0x3c /Users/helenawilliams/Library/Caches/arduino/sketches/44C3AAA99780E49373EAB6CB67F17FB8/../../cores/SparkFun_samd_samd21_mini_f240a9748bc085abc870b20538c18981/core.a(Print.cpp.o)
                0x000000000000277e                Print::print(long, int)
 .text._ZN5Print7printlnEii
                0x00000000000027ba       0x14 /Users/helenawilliams/Library/Caches/arduino/sketches/44C3AAA99780E49373EAB6CB67F17FB8/../../cores/SparkFun_samd_samd21_mini_f240a9748bc085abc870b20538c18981/core.a(Print.cpp.o)
                0x00000000000027ba                Print::println(int, int)
 .text._ZN6SERCOMC2EP6Sercom
                0x00000000000027ce        0x4 /Users/helenawilliams/Library/Caches/arduino/sketches/44C3AAA99780E49373EAB6CB67F17FB8/../../cores/SparkFun_samd_samd21_mini_f240a9748bc085abc870b20538c18981/core.a(SERCOM.cpp.o)
                0x00000000000027ce                SERCOM::SERCOM(Sercom*)
                0x00000000000027ce                SERCOM::SERCOM(Sercom*)
 .text._ZN6SERCOM9initFrameE18SercomUartCharSize15SercomDataOrder16SercomParityMode19SercomNumberStopBit
                0x00000000000027d2       0x38 /Users/helenawilliams/Library/Caches/arduino/sketches/44C3AAA99780E49373EAB6CB67F17FB8/../../cores/SparkFun_samd_samd21_mini_f240a9748bc085abc870b20538c18981/core.a(SERCOM.cpp.o)
                0x00000000000027d2                SERCOM::initFrame(SercomUartCharSize, SercomDataOrder, SercomParityMode, SercomNumberStopBit)
 .text._ZN6SERCOM8initPadsE15SercomUartTXPad11SercomRXPad
                0x000000000000280a       0x26 /Users/helenawilliams/Library/Caches/arduino/sketches/44C3AAA99780E49373EAB6CB67F17FB8/../../cores/SparkFun_samd_samd21_mini_f240a9748bc085abc870b20538c18981/core.a(SERCOM.cpp.o)
                0x000000000000280a                SERCOM::initPads(SercomUartTXPad, SercomRXPad)
 .text._ZN6SERCOM9resetUARTEv
                0x0000000000002830       0x1c /Users/helenawilliams/Library/Caches/arduino/sketches/44C3AAA99780E49373EAB6CB67F17FB8/../../cores/SparkFun_samd_samd21_mini_f240a9748bc085abc870b20538c18981/core.a(SERCOM.cpp.o)
                0x0000000000002830                SERCOM::resetUART()
 .text._ZN6SERCOM10enableUARTEv
                0x000000000000284c       0x14 /Users/helenawilliams/Library/Caches/arduino/sketches/44C3AAA99780E49373EAB6CB67F17FB8/../../cores/SparkFun_samd_samd21_mini_f240a9748bc085abc870b20538c18981/core.a(SERCOM.cpp.o)
                0x000000000000284c                SERCOM::enableUART()
 .text._ZN6SERCOM9flushUARTEv
                0x0000000000002860       0x10 /Users/helenawilliams/Library/Caches/arduino/sketches/44C3AAA99780E49373EAB6CB67F17FB8/../../cores/SparkFun_samd_samd21_mini_f240a9748bc085abc870b20538c18981/core.a(SERCOM.cpp.o)
                0x0000000000002860                SERCOM::flushUART()
 .text._ZN6SERCOM15clearStatusUARTEv
                0x0000000000002870        0x8 /Users/helenawilliams/Library/Caches/arduino/sketches/44C3AAA99780E49373EAB6CB67F17FB8/../../cores/SparkFun_samd_samd21_mini_f240a9748bc085abc870b20538c18981/core.a(SERCOM.cpp.o)
                0x0000000000002870                SERCOM::clearStatusUART()
 .text._ZN6SERCOM17availableDataUARTEv
                0x0000000000002878        0xa /Users/helenawilliams/Library/Caches/arduino/sketches/44C3AAA99780E49373EAB6CB67F17FB8/../../cores/SparkFun_samd_samd21_mini_f240a9748bc085abc870b20538c18981/core.a(SERCOM.cpp.o)
                0x0000000000002878                SERCOM::availableDataUART()
 .text._ZN6SERCOM11isUARTErrorEv
                0x0000000000002882        0x8 /Users/helenawilliams/Library/Caches/arduino/sketches/44C3AAA99780E49373EAB6CB67F17FB8/../../cores/SparkFun_samd_samd21_mini_f240a9748bc085abc870b20538c18981/core.a(SERCOM.cpp.o)
                0x0000000000002882                SERCOM::isUARTError()
 .text._ZN6SERCOM20acknowledgeUARTErrorEv
                0x000000000000288a        0xe /Users/helenawilliams/Library/Caches/arduino/sketches/44C3AAA99780E49373EAB6CB67F17FB8/../../cores/SparkFun_samd_samd21_mini_f240a9748bc085abc870b20538c18981/core.a(SERCOM.cpp.o)
                0x000000000000288a                SERCOM::acknowledgeUARTError()
 .text._ZN6SERCOM23isDataRegisterEmptyUARTEv
                0x0000000000002898        0xa /Users/helenawilliams/Library/Caches/arduino/sketches/44C3AAA99780E49373EAB6CB67F17FB8/../../cores/SparkFun_samd_samd21_mini_f240a9748bc085abc870b20538c18981/core.a(SERCOM.cpp.o)
                0x0000000000002898                SERCOM::isDataRegisterEmptyUART()
 .text._ZN6SERCOM12readDataUARTEv
                0x00000000000028a2        0x8 /Users/helenawilliams/Library/Caches/arduino/sketches/44C3AAA99780E49373EAB6CB67F17FB8/../../cores/SparkFun_samd_samd21_mini_f240a9748bc085abc870b20538c18981/core.a(SERCOM.cpp.o)
                0x00000000000028a2                SERCOM::readDataUART()
 .text._ZN6SERCOM13writeDataUARTEh
                0x00000000000028aa        0xe /Users/helenawilliams/Library/Caches/arduino/sketches/44C3AAA99780E49373EAB6CB67F17FB8/../../cores/SparkFun_samd_samd21_mini_f240a9748bc085abc870b20538c18981/core.a(SERCOM.cpp.o)
                0x00000000000028aa                SERCOM::writeDataUART(unsigned char)
 .text._ZN6SERCOM36enableDataRegisterEmptyInterruptUARTEv
                0x00000000000028b8        0x8 /Users/helenawilliams/Library/Caches/arduino/sketches/44C3AAA99780E49373EAB6CB67F17FB8/../../cores/SparkFun_samd_samd21_mini_f240a9748bc085abc870b20538c18981/core.a(SERCOM.cpp.o)
                0x00000000000028b8                SERCOM::enableDataRegisterEmptyInterruptUART()
 .text._ZN6SERCOM37disableDataRegisterEmptyInterruptUARTEv
                0x00000000000028c0        0x8 /Users/helenawilliams/Library/Caches/arduino/sketches/44C3AAA99780E49373EAB6CB67F17FB8/../../cores/SparkFun_samd_samd21_mini_f240a9748bc085abc870b20538c18981/core.a(SERCOM.cpp.o)
                0x00000000000028c0                SERCOM::disableDataRegisterEmptyInterruptUART()
 .text._ZN6SERCOM13initClockNVICEv
                0x00000000000028c8       0xac /Users/helenawilliams/Library/Caches/arduino/sketches/44C3AAA99780E49373EAB6CB67F17FB8/../../cores/SparkFun_samd_samd21_mini_f240a9748bc085abc870b20538c18981/core.a(SERCOM.cpp.o)
                0x00000000000028c8                SERCOM::initClockNVIC()
 .text._ZN6SERCOM8initUARTE14SercomUartMode20SercomUartSampleRatem
                0x0000000000002974       0x6c /Users/helenawilliams/Library/Caches/arduino/sketches/44C3AAA99780E49373EAB6CB67F17FB8/../../cores/SparkFun_samd_samd21_mini_f240a9748bc085abc870b20538c18981/core.a(SERCOM.cpp.o)
                0x0000000000002974                SERCOM::initUART(SercomUartMode, SercomUartSampleRate, unsigned long)
 .text._ZN4UartcvbEv
                0x00000000000029e0        0x4 /Users/helenawilliams/Library/Caches/arduino/sketches/44C3AAA99780E49373EAB6CB67F17FB8/../../cores/SparkFun_samd_samd21_mini_f240a9748bc085abc870b20538c18981/core.a(Uart.cpp.o)
                0x00000000000029e0                Uart::operator bool()
 .text._ZN4Uart5beginEm
                0x00000000000029e4       0x10 /Users/helenawilliams/Library/Caches/arduino/sketches/44C3AAA99780E49373EAB6CB67F17FB8/../../cores/SparkFun_samd_samd21_mini_f240a9748bc085abc870b20538c18981/core.a(Uart.cpp.o)
                0x00000000000029e4                Uart::begin(unsigned long)
 .text._ZN4Uart4peekEv
                0x00000000000029f4       0x16 /Users/helenawilliams/Library/Caches/arduino/sketches/44C3AAA99780E49373EAB6CB67F17FB8/../../cores/SparkFun_samd_samd21_mini_f240a9748bc085abc870b20538c18981/core.a(Uart.cpp.o)
                0x00000000000029f4                Uart::peek()
 .text._ZN4Uart3endEv
                0x0000000000002a0a       0x1c /Users/helenawilliams/Library/Caches/arduino/sketches/44C3AAA99780E49373EAB6CB67F17FB8/../../cores/SparkFun_samd_samd21_mini_f240a9748bc085abc870b20538c18981/core.a(Uart.cpp.o)
                0x0000000000002a0a                Uart::end()
 *fill*         0x0000000000002a26        0x2 
 .text._ZN4UartC2EP6SERCOMhh11SercomRXPad15SercomUartTXPadhh
                0x0000000000002a28       0x7c /Users/helenawilliams/Library/Caches/arduino/sketches/44C3AAA99780E49373EAB6CB67F17FB8/../../cores/SparkFun_samd_samd21_mini_f240a9748bc085abc870b20538c18981/core.a(Uart.cpp.o)
                0x0000000000002a28                Uart::Uart(SERCOM*, unsigned char, unsigned char, SercomRXPad, SercomUartTXPad, unsigned char, unsigned char)
                0x0000000000002a28                Uart::Uart(SERCOM*, unsigned char, unsigned char, SercomRXPad, SercomUartTXPad, unsigned char, unsigned char)
 .text._ZN4UartC2EP6SERCOMhh11SercomRXPad15SercomUartTXPad
                0x0000000000002aa4       0x24 /Users/helenawilliams/Library/Caches/arduino/sketches/44C3AAA99780E49373EAB6CB67F17FB8/../../cores/SparkFun_samd_samd21_mini_f240a9748bc085abc870b20538c18981/core.a(Uart.cpp.o)
                0x0000000000002aa4                Uart::Uart(SERCOM*, unsigned char, unsigned char, SercomRXPad, SercomUartTXPad)
                0x0000000000002aa4                Uart::Uart(SERCOM*, unsigned char, unsigned char, SercomRXPad, SercomUartTXPad)
 .text._ZN4Uart16extractNbStopBitEt
                0x0000000000002ac8        0xe /Users/helenawilliams/Library/Caches/arduino/sketches/44C3AAA99780E49373EAB6CB67F17FB8/../../cores/SparkFun_samd_samd21_mini_f240a9748bc085abc870b20538c18981/core.a(Uart.cpp.o)
                0x0000000000002ac8                Uart::extractNbStopBit(unsigned short)
 .text._ZN4Uart15extractCharSizeEt
                0x0000000000002ad6       0x2c /Users/helenawilliams/Library/Caches/arduino/sketches/44C3AAA99780E49373EAB6CB67F17FB8/../../cores/SparkFun_samd_samd21_mini_f240a9748bc085abc870b20538c18981/core.a(Uart.cpp.o)
                0x0000000000002ad6                Uart::extractCharSize(unsigned short)
 .text._ZN4Uart13extractParityEt
                0x0000000000002b02       0x18 /Users/helenawilliams/Library/Caches/arduino/sketches/44C3AAA99780E49373EAB6CB67F17FB8/../../cores/SparkFun_samd_samd21_mini_f240a9748bc085abc870b20538c18981/core.a(Uart.cpp.o)
                0x0000000000002b02                Uart::extractParity(unsigned short)
 *fill*         0x0000000000002b1a        0x2 
 .text._ZN4Uart5beginEmt
                0x0000000000002b1c       0xf4 /Users/helenawilliams/Library/Caches/arduino/sketches/44C3AAA99780E49373EAB6CB67F17FB8/../../cores/SparkFun_samd_samd21_mini_f240a9748bc085abc870b20538c18981/core.a(Uart.cpp.o)
                0x0000000000002b1c                Uart::begin(unsigned long, unsigned short)
 .text._ZN11RingBufferNILi64EE9availableEv
                0x0000000000002c10        0xc /Users/helenawilliams/Library/Caches/arduino/sketches/44C3AAA99780E49373EAB6CB67F17FB8/../../cores/SparkFun_samd_samd21_mini_f240a9748bc085abc870b20538c18981/core.a(Uart.cpp.o)
                0x0000000000002c10                RingBufferN<64>::available()
 .text._ZN4Uart5flushEv
                0x0000000000002c1c       0x18 /Users/helenawilliams/Library/Caches/arduino/sketches/44C3AAA99780E49373EAB6CB67F17FB8/../../cores/SparkFun_samd_samd21_mini_f240a9748bc085abc870b20538c18981/core.a(Uart.cpp.o)
                0x0000000000002c1c                Uart::flush()
 .text._ZN4Uart9availableEv
                0x0000000000002c34        0xa /Users/helenawilliams/Library/Caches/arduino/sketches/44C3AAA99780E49373EAB6CB67F17FB8/../../cores/SparkFun_samd_samd21_mini_f240a9748bc085abc870b20538c18981/core.a(Uart.cpp.o)
                0x0000000000002c34                Uart::available()
 .text._ZN11RingBufferNILi64EE17availableForStoreEv
                0x0000000000002c3e       0x1c /Users/helenawilliams/Library/Caches/arduino/sketches/44C3AAA99780E49373EAB6CB67F17FB8/../../cores/SparkFun_samd_samd21_mini_f240a9748bc085abc870b20538c18981/core.a(Uart.cpp.o)
                0x0000000000002c3e                RingBufferN<64>::availableForStore()
 .text._ZN4Uart17availableForWriteEv
                0x0000000000002c5a        0xa /Users/helenawilliams/Library/Caches/arduino/sketches/44C3AAA99780E49373EAB6CB67F17FB8/../../cores/SparkFun_samd_samd21_mini_f240a9748bc085abc870b20538c18981/core.a(Uart.cpp.o)
                0x0000000000002c5a                Uart::availableForWrite()
 .text._ZN4Uart10IrqHandlerEv
                0x0000000000002c64       0xb2 /Users/helenawilliams/Library/Caches/arduino/sketches/44C3AAA99780E49373EAB6CB67F17FB8/../../cores/SparkFun_samd_samd21_mini_f240a9748bc085abc870b20538c18981/core.a(Uart.cpp.o)
                0x0000000000002c64                Uart::IrqHandler()
 *fill*         0x0000000000002d16        0x2 
 .text._ZN4Uart5writeEh
                0x0000000000002d18       0xb8 /Users/helenawilliams/Library/Caches/arduino/sketches/44C3AAA99780E49373EAB6CB67F17FB8/../../cores/SparkFun_samd_samd21_mini_f240a9748bc085abc870b20538c18981/core.a(Uart.cpp.o)
                0x0000000000002d18                Uart::write(unsigned char)
 .text._ZN4Uart4readEv
                0x0000000000002dd0       0x48 /Users/helenawilliams/Library/Caches/arduino/sketches/44C3AAA99780E49373EAB6CB67F17FB8/../../cores/SparkFun_samd_samd21_mini_f240a9748bc085abc870b20538c18981/core.a(Uart.cpp.o)
                0x0000000000002dd0                Uart::read()
 .text.Dummy_Handler
                0x0000000000002e18        0x2 /Users/helenawilliams/Library/Caches/arduino/sketches/44C3AAA99780E49373EAB6CB67F17FB8/../../cores/SparkFun_samd_samd21_mini_f240a9748bc085abc870b20538c18981/core.a(cortex_handlers.c.o)
                0x0000000000002e18                SYSCTRL_Handler
                0x0000000000002e18                HardFault_Handler
                0x0000000000002e18                AC_Handler
                0x0000000000002e18                PendSV_Handler
                0x0000000000002e18                NMI_Handler
                0x0000000000002e18                TC7_Handler
                0x0000000000002e18                SERCOM1_Handler
                0x0000000000002e18                ADC_Handler
                0x0000000000002e18                TCC1_Handler
                0x0000000000002e18                SERCOM2_Handler
                0x0000000000002e18                TCC0_Handler
                0x0000000000002e18                RTC_Handler
                0x0000000000002e18                EIC_Handler
                0x0000000000002e18                TC6_Handler
                0x0000000000002e18                WDT_Handler
                0x0000000000002e18                TC4_Handler
                0x0000000000002e18                TC3_Handler
                0x0000000000002e18                Dummy_Handler
                0x0000000000002e18                PM_Handler
                0x0000000000002e18                SVC_Handler
                0x0000000000002e18                TCC2_Handler
                0x0000000000002e18                EVSYS_Handler
                0x0000000000002e18                SERCOM3_Handler
                0x0000000000002e18                SERCOM4_Handler
                0x0000000000002e18                I2S_Handler
                0x0000000000002e18                NVMCTRL_Handler
                0x0000000000002e18                DAC_Handler
                0x0000000000002e18                PTC_Handler
                0x0000000000002e18                DMAC_Handler
 *fill*         0x0000000000002e1a        0x2 
 .text.USB_Handler
                0x0000000000002e1c       0x14 /Users/helenawilliams/Library/Caches/arduino/sketches/44C3AAA99780E49373EAB6CB67F17FB8/../../cores/SparkFun_samd_samd21_mini_f240a9748bc085abc870b20538c18981/core.a(cortex_handlers.c.o)
                0x0000000000002e1c                USB_Handler
 .text.Reset_Handler
                0x0000000000002e30       0x54 /Users/helenawilliams/Library/Caches/arduino/sketches/44C3AAA99780E49373EAB6CB67F17FB8/../../cores/SparkFun_samd_samd21_mini_f240a9748bc085abc870b20538c18981/core.a(cortex_handlers.c.o)
                0x0000000000002e30                Reset_Handler
 .text.SysTick_Handler
                0x0000000000002e84       0x10 /Users/helenawilliams/Library/Caches/arduino/sketches/44C3AAA99780E49373EAB6CB67F17FB8/../../cores/SparkFun_samd_samd21_mini_f240a9748bc085abc870b20538c18981/core.a(cortex_handlers.c.o)
                0x0000000000002e84                SysTick_Handler
 .text.USB_SetHandler
                0x0000000000002e94        0xc /Users/helenawilliams/Library/Caches/arduino/sketches/44C3AAA99780E49373EAB6CB67F17FB8/../../cores/SparkFun_samd_samd21_mini_f240a9748bc085abc870b20538c18981/core.a(cortex_handlers.c.o)
                0x0000000000002e94                USB_SetHandler
 .text.delay    0x0000000000002ea0       0x20 /Users/helenawilliams/Library/Caches/arduino/sketches/44C3AAA99780E49373EAB6CB67F17FB8/../../cores/SparkFun_samd_samd21_mini_f240a9748bc085abc870b20538c18981/core.a(delay.c.o)
                0x0000000000002ea0                delay
 .text.SysTick_DefaultHandler
                0x0000000000002ec0       0x14 /Users/helenawilliams/Library/Caches/arduino/sketches/44C3AAA99780E49373EAB6CB67F17FB8/../../cores/SparkFun_samd_samd21_mini_f240a9748bc085abc870b20538c18981/core.a(delay.c.o)
                0x0000000000002ec0                SysTick_DefaultHandler
 .text.__empty  0x0000000000002ed4        0x2 /Users/helenawilliams/Library/Caches/arduino/sketches/44C3AAA99780E49373EAB6CB67F17FB8/../../cores/SparkFun_samd_samd21_mini_f240a9748bc085abc870b20538c18981/core.a(hooks.c.o)
                0x0000000000002ed4                yield
 .text.__false  0x0000000000002ed6        0x4 /Users/helenawilliams/Library/Caches/arduino/sketches/44C3AAA99780E49373EAB6CB67F17FB8/../../cores/SparkFun_samd_samd21_mini_f240a9748bc085abc870b20538c18981/core.a(hooks.c.o)
                0x0000000000002ed6                sysTickHook
 .text._Z11initVariantv
                0x0000000000002eda        0x2 /Users/helenawilliams/Library/Caches/arduino/sketches/44C3AAA99780E49373EAB6CB67F17FB8/../../cores/SparkFun_samd_samd21_mini_f240a9748bc085abc870b20538c18981/core.a(main.cpp.o)
                0x0000000000002eda                initVariant()
 .text.startup.main
                0x0000000000002edc       0x40 /Users/helenawilliams/Library/Caches/arduino/sketches/44C3AAA99780E49373EAB6CB67F17FB8/../../cores/SparkFun_samd_samd21_mini_f240a9748bc085abc870b20538c18981/core.a(main.cpp.o)
                0x0000000000002edc                main
 .text.SystemInit
                0x0000000000002f1c      0x168 /Users/helenawilliams/Library/Caches/arduino/sketches/44C3AAA99780E49373EAB6CB67F17FB8/../../cores/SparkFun_samd_samd21_mini_f240a9748bc085abc870b20538c18981/core.a(startup.c.o)
                0x0000000000002f1c                SystemInit
 .text.init     0x0000000000003084       0xe4 /Users/helenawilliams/Library/Caches/arduino/sketches/44C3AAA99780E49373EAB6CB67F17FB8/../../cores/SparkFun_samd_samd21_mini_f240a9748bc085abc870b20538c18981/core.a(wiring.c.o)
                0x0000000000003084                init
 .text.mapResolution
                0x0000000000003168       0x12 /Users/helenawilliams/Library/Caches/arduino/sketches/44C3AAA99780E49373EAB6CB67F17FB8/../../cores/SparkFun_samd_samd21_mini_f240a9748bc085abc870b20538c18981/core.a(wiring_analog.c.o)
 *fill*         0x000000000000317a        0x2 
 .text.analogReference
                0x000000000000317c       0x5c /Users/helenawilliams/Library/Caches/arduino/sketches/44C3AAA99780E49373EAB6CB67F17FB8/../../cores/SparkFun_samd_samd21_mini_f240a9748bc085abc870b20538c18981/core.a(wiring_analog.c.o)
                0x000000000000317c                analogReference
 .text.analogRead
                0x00000000000031d8       0xd4 /Users/helenawilliams/Library/Caches/arduino/sketches/44C3AAA99780E49373EAB6CB67F17FB8/../../cores/SparkFun_samd_samd21_mini_f240a9748bc085abc870b20538c18981/core.a(wiring_analog.c.o)
                0x00000000000031d8                analogRead
 .text.pinMode  0x00000000000032ac       0xb4 /Users/helenawilliams/Library/Caches/arduino/sketches/44C3AAA99780E49373EAB6CB67F17FB8/../../cores/SparkFun_samd_samd21_mini_f240a9748bc085abc870b20538c18981/core.a(wiring_digital.c.o)
                0x00000000000032ac                pinMode
 .text.digitalWrite
                0x0000000000003360       0x60 /Users/helenawilliams/Library/Caches/arduino/sketches/44C3AAA99780E49373EAB6CB67F17FB8/../../cores/SparkFun_samd_samd21_mini_f240a9748bc085abc870b20538c18981/core.a(wiring_digital.c.o)
                0x0000000000003360                digitalWrite
 .text.pinPeripheral
                0x00000000000033c0       0xc4 /Users/helenawilliams/Library/Caches/arduino/sketches/44C3AAA99780E49373EAB6CB67F17FB8/../../cores/SparkFun_samd_samd21_mini_f240a9748bc085abc870b20538c18981/core.a(wiring_private.c.o)
                0x00000000000033c0                pinPeripheral
 .text.initiateReset
                0x0000000000003484        0xc /Users/helenawilliams/Library/Caches/arduino/sketches/44C3AAA99780E49373EAB6CB67F17FB8/../../cores/SparkFun_samd_samd21_mini_f240a9748bc085abc870b20538c18981/core.a(Reset.cpp.o)
                0x0000000000003484                initiateReset
 .text.cancelReset
                0x0000000000003490       0x10 /Users/helenawilliams/Library/Caches/arduino/sketches/44C3AAA99780E49373EAB6CB67F17FB8/../../cores/SparkFun_samd_samd21_mini_f240a9748bc085abc870b20538c18981/core.a(Reset.cpp.o)
                0x0000000000003490                cancelReset
 .text.tickReset
                0x00000000000034a0       0x60 /Users/helenawilliams/Library/Caches/arduino/sketches/44C3AAA99780E49373EAB6CB67F17FB8/../../cores/SparkFun_samd_samd21_mini_f240a9748bc085abc870b20538c18981/core.a(Reset.cpp.o)
                0x00000000000034a0                tickReset
 .text._ZL5utox8mPc
                0x0000000000003500       0x1c /Users/helenawilliams/Library/Caches/arduino/sketches/44C3AAA99780E49373EAB6CB67F17FB8/../../cores/SparkFun_samd_samd21_mini_f240a9748bc085abc870b20538c18981/core.a(USBCore.cpp.o)
 .text._ZN14USBDeviceClass6initEPEmm.part.4
                0x000000000000351c       0xc8 /Users/helenawilliams/Library/Caches/arduino/sketches/44C3AAA99780E49373EAB6CB67F17FB8/../../cores/SparkFun_samd_samd21_mini_f240a9748bc085abc870b20538c18981/core.a(USBCore.cpp.o)
 .text._ZN20USBDevice_SAMD21G18x5resetEv
                0x00000000000035e4       0x28 /Users/helenawilliams/Library/Caches/arduino/sketches/44C3AAA99780E49373EAB6CB67F17FB8/../../cores/SparkFun_samd_samd21_mini_f240a9748bc085abc870b20538c18981/core.a(USBCore.cpp.o)
                0x00000000000035e4                USBDevice_SAMD21G18x::reset()
 .text._ZN20USBDevice_SAMD21G18x9calibrateEv
                0x000000000000360c       0x5c /Users/helenawilliams/Library/Caches/arduino/sketches/44C3AAA99780E49373EAB6CB67F17FB8/../../cores/SparkFun_samd_samd21_mini_f240a9748bc085abc870b20538c18981/core.a(USBCore.cpp.o)
                0x000000000000360c                USBDevice_SAMD21G18x::calibrate()
 .text._ZN7__GuardC2Ev
                0x0000000000003668        0xe /Users/helenawilliams/Library/Caches/arduino/sketches/44C3AAA99780E49373EAB6CB67F17FB8/../../cores/SparkFun_samd_samd21_mini_f240a9748bc085abc870b20538c18981/core.a(USBCore.cpp.o)
                0x0000000000003668                __Guard::__Guard()
                0x0000000000003668                __Guard::__Guard()
 .text._ZN7__GuardD2Ev
                0x0000000000003676        0xe /Users/helenawilliams/Library/Caches/arduino/sketches/44C3AAA99780E49373EAB6CB67F17FB8/../../cores/SparkFun_samd_samd21_mini_f240a9748bc085abc870b20538c18981/core.a(USBCore.cpp.o)
                0x0000000000003676                __Guard::~__Guard()
                0x0000000000003676                __Guard::~__Guard()
 .text._ZNK26DoubleBufferedEPOutHandler9availableEv
                0x0000000000003684       0x5e /Users/helenawilliams/Library/Caches/arduino/sketches/44C3AAA99780E49373EAB6CB67F17FB8/../../cores/SparkFun_samd_samd21_mini_f240a9748bc085abc870b20538c18981/core.a(USBCore.cpp.o)
                0x0000000000003684                DoubleBufferedEPOutHandler::available() const
 *fill*         0x00000000000036e2        0x2 
 .text._ZN26DoubleBufferedEPOutHandler7releaseEv
                0x00000000000036e4       0x58 /Users/helenawilliams/Library/Caches/arduino/sketches/44C3AAA99780E49373EAB6CB67F17FB8/../../cores/SparkFun_samd_samd21_mini_f240a9748bc085abc870b20538c18981/core.a(USBCore.cpp.o)
                0x00000000000036e4                DoubleBufferedEPOutHandler::release()
 .text._ZN26DoubleBufferedEPOutHandler4recvEPvm
                0x000000000000373c      0x11c /Users/helenawilliams/Library/Caches/arduino/sketches/44C3AAA99780E49373EAB6CB67F17FB8/../../cores/SparkFun_samd_samd21_mini_f240a9748bc085abc870b20538c18981/core.a(USBCore.cpp.o)
                0x000000000000373c                DoubleBufferedEPOutHandler::recv(void*, unsigned long)
 .text._ZN26DoubleBufferedEPOutHandler14handleEndpointEv
                0x0000000000003858       0xc8 /Users/helenawilliams/Library/Caches/arduino/sketches/44C3AAA99780E49373EAB6CB67F17FB8/../../cores/SparkFun_samd_samd21_mini_f240a9748bc085abc870b20538c18981/core.a(USBCore.cpp.o)
                0x0000000000003858                DoubleBufferedEPOutHandler::handleEndpoint()
 .text._ZN14USBDeviceClass14SendInterfacesEPm
                0x0000000000003920       0x2c /Users/helenawilliams/Library/Caches/arduino/sketches/44C3AAA99780E49373EAB6CB67F17FB8/../../cores/SparkFun_samd_samd21_mini_f240a9748bc085abc870b20538c18981/core.a(USBCore.cpp.o)
                0x0000000000003920                USBDeviceClass::SendInterfaces(unsigned long*)
 .text._ZN14USBDeviceClass14handleEndpointEh
                0x000000000000394c       0x40 /Users/helenawilliams/Library/Caches/arduino/sketches/44C3AAA99780E49373EAB6CB67F17FB8/../../cores/SparkFun_samd_samd21_mini_f240a9748bc085abc870b20538c18981/core.a(USBCore.cpp.o)
                0x000000000000394c                USBDeviceClass::handleEndpoint(unsigned char)
 .text._ZN14USBDeviceClass4initEv
                0x000000000000398c       0xf0 /Users/helenawilliams/Library/Caches/arduino/sketches/44C3AAA99780E49373EAB6CB67F17FB8/../../cores/SparkFun_samd_samd21_mini_f240a9748bc085abc870b20538c18981/core.a(USBCore.cpp.o)
                0x000000000000398c                USBDeviceClass::init()
 .text._ZN14USBDeviceClass6attachEv
                0x0000000000003a7c       0x34 /Users/helenawilliams/Library/Caches/arduino/sketches/44C3AAA99780E49373EAB6CB67F17FB8/../../cores/SparkFun_samd_samd21_mini_f240a9748bc085abc870b20538c18981/core.a(USBCore.cpp.o)
                0x0000000000003a7c                USBDeviceClass::attach()
 .text._ZN14USBDeviceClass10setAddressEm
                0x0000000000003ab0       0x48 /Users/helenawilliams/Library/Caches/arduino/sketches/44C3AAA99780E49373EAB6CB67F17FB8/../../cores/SparkFun_samd_samd21_mini_f240a9748bc085abc870b20538c18981/core.a(USBCore.cpp.o)
                0x0000000000003ab0                USBDeviceClass::setAddress(unsigned long)
 .text._ZN14USBDeviceClass25handleClassInterfaceSetupER8USBSetup
                0x0000000000003af8       0x40 /Users/helenawilliams/Library/Caches/arduino/sketches/44C3AAA99780E49373EAB6CB67F17FB8/../../cores/SparkFun_samd_samd21_mini_f240a9748bc085abc870b20538c18981/core.a(USBCore.cpp.o)
                0x0000000000003af8                USBDeviceClass::handleClassInterfaceSetup(USBSetup&)
 .text._ZN14USBDeviceClass6initEPEmm
                0x0000000000003b38       0xf4 /Users/helenawilliams/Library/Caches/arduino/sketches/44C3AAA99780E49373EAB6CB67F17FB8/../../cores/SparkFun_samd_samd21_mini_f240a9748bc085abc870b20538c18981/core.a(USBCore.cpp.o)
                0x0000000000003b38                USBDeviceClass::initEP(unsigned long, unsigned long)
 .text._ZN14USBDeviceClass13initEndpointsEv
                0x0000000000003c2c       0x24 /Users/helenawilliams/Library/Caches/arduino/sketches/44C3AAA99780E49373EAB6CB67F17FB8/../../cores/SparkFun_samd_samd21_mini_f240a9748bc085abc870b20538c18981/core.a(USBCore.cpp.o)
                0x0000000000003c2c                USBDeviceClass::initEndpoints()
 .text._ZN14USBDeviceClass9availableEm
                0x0000000000003c50       0x2c /Users/helenawilliams/Library/Caches/arduino/sketches/44C3AAA99780E49373EAB6CB67F17FB8/../../cores/SparkFun_samd_samd21_mini_f240a9748bc085abc870b20538c18981/core.a(USBCore.cpp.o)
                0x0000000000003c50                USBDeviceClass::available(unsigned long)
 .text._ZN14USBDeviceClass5flushEm
                0x0000000000003c7c       0x2c /Users/helenawilliams/Library/Caches/arduino/sketches/44C3AAA99780E49373EAB6CB67F17FB8/../../cores/SparkFun_samd_samd21_mini_f240a9748bc085abc870b20538c18981/core.a(USBCore.cpp.o)
                0x0000000000003c7c                USBDeviceClass::flush(unsigned long)
 .text._ZN14USBDeviceClass14armRecvCtrlOUTEm
                0x0000000000003ca8       0x60 /Users/helenawilliams/Library/Caches/arduino/sketches/44C3AAA99780E49373EAB6CB67F17FB8/../../cores/SparkFun_samd_samd21_mini_f240a9748bc085abc870b20538c18981/core.a(USBCore.cpp.o)
                0x0000000000003ca8                USBDeviceClass::armRecvCtrlOUT(unsigned long)
 .text._ZN14USBDeviceClass11recvControlEPvm
                0x0000000000003d08       0x3c /Users/helenawilliams/Library/Caches/arduino/sketches/44C3AAA99780E49373EAB6CB67F17FB8/../../cores/SparkFun_samd_samd21_mini_f240a9748bc085abc870b20538c18981/core.a(USBCore.cpp.o)
                0x0000000000003d08                USBDeviceClass::recvControl(void*, unsigned long)
 .text._ZN14USBDeviceClass7armRecvEm
                0x0000000000003d44       0x3c /Users/helenawilliams/Library/Caches/arduino/sketches/44C3AAA99780E49373EAB6CB67F17FB8/../../cores/SparkFun_samd_samd21_mini_f240a9748bc085abc870b20538c18981/core.a(USBCore.cpp.o)
                0x0000000000003d44                USBDeviceClass::armRecv(unsigned long)
 .text._ZN14USBDeviceClass4recvEmPvm
                0x0000000000003d80       0xd8 /Users/helenawilliams/Library/Caches/arduino/sketches/44C3AAA99780E49373EAB6CB67F17FB8/../../cores/SparkFun_samd_samd21_mini_f240a9748bc085abc870b20538c18981/core.a(USBCore.cpp.o)
                0x0000000000003d80                USBDeviceClass::recv(unsigned long, void*, unsigned long)
 .text._ZN14USBDeviceClass4recvEm
                0x0000000000003e58       0x1c /Users/helenawilliams/Library/Caches/arduino/sketches/44C3AAA99780E49373EAB6CB67F17FB8/../../cores/SparkFun_samd_samd21_mini_f240a9748bc085abc870b20538c18981/core.a(USBCore.cpp.o)
                0x0000000000003e58                USBDeviceClass::recv(unsigned long)
 .text._ZN14USBDeviceClass4sendEmPKvm
                0x0000000000003e74      0x124 /Users/helenawilliams/Library/Caches/arduino/sketches/44C3AAA99780E49373EAB6CB67F17FB8/../../cores/SparkFun_samd_samd21_mini_f240a9748bc085abc870b20538c18981/core.a(USBCore.cpp.o)
                0x0000000000003e74                USBDeviceClass::send(unsigned long, void const*, unsigned long)
 .text._ZN14USBDeviceClass7armSendEmPKvm
                0x0000000000003f98       0x48 /Users/helenawilliams/Library/Caches/arduino/sketches/44C3AAA99780E49373EAB6CB67F17FB8/../../cores/SparkFun_samd_samd21_mini_f240a9748bc085abc870b20538c18981/core.a(USBCore.cpp.o)
                0x0000000000003f98                USBDeviceClass::armSend(unsigned long, void const*, unsigned long)
 .text._ZN14USBDeviceClass11sendControlEPKvm
                0x0000000000003fe0       0x58 /Users/helenawilliams/Library/Caches/arduino/sketches/44C3AAA99780E49373EAB6CB67F17FB8/../../cores/SparkFun_samd_samd21_mini_f240a9748bc085abc870b20538c18981/core.a(USBCore.cpp.o)
                0x0000000000003fe0                USBDeviceClass::sendControl(void const*, unsigned long)
 .text._ZN14USBDeviceClass20sendStringDescriptorEPKhh
                0x0000000000004038       0x68 /Users/helenawilliams/Library/Caches/arduino/sketches/44C3AAA99780E49373EAB6CB67F17FB8/../../cores/SparkFun_samd_samd21_mini_f240a9748bc085abc870b20538c18981/core.a(USBCore.cpp.o)
                0x0000000000004038                USBDeviceClass::sendStringDescriptor(unsigned char const*, unsigned char)
 .text._ZN14USBDeviceClass12packMessagesEb.part.6
                0x00000000000040a0       0x20 /Users/helenawilliams/Library/Caches/arduino/sketches/44C3AAA99780E49373EAB6CB67F17FB8/../../cores/SparkFun_samd_samd21_mini_f240a9748bc085abc870b20538c18981/core.a(USBCore.cpp.o)
 .text._ZN14USBDeviceClass17sendConfigurationEm
                0x00000000000040c0       0x90 /Users/helenawilliams/Library/Caches/arduino/sketches/44C3AAA99780E49373EAB6CB67F17FB8/../../cores/SparkFun_samd_samd21_mini_f240a9748bc085abc870b20538c18981/core.a(USBCore.cpp.o)
                0x00000000000040c0                USBDeviceClass::sendConfiguration(unsigned long)
 .text._ZN14USBDeviceClass14sendDescriptorER8USBSetup
                0x0000000000004150       0xec /Users/helenawilliams/Library/Caches/arduino/sketches/44C3AAA99780E49373EAB6CB67F17FB8/../../cores/SparkFun_samd_samd21_mini_f240a9748bc085abc870b20538c18981/core.a(USBCore.cpp.o)
                0x0000000000004150                USBDeviceClass::sendDescriptor(USBSetup&)
 .text._ZN14USBDeviceClass19handleStandardSetupER8USBSetup
                0x000000000000423c      0x118 /Users/helenawilliams/Library/Caches/arduino/sketches/44C3AAA99780E49373EAB6CB67F17FB8/../../cores/SparkFun_samd_samd21_mini_f240a9748bc085abc870b20538c18981/core.a(USBCore.cpp.o)
                0x000000000000423c                USBDeviceClass::handleStandardSetup(USBSetup&)
 .text._ZN14USBDeviceClass10ISRHandlerEv
                0x0000000000004354      0x150 /Users/helenawilliams/Library/Caches/arduino/sketches/44C3AAA99780E49373EAB6CB67F17FB8/../../cores/SparkFun_samd_samd21_mini_f240a9748bc085abc870b20538c18981/core.a(USBCore.cpp.o)
                0x0000000000004354                USBDeviceClass::ISRHandler()
 .text.UDD_Handler
                0x00000000000044a4       0x10 /Users/helenawilliams/Library/Caches/arduino/sketches/44C3AAA99780E49373EAB6CB67F17FB8/../../cores/SparkFun_samd_samd21_mini_f240a9748bc085abc870b20538c18981/core.a(USBCore.cpp.o)
                0x00000000000044a4                UDD_Handler
 .text.startup._GLOBAL__sub_I__ZN20USBDevice_SAMD21G18x5resetEv
                0x00000000000044b4       0x10 /Users/helenawilliams/Library/Caches/arduino/sketches/44C3AAA99780E49373EAB6CB67F17FB8/../../cores/SparkFun_samd_samd21_mini_f240a9748bc085abc870b20538c18981/core.a(USBCore.cpp.o)
 .text._Znwj    0x00000000000044c4        0x8 /Users/helenawilliams/Library/Caches/arduino/sketches/44C3AAA99780E49373EAB6CB67F17FB8/../../cores/SparkFun_samd_samd21_mini_f240a9748bc085abc870b20538c18981/core.a(new.cpp.o)
                0x00000000000044c4                operator new(unsigned int)
 .text._ZN7Serial_17availableForWriteEv
                0x00000000000044cc        0x4 /Users/helenawilliams/Library/Caches/arduino/sketches/44C3AAA99780E49373EAB6CB67F17FB8/../../cores/SparkFun_samd_samd21_mini_f240a9748bc085abc870b20538c18981/core.a(CDC.cpp.o)
                0x00000000000044cc                Serial_::availableForWrite()
 .text._ZN7Serial_5writeEh
                0x00000000000044d0       0x14 /Users/helenawilliams/Library/Caches/arduino/sketches/44C3AAA99780E49373EAB6CB67F17FB8/../../cores/SparkFun_samd_samd21_mini_f240a9748bc085abc870b20538c18981/core.a(CDC.cpp.o)
                0x00000000000044d0                Serial_::write(unsigned char)
 .text._ZN7Serial_9availableEv
                0x00000000000044e4        0xc /Users/helenawilliams/Library/Caches/arduino/sketches/44C3AAA99780E49373EAB6CB67F17FB8/../../cores/SparkFun_samd_samd21_mini_f240a9748bc085abc870b20538c18981/core.a(CDC.cpp.o)
                0x00000000000044e4                Serial_::available()
 .text._ZN7Serial_5flushEv
                0x00000000000044f0        0xc /Users/helenawilliams/Library/Caches/arduino/sketches/44C3AAA99780E49373EAB6CB67F17FB8/../../cores/SparkFun_samd_samd21_mini_f240a9748bc085abc870b20538c18981/core.a(CDC.cpp.o)
                0x00000000000044f0                Serial_::flush()
 .text._ZN7Serial_5writeEPKhj
                0x00000000000044fc       0x1c /Users/helenawilliams/Library/Caches/arduino/sketches/44C3AAA99780E49373EAB6CB67F17FB8/../../cores/SparkFun_samd_samd21_mini_f240a9748bc085abc870b20538c18981/core.a(CDC.cpp.o)
                0x00000000000044fc                Serial_::write(unsigned char const*, unsigned int)
 .text._ZN7Serial_4peekEv
                0x0000000000004518       0x1c /Users/helenawilliams/Library/Caches/arduino/sketches/44C3AAA99780E49373EAB6CB67F17FB8/../../cores/SparkFun_samd_samd21_mini_f240a9748bc085abc870b20538c18981/core.a(CDC.cpp.o)
                0x0000000000004518                Serial_::peek()
 .text._ZN7Serial_4readEv
                0x0000000000004534       0x24 /Users/helenawilliams/Library/Caches/arduino/sketches/44C3AAA99780E49373EAB6CB67F17FB8/../../cores/SparkFun_samd_samd21_mini_f240a9748bc085abc870b20538c18981/core.a(CDC.cpp.o)
                0x0000000000004534                Serial_::read()
 .text._Z16CDC_GetInterfacePh
                0x0000000000004558       0x1c /Users/helenawilliams/Library/Caches/arduino/sketches/44C3AAA99780E49373EAB6CB67F17FB8/../../cores/SparkFun_samd_samd21_mini_f240a9748bc085abc870b20538c18981/core.a(CDC.cpp.o)
                0x0000000000004558                CDC_GetInterface(unsigned char*)
 .text._Z9CDC_SetupR8USBSetup
                0x0000000000004574       0x80 /Users/helenawilliams/Library/Caches/arduino/sketches/44C3AAA99780E49373EAB6CB67F17FB8/../../cores/SparkFun_samd_samd21_mini_f240a9748bc085abc870b20538c18981/core.a(CDC.cpp.o)
                0x0000000000004574                CDC_Setup(USBSetup&)
 .text.startup._GLOBAL__sub_I__Z17_CDC_GetInterfacev
                0x00000000000045f4       0x28 /Users/helenawilliams/Library/Caches/arduino/sketches/44C3AAA99780E49373EAB6CB67F17FB8/../../cores/SparkFun_samd_samd21_mini_f240a9748bc085abc870b20538c18981/core.a(CDC.cpp.o)
 .text._ZN13PluggableUSB_12getInterfaceEPh
                0x000000000000461c       0x2a /Users/helenawilliams/Library/Caches/arduino/sketches/44C3AAA99780E49373EAB6CB67F17FB8/../../cores/SparkFun_samd_samd21_mini_f240a9748bc085abc870b20538c18981/core.a(PluggableUSB.cpp.o)
                0x000000000000461c                PluggableUSB_::getInterface(unsigned char*)
 .text._ZN13PluggableUSB_13getDescriptorER8USBSetup
                0x0000000000004646       0x20 /Users/helenawilliams/Library/Caches/arduino/sketches/44C3AAA99780E49373EAB6CB67F17FB8/../../cores/SparkFun_samd_samd21_mini_f240a9748bc085abc870b20538c18981/core.a(PluggableUSB.cpp.o)
                0x0000000000004646                PluggableUSB_::getDescriptor(USBSetup&)
 .text._ZN13PluggableUSB_12getShortNameEPc
                0x0000000000004666       0x1e /Users/helenawilliams/Library/Caches/arduino/sketches/44C3AAA99780E49373EAB6CB67F17FB8/../../cores/SparkFun_samd_samd21_mini_f240a9748bc085abc870b20538c18981/core.a(PluggableUSB.cpp.o)
                0x0000000000004666                PluggableUSB_::getShortName(char*)
 .text._ZN13PluggableUSB_5setupER8USBSetup
                0x0000000000004684       0x24 /Users/helenawilliams/Library/Caches/arduino/sketches/44C3AAA99780E49373EAB6CB67F17FB8/../../cores/SparkFun_samd_samd21_mini_f240a9748bc085abc870b20538c18981/core.a(PluggableUSB.cpp.o)
                0x0000000000004684                PluggableUSB_::setup(USBSetup&)
 .text._Z12PluggableUSBv
                0x00000000000046a8       0x24 /Users/helenawilliams/Library/Caches/arduino/sketches/44C3AAA99780E49373EAB6CB67F17FB8/../../cores/SparkFun_samd_samd21_mini_f240a9748bc085abc870b20538c18981/core.a(PluggableUSB.cpp.o)
                0x00000000000046a8                PluggableUSB()
 .text          0x00000000000046cc       0x14 /Users/helenawilliams/Library/Arduino15/packages/arduino/tools/arm-none-eabi-gcc/4.8.3-2014q1/bin/../lib/gcc/arm-none-eabi/4.8.3/armv6-m/libgcc.a(_thumb1_case_uqi.o)
                0x00000000000046cc                __gnu_thumb1_case_uqi
 .text          0x00000000000046e0       0x9c /Users/helenawilliams/Library/Arduino15/packages/arduino/tools/arm-none-eabi-gcc/4.8.3-2014q1/bin/../lib/gcc/arm-none-eabi/4.8.3/armv6-m/libgcc.a(_udivsi3.o)
                0x00000000000046e0                __udivsi3
                0x00000000000046e0                __aeabi_uidiv
                0x0000000000004768                __aeabi_uidivmod
 .text          0x000000000000477c       0xc0 /Users/helenawilliams/Library/Arduino15/packages/arduino/tools/arm-none-eabi-gcc/4.8.3-2014q1/bin/../lib/gcc/arm-none-eabi/4.8.3/armv6-m/libgcc.a(_divsi3.o)
                0x000000000000477c                __aeabi_idiv
                0x000000000000477c                __divsi3
                0x0000000000004828                __aeabi_idivmod
 .text          0x000000000000483c        0x4 /Users/helenawilliams/Library/Arduino15/packages/arduino/tools/arm-none-eabi-gcc/4.8.3-2014q1/bin/../lib/gcc/arm-none-eabi/4.8.3/armv6-m/libgcc.a(_dvmd_tls.o)
                0x000000000000483c                __aeabi_ldiv0
                0x000000000000483c                __aeabi_idiv0
 .text.__aeabi_atexit
                0x0000000000004840        0xe /Users/helenawilliams/Library/Arduino15/packages/arduino/tools/arm-none-eabi-gcc/4.8.3-2014q1/bin/../lib/gcc/arm-none-eabi/4.8.3/../../../../arm-none-eabi/lib/armv6-m/libc_s.a(lib_a-aeabi_atexit.o)
                0x0000000000004840                __aeabi_atexit
 *fill*         0x000000000000484e        0x2 
 .text.__cxa_atexit
                0x0000000000004850       0x20 /Users/helenawilliams/Library/Arduino15/packages/arduino/tools/arm-none-eabi-gcc/4.8.3-2014q1/bin/../lib/gcc/arm-none-eabi/4.8.3/../../../../arm-none-eabi/lib/armv6-m/libc_s.a(lib_a-cxa_atexit.o)
                0x0000000000004850                __cxa_atexit
 .text.__libc_init_array
                0x0000000000004870       0x4c /Users/helenawilliams/Library/Arduino15/packages/arduino/tools/arm-none-eabi-gcc/4.8.3-2014q1/bin/../lib/gcc/arm-none-eabi/4.8.3/../../../../arm-none-eabi/lib/armv6-m/libc_s.a(lib_a-init.o)
                0x0000000000004870                __libc_init_array
 .text.malloc   0x00000000000048bc       0x14 /Users/helenawilliams/Library/Arduino15/packages/arduino/tools/arm-none-eabi-gcc/4.8.3-2014q1/bin/../lib/gcc/arm-none-eabi/4.8.3/../../../../arm-none-eabi/lib/armv6-m/libc_s.a(lib_a-malloc.o)
                0x00000000000048bc                malloc
 .text.memcpy   0x00000000000048d0       0x12 /Users/helenawilliams/Library/Arduino15/packages/arduino/tools/arm-none-eabi-gcc/4.8.3-2014q1/bin/../lib/gcc/arm-none-eabi/4.8.3/../../../../arm-none-eabi/lib/armv6-m/libc_s.a(lib_a-memcpy-stub.o)
                0x00000000000048d0                memcpy
 .text.memset   0x00000000000048e2       0x10 /Users/helenawilliams/Library/Arduino15/packages/arduino/tools/arm-none-eabi-gcc/4.8.3-2014q1/bin/../lib/gcc/arm-none-eabi/4.8.3/../../../../arm-none-eabi/lib/armv6-m/libc_s.a(lib_a-memset.o)
                0x00000000000048e2                memset
 *fill*         0x00000000000048f2        0x2 
 .text._malloc_r
                0x00000000000048f4       0xa8 /Users/helenawilliams/Library/Arduino15/packages/arduino/tools/arm-none-eabi-gcc/4.8.3-2014q1/bin/../lib/gcc/arm-none-eabi/4.8.3/../../../../arm-none-eabi/lib/armv6-m/libc_s.a(lib_a-nano-mallocr.o)
                0x00000000000048f4                _malloc_r
 .text._sbrk_r  0x000000000000499c       0x24 /Users/helenawilliams/Library/Arduino15/packages/arduino/tools/arm-none-eabi-gcc/4.8.3-2014q1/bin/../lib/gcc/arm-none-eabi/4.8.3/../../../../arm-none-eabi/lib/armv6-m/libc_s.a(lib_a-sbrkr.o)
                0x000000000000499c                _sbrk_r
 .text.strlen   0x00000000000049c0        0xe /Users/helenawilliams/Library/Arduino15/packages/arduino/tools/arm-none-eabi-gcc/4.8.3-2014q1/bin/../lib/gcc/arm-none-eabi/4.8.3/../../../../arm-none-eabi/lib/armv6-m/libc_s.a(lib_a-strlen.o)
                0x00000000000049c0                strlen
 *fill*         0x00000000000049ce        0x2 
 .text._sbrk    0x00000000000049d0       0x34 /Users/helenawilliams/Library/Arduino15/packages/arduino/tools/arm-none-eabi-gcc/4.8.3-2014q1/bin/../lib/gcc/arm-none-eabi/4.8.3/../../../../arm-none-eabi/lib/armv6-m/libnosys.a(sbrk.o)
                0x00000000000049d0                _sbrk
 *(.init)
 .init          0x0000000000004a04        0x4 /Users/helenawilliams/Library/Arduino15/packages/arduino/tools/arm-none-eabi-gcc/4.8.3-2014q1/bin/../lib/gcc/arm-none-eabi/4.8.3/armv6-m/crti.o
                0x0000000000004a04                _init
 .init          0x0000000000004a08        0x8 /Users/helenawilliams/Library/Arduino15/packages/arduino/tools/arm-none-eabi-gcc/4.8.3-2014q1/bin/../lib/gcc/arm-none-eabi/4.8.3/armv6-m/crtn.o
 *(.fini)
 .fini          0x0000000000004a10        0x4 /Users/helenawilliams/Library/Arduino15/packages/arduino/tools/arm-none-eabi-gcc/4.8.3-2014q1/bin/../lib/gcc/arm-none-eabi/4.8.3/armv6-m/crti.o
                0x0000000000004a10                _fini
 .fini          0x0000000000004a14        0x8 /Users/helenawilliams/Library/Arduino15/packages/arduino/tools/arm-none-eabi-gcc/4.8.3-2014q1/bin/../lib/gcc/arm-none-eabi/4.8.3/armv6-m/crtn.o
 *crtbegin.o(.ctors)
 *crtbegin?.o(.ctors)
 *(EXCLUDE_FILE(*crtend.o *crtend?.o) .ctors)
 *(SORT(.ctors.*))
 *(.ctors)
 *crtbegin.o(.dtors)
 *crtbegin?.o(.dtors)
 *(EXCLUDE_FILE(*crtend.o *crtend?.o) .dtors)
 *(SORT(.dtors.*))
 *(.dtors)
 *(.rodata*)
 .rodata.str1.1
                0x0000000000004a1c        0x8 /Users/helenawilliams/Library/Caches/arduino/sketches/44C3AAA99780E49373EAB6CB67F17FB8/sketch/rtt-test.ino.cpp.o
 *fill*         0x0000000000004a24        0x4 
 .rodata._ZTV9RTTStream
                0x0000000000004a28       0x28 /Users/helenawilliams/Library/Caches/arduino/sketches/44C3AAA99780E49373EAB6CB67F17FB8/libraries/RTT_Stream/RTTStream.cpp.o
                0x0000000000004a28                vtable for RTTStream
 .rodata._aInitStr.4999
                0x0000000000004a50       0x11 /Users/helenawilliams/Library/Caches/arduino/sketches/44C3AAA99780E49373EAB6CB67F17FB8/libraries/RTT_Stream/SEGGER_RTT.c.o
 .rodata.str1.1
                0x0000000000004a61        0x9 /Users/helenawilliams/Library/Caches/arduino/sketches/44C3AAA99780E49373EAB6CB67F17FB8/libraries/RTT_Stream/SEGGER_RTT.c.o
 *fill*         0x0000000000004a6a        0x2 
 .rodata.g_APinDescription
                0x0000000000004a6c      0x420 /Users/helenawilliams/Library/Caches/arduino/sketches/44C3AAA99780E49373EAB6CB67F17FB8/core/variant.cpp.o
                0x0000000000004a6c                g_APinDescription
 .rodata.str1.1
                0x0000000000004e8c        0xf /Users/helenawilliams/Library/Caches/arduino/sketches/44C3AAA99780E49373EAB6CB67F17FB8/../../cores/SparkFun_samd_samd21_mini_f240a9748bc085abc870b20538c18981/core.a(Print.cpp.o)
 *fill*         0x0000000000004e9b        0x5 
 .rodata._ZTV4Uart
                0x0000000000004ea0       0x38 /Users/helenawilliams/Library/Caches/arduino/sketches/44C3AAA99780E49373EAB6CB67F17FB8/../../cores/SparkFun_samd_samd21_mini_f240a9748bc085abc870b20538c18981/core.a(Uart.cpp.o)
                0x0000000000004ea0                vtable for Uart
 .rodata._ZTV26DoubleBufferedEPOutHandler
                0x0000000000004ed8       0x18 /Users/helenawilliams/Library/Caches/arduino/sketches/44C3AAA99780E49373EAB6CB67F17FB8/../../cores/SparkFun_samd_samd21_mini_f240a9748bc085abc870b20538c18981/core.a(USBCore.cpp.o)
                0x0000000000004ed8                vtable for DoubleBufferedEPOutHandler
 .rodata._ZL19STRING_MANUFACTURER
                0x0000000000004ef0        0x9 /Users/helenawilliams/Library/Caches/arduino/sketches/44C3AAA99780E49373EAB6CB67F17FB8/../../cores/SparkFun_samd_samd21_mini_f240a9748bc085abc870b20538c18981/core.a(USBCore.cpp.o)
 *fill*         0x0000000000004ef9        0x1 
 .rodata._ZL15STRING_LANGUAGE
                0x0000000000004efa        0x4 /Users/helenawilliams/Library/Caches/arduino/sketches/44C3AAA99780E49373EAB6CB67F17FB8/../../cores/SparkFun_samd_samd21_mini_f240a9748bc085abc870b20538c18981/core.a(USBCore.cpp.o)
 .rodata._ZL21USB_DeviceDescriptorB
                0x0000000000004efe       0x12 /Users/helenawilliams/Library/Caches/arduino/sketches/44C3AAA99780E49373EAB6CB67F17FB8/../../cores/SparkFun_samd_samd21_mini_f240a9748bc085abc870b20538c18981/core.a(USBCore.cpp.o)
 .rodata._ZL14STRING_PRODUCT
                0x0000000000004f10        0xb /Users/helenawilliams/Library/Caches/arduino/sketches/44C3AAA99780E49373EAB6CB67F17FB8/../../cores/SparkFun_samd_samd21_mini_f240a9748bc085abc870b20538c18981/core.a(USBCore.cpp.o)
 *fill*         0x0000000000004f1b        0x5 
 .rodata._ZTV7Serial_
                0x0000000000004f20       0x28 /Users/helenawilliams/Library/Caches/arduino/sketches/44C3AAA99780E49373EAB6CB67F17FB8/../../cores/SparkFun_samd_samd21_mini_f240a9748bc085abc870b20538c18981/core.a(CDC.cpp.o)
                0x0000000000004f20                vtable for Serial_
 .rodata.str1.1
                0x0000000000004f48        0x2 /Users/helenawilliams/Library/Arduino15/packages/arduino/tools/arm-none-eabi-gcc/4.8.3-2014q1/bin/../lib/gcc/arm-none-eabi/4.8.3/../../../../arm-none-eabi/lib/armv6-m/libc_s.a(lib_a-impure.o)
 *(.eh_frame*)
 *fill*         0x0000000000004f4a        0x2 
 .eh_frame      0x0000000000004f4c        0x0 /Users/helenawilliams/Library/Arduino15/packages/arduino/tools/arm-none-eabi-gcc/4.8.3-2014q1/bin/../lib/gcc/arm-none-eabi/4.8.3/armv6-m/crtbegin.o
 .eh_frame      0x0000000000004f4c        0x4 /Users/helenawilliams/Library/Arduino15/packages/arduino/tools/arm-none-eabi-gcc/4.8.3-2014q1/bin/../lib/gcc/arm-none-eabi/4.8.3/armv6-m/crtend.o

.glue_7         0x0000000000004f50        0x0
 .glue_7        0x0000000000000000        0x0 linker stubs

.glue_7t        0x0000000000004f50        0x0
 .glue_7t       0x0000000000000000        0x0 linker stubs

.vfp11_veneer   0x0000000000004f50        0x0
 .vfp11_veneer  0x0000000000000000        0x0 linker stubs

.v4_bx          0x0000000000004f50        0x0
 .v4_bx         0x0000000000000000        0x0 linker stubs

.iplt           0x0000000000004f50        0x0
 .iplt          0x0000000000000000        0x0 /Users/helenawilliams/Library/Arduino15/packages/arduino/tools/arm-none-eabi-gcc/4.8.3-2014q1/bin/../lib/gcc/arm-none-eabi/4.8.3/armv6-m/crtbegin.o

.rel.dyn        0x0000000000004f50        0x0
 .rel.iplt      0x0000000000000000        0x0 /Users/helenawilliams/Library/Arduino15/packages/arduino/tools/arm-none-eabi-gcc/4.8.3-2014q1/bin/../lib/gcc/arm-none-eabi/4.8.3/armv6-m/crtbegin.o

.ARM.extab
 *(.ARM.extab* .gnu.linkonce.armextab.*)
                0x0000000000004f50                __exidx_start = .

.ARM.exidx
 *(.ARM.exidx* .gnu.linkonce.armexidx.*)
                0x0000000000004f50                __exidx_end = .
                0x0000000000004f50                __etext = .

.data           0x0000000020000000      0x124 load address 0x0000000000004f50
                0x0000000020000000                __data_start__ = .
 *(vtable)
 *(.data*)
 .data          0x0000000020000000        0x4 /Users/helenawilliams/Library/Arduino15/packages/arduino/tools/arm-none-eabi-gcc/4.8.3-2014q1/bin/../lib/gcc/arm-none-eabi/4.8.3/armv6-m/crtbegin.o
                0x0000000020000000                __dso_handle
 .data.BTTNS    0x0000000020000004        0x4 /Users/helenawilliams/Library/Caches/arduino/sketches/44C3AAA99780E49373EAB6CB67F17FB8/sketch/rtt-test.ino.cpp.o
                0x0000000020000004                BTTNS
 .data.STK_A    0x0000000020000008        0x4 /Users/helenawilliams/Library/Caches/arduino/sketches/44C3AAA99780E49373EAB6CB67F17FB8/sketch/rtt-test.ino.cpp.o
                0x0000000020000008                STK_A
 .data.STK_B    0x000000002000000c        0x4 /Users/helenawilliams/Library/Caches/arduino/sketches/44C3AAA99780E49373EAB6CB67F17FB8/sketch/rtt-test.ino.cpp.o
                0x000000002000000c                STK_B
 .data.STK_C    0x0000000020000010        0x4 /Users/helenawilliams/Library/Caches/arduino/sketches/44C3AAA99780E49373EAB6CB67F17FB8/sketch/rtt-test.ino.cpp.o
                0x0000000020000010                STK_C
 .data.STK_D    0x0000000020000014        0x4 /Users/helenawilliams/Library/Caches/arduino/sketches/44C3AAA99780E49373EAB6CB67F17FB8/sketch/rtt-test.ino.cpp.o
                0x0000000020000014                STK_D
 .data.SystemCoreClock
                0x0000000020000018        0x4 /Users/helenawilliams/Library/Caches/arduino/sketches/44C3AAA99780E49373EAB6CB67F17FB8/../../cores/SparkFun_samd_samd21_mini_f240a9748bc085abc870b20538c18981/core.a(wiring.c.o)
                0x0000000020000018                SystemCoreClock
 .data._ADCResolution
                0x000000002000001c        0x4 /Users/helenawilliams/Library/Caches/arduino/sketches/44C3AAA99780E49373EAB6CB67F17FB8/../../cores/SparkFun_samd_samd21_mini_f240a9748bc085abc870b20538c18981/core.a(wiring_analog.c.o)
 .data._readResolution
                0x0000000020000020        0x4 /Users/helenawilliams/Library/Caches/arduino/sketches/44C3AAA99780E49373EAB6CB67F17FB8/../../cores/SparkFun_samd_samd21_mini_f240a9748bc085abc870b20538c18981/core.a(wiring_analog.c.o)
 .data._ZL5ticks
                0x0000000020000024        0x4 /Users/helenawilliams/Library/Caches/arduino/sketches/44C3AAA99780E49373EAB6CB67F17FB8/../../cores/SparkFun_samd_samd21_mini_f240a9748bc085abc870b20538c18981/core.a(Reset.cpp.o)
 .data.EndPoints
                0x0000000020000028       0x28 /Users/helenawilliams/Library/Caches/arduino/sketches/44C3AAA99780E49373EAB6CB67F17FB8/../../cores/SparkFun_samd_samd21_mini_f240a9748bc085abc870b20538c18981/core.a(USBCore.cpp.o)
                0x0000000020000028                EndPoints
 .data._ZL12_usbLineInfo
                0x0000000020000050        0x8 /Users/helenawilliams/Library/Caches/arduino/sketches/44C3AAA99780E49373EAB6CB67F17FB8/../../cores/SparkFun_samd_samd21_mini_f240a9748bc085abc870b20538c18981/core.a(CDC.cpp.o)
 .data._ZL10breakValue
                0x0000000020000058        0x4 /Users/helenawilliams/Library/Caches/arduino/sketches/44C3AAA99780E49373EAB6CB67F17FB8/../../cores/SparkFun_samd_samd21_mini_f240a9748bc085abc870b20538c18981/core.a(CDC.cpp.o)
 .data._ZL13_cdcInterface
                0x000000002000005c       0x42 /Users/helenawilliams/Library/Caches/arduino/sketches/44C3AAA99780E49373EAB6CB67F17FB8/../../cores/SparkFun_samd_samd21_mini_f240a9748bc085abc870b20538c18981/core.a(CDC.cpp.o)
 *fill*         0x000000002000009e        0x2 
 .data._serialPeek
                0x00000000200000a0        0x4 /Users/helenawilliams/Library/Caches/arduino/sketches/44C3AAA99780E49373EAB6CB67F17FB8/../../cores/SparkFun_samd_samd21_mini_f240a9748bc085abc870b20538c18981/core.a(CDC.cpp.o)
                0x00000000200000a0                _serialPeek
 .data.impure_data
                0x00000000200000a4       0x60 /Users/helenawilliams/Library/Arduino15/packages/arduino/tools/arm-none-eabi-gcc/4.8.3-2014q1/bin/../lib/gcc/arm-none-eabi/4.8.3/../../../../arm-none-eabi/lib/armv6-m/libc_s.a(lib_a-impure.o)
 .data._impure_ptr
                0x0000000020000104        0x4 /Users/helenawilliams/Library/Arduino15/packages/arduino/tools/arm-none-eabi-gcc/4.8.3-2014q1/bin/../lib/gcc/arm-none-eabi/4.8.3/../../../../arm-none-eabi/lib/armv6-m/libc_s.a(lib_a-impure.o)
                0x0000000020000104                _impure_ptr
                0x0000000020000108                . = ALIGN (0x4)
                0x0000000020000108                PROVIDE (__preinit_array_start, .)
 *(.preinit_array)
                0x0000000020000108                PROVIDE (__preinit_array_end, .)
                0x0000000020000108                . = ALIGN (0x4)
                0x0000000020000108                PROVIDE (__init_array_start, .)
 *(SORT(.init_array.*))
 *(.init_array)
 .init_array    0x0000000020000108        0x4 /Users/helenawilliams/Library/Arduino15/packages/arduino/tools/arm-none-eabi-gcc/4.8.3-2014q1/bin/../lib/gcc/arm-none-eabi/4.8.3/armv6-m/crtbegin.o
 .init_array    0x000000002000010c        0x4 /Users/helenawilliams/Library/Caches/arduino/sketches/44C3AAA99780E49373EAB6CB67F17FB8/sketch/rtt-test.ino.cpp.o
 .init_array    0x0000000020000110        0x4 /Users/helenawilliams/Library/Caches/arduino/sketches/44C3AAA99780E49373EAB6CB67F17FB8/core/variant.cpp.o
 .init_array    0x0000000020000114        0x4 /Users/helenawilliams/Library/Caches/arduino/sketches/44C3AAA99780E49373EAB6CB67F17FB8/../../cores/SparkFun_samd_samd21_mini_f240a9748bc085abc870b20538c18981/core.a(USBCore.cpp.o)
 .init_array    0x0000000020000118        0x4 /Users/helenawilliams/Library/Caches/arduino/sketches/44C3AAA99780E49373EAB6CB67F17FB8/../../cores/SparkFun_samd_samd21_mini_f240a9748bc085abc870b20538c18981/core.a(CDC.cpp.o)
                0x000000002000011c                PROVIDE (__init_array_end, .)
                0x000000002000011c                . = ALIGN (0x4)
                0x000000002000011c                PROVIDE (__fini_array_start, .)
 *(SORT(.fini_array.*))
 *(.fini_array)
 .fini_array    0x000000002000011c        0x4 /Users/helenawilliams/Library/Arduino15/packages/arduino/tools/arm-none-eabi-gcc/4.8.3-2014q1/bin/../lib/gcc/arm-none-eabi/4.8.3/armv6-m/crtbegin.o
                0x0000000020000120                PROVIDE (__fini_array_end, .)
 *(.jcr*)
 .jcr           0x0000000020000120        0x0 /Users/helenawilliams/Library/Arduino15/packages/arduino/tools/arm-none-eabi-gcc/4.8.3-2014q1/bin/../lib/gcc/arm-none-eabi/4.8.3/armv6-m/crtbegin.o
 .jcr           0x0000000020000120        0x4 /Users/helenawilliams/Library/Arduino15/packages/arduino/tools/arm-none-eabi-gcc/4.8.3-2014q1/bin/../lib/gcc/arm-none-eabi/4.8.3/armv6-m/crtend.o
                0x0000000020000124                . = ALIGN (0x4)
                0x0000000020000124                __data_end__ = .

.igot.plt       0x0000000020000124        0x0 load address 0x0000000000005074
 .igot.plt      0x0000000000000000        0x0 /Users/helenawilliams/Library/Arduino15/packages/arduino/tools/arm-none-eabi-gcc/4.8.3-2014q1/bin/../lib/gcc/arm-none-eabi/4.8.3/armv6-m/crtbegin.o

.bss            0x0000000020000124      0xc88 load address 0x0000000000005074
                0x0000000020000124                . = ALIGN (0x4)
                0x0000000020000124                __bss_start__ = .
 *(.bss*)
 .bss           0x0000000020000124       0x1c /Users/helenawilliams/Library/Arduino15/packages/arduino/tools/arm-none-eabi-gcc/4.8.3-2014q1/bin/../lib/gcc/arm-none-eabi/4.8.3/armv6-m/crtbegin.o
 .bss.rtt       0x0000000020000140       0x14 /Users/helenawilliams/Library/Caches/arduino/sketches/44C3AAA99780E49373EAB6CB67F17FB8/sketch/rtt-test.ino.cpp.o
                0x0000000020000140                rtt
 .bss.last_avg  0x0000000020000154        0x4 /Users/helenawilliams/Library/Caches/arduino/sketches/44C3AAA99780E49373EAB6CB67F17FB8/sketch/rtt-test.ino.cpp.o
                0x0000000020000154                last_avg
 .bss.avg       0x0000000020000158        0x4 /Users/helenawilliams/Library/Caches/arduino/sketches/44C3AAA99780E49373EAB6CB67F17FB8/sketch/rtt-test.ino.cpp.o
                0x0000000020000158                avg
 .bss.STK_CEN   0x000000002000015c        0x4 /Users/helenawilliams/Library/Caches/arduino/sketches/44C3AAA99780E49373EAB6CB67F17FB8/sketch/rtt-test.ino.cpp.o
                0x000000002000015c                STK_CEN
 .bss.idx       0x0000000020000160        0x4 /Users/helenawilliams/Library/Caches/arduino/sketches/44C3AAA99780E49373EAB6CB67F17FB8/sketch/rtt-test.ino.cpp.o
                0x0000000020000160                idx
 .bss._acDownBuffer
                0x0000000020000164       0x10 /Users/helenawilliams/Library/Caches/arduino/sketches/44C3AAA99780E49373EAB6CB67F17FB8/libraries/RTT_Stream/SEGGER_RTT.c.o
 .bss._acUpBuffer
                0x0000000020000174      0x400 /Users/helenawilliams/Library/Caches/arduino/sketches/44C3AAA99780E49373EAB6CB67F17FB8/libraries/RTT_Stream/SEGGER_RTT.c.o
 .bss.Serial    0x0000000020000574       0xbc /Users/helenawilliams/Library/Caches/arduino/sketches/44C3AAA99780E49373EAB6CB67F17FB8/core/variant.cpp.o
                0x0000000020000574                Serial
 .bss.Serial1   0x0000000020000630       0xbc /Users/helenawilliams/Library/Caches/arduino/sketches/44C3AAA99780E49373EAB6CB67F17FB8/core/variant.cpp.o
                0x0000000020000630                Serial1
 .bss.sercom3   0x00000000200006ec        0x4 /Users/helenawilliams/Library/Caches/arduino/sketches/44C3AAA99780E49373EAB6CB67F17FB8/core/variant.cpp.o
                0x00000000200006ec                sercom3
 .bss.sercom0   0x00000000200006f0        0x4 /Users/helenawilliams/Library/Caches/arduino/sketches/44C3AAA99780E49373EAB6CB67F17FB8/core/variant.cpp.o
                0x00000000200006f0                sercom0
 .bss.sercom1   0x00000000200006f4        0x4 /Users/helenawilliams/Library/Caches/arduino/sketches/44C3AAA99780E49373EAB6CB67F17FB8/core/variant.cpp.o
                0x00000000200006f4                sercom1
 .bss.sercom2   0x00000000200006f8        0x4 /Users/helenawilliams/Library/Caches/arduino/sketches/44C3AAA99780E49373EAB6CB67F17FB8/core/variant.cpp.o
                0x00000000200006f8                sercom2
 .bss.sercom4   0x00000000200006fc        0x4 /Users/helenawilliams/Library/Caches/arduino/sketches/44C3AAA99780E49373EAB6CB67F17FB8/core/variant.cpp.o
                0x00000000200006fc                sercom4
 .bss.sercom5   0x0000000020000700        0x4 /Users/helenawilliams/Library/Caches/arduino/sketches/44C3AAA99780E49373EAB6CB67F17FB8/core/variant.cpp.o
                0x0000000020000700                sercom5
 .bss.usb_isr   0x0000000020000704        0x4 /Users/helenawilliams/Library/Caches/arduino/sketches/44C3AAA99780E49373EAB6CB67F17FB8/../../cores/SparkFun_samd_samd21_mini_f240a9748bc085abc870b20538c18981/core.a(cortex_handlers.c.o)
 .bss._ulTickCount
                0x0000000020000708        0x4 /Users/helenawilliams/Library/Caches/arduino/sketches/44C3AAA99780E49373EAB6CB67F17FB8/../../cores/SparkFun_samd_samd21_mini_f240a9748bc085abc870b20538c18981/core.a(delay.c.o)
 .bss._ZL14isEndpointHalt
                0x000000002000070c        0x1 /Users/helenawilliams/Library/Caches/arduino/sketches/44C3AAA99780E49373EAB6CB67F17FB8/../../cores/SparkFun_samd_samd21_mini_f240a9748bc085abc870b20538c18981/core.a(USBCore.cpp.o)
 .bss._pack_buffer
                0x000000002000070d      0x100 /Users/helenawilliams/Library/Caches/arduino/sketches/44C3AAA99780E49373EAB6CB67F17FB8/../../cores/SparkFun_samd_samd21_mini_f240a9748bc085abc870b20538c18981/core.a(USBCore.cpp.o)
                0x000000002000070d                _pack_buffer
 *fill*         0x000000002000080d        0x1 
 .bss._pack_size
                0x000000002000080e        0x2 /Users/helenawilliams/Library/Caches/arduino/sketches/44C3AAA99780E49373EAB6CB67F17FB8/../../cores/SparkFun_samd_samd21_mini_f240a9748bc085abc870b20538c18981/core.a(USBCore.cpp.o)
                0x000000002000080e                _pack_size
 .bss._ZL20LastTransmitTimedOut
                0x0000000020000810        0x7 /Users/helenawilliams/Library/Caches/arduino/sketches/44C3AAA99780E49373EAB6CB67F17FB8/../../cores/SparkFun_samd_samd21_mini_f240a9748bc085abc870b20538c18981/core.a(USBCore.cpp.o)
 *fill*         0x0000000020000817        0x1 
 .bss._ZL22udd_ep_in_cache_buffer
                0x0000000020000818      0x1c0 /Users/helenawilliams/Library/Caches/arduino/sketches/44C3AAA99780E49373EAB6CB67F17FB8/../../cores/SparkFun_samd_samd21_mini_f240a9748bc085abc870b20538c18981/core.a(USBCore.cpp.o)
 .bss._ZL10txLEDPulse
                0x00000000200009d8        0x1 /Users/helenawilliams/Library/Caches/arduino/sketches/44C3AAA99780E49373EAB6CB67F17FB8/../../cores/SparkFun_samd_samd21_mini_f240a9748bc085abc870b20538c18981/core.a(USBCore.cpp.o)
 *fill*         0x00000000200009d9        0x3 
 .bss._ZL23udd_ep_out_cache_buffer
                0x00000000200009dc      0x1c0 /Users/helenawilliams/Library/Caches/arduino/sketches/44C3AAA99780E49373EAB6CB67F17FB8/../../cores/SparkFun_samd_samd21_mini_f240a9748bc085abc870b20538c18981/core.a(USBCore.cpp.o)
 .bss._ZL10epHandlers
                0x0000000020000b9c       0x1c /Users/helenawilliams/Library/Caches/arduino/sketches/44C3AAA99780E49373EAB6CB67F17FB8/../../cores/SparkFun_samd_samd21_mini_f240a9748bc085abc870b20538c18981/core.a(USBCore.cpp.o)
 .bss._pack_message
                0x0000000020000bb8        0x1 /Users/helenawilliams/Library/Caches/arduino/sketches/44C3AAA99780E49373EAB6CB67F17FB8/../../cores/SparkFun_samd_samd21_mini_f240a9748bc085abc870b20538c18981/core.a(USBCore.cpp.o)
                0x0000000020000bb8                _pack_message
 .bss._ZL21isRemoteWakeUpEnabled
                0x0000000020000bb9        0x1 /Users/helenawilliams/Library/Caches/arduino/sketches/44C3AAA99780E49373EAB6CB67F17FB8/../../cores/SparkFun_samd_samd21_mini_f240a9748bc085abc870b20538c18981/core.a(USBCore.cpp.o)
 .bss._dry_run  0x0000000020000bba        0x1 /Users/helenawilliams/Library/Caches/arduino/sketches/44C3AAA99780E49373EAB6CB67F17FB8/../../cores/SparkFun_samd_samd21_mini_f240a9748bc085abc870b20538c18981/core.a(USBCore.cpp.o)
                0x0000000020000bba                _dry_run
 .bss.USBDevice
                0x0000000020000bbb        0x1 /Users/helenawilliams/Library/Caches/arduino/sketches/44C3AAA99780E49373EAB6CB67F17FB8/../../cores/SparkFun_samd_samd21_mini_f240a9748bc085abc870b20538c18981/core.a(USBCore.cpp.o)
                0x0000000020000bbb                USBDevice
 .bss._usbSetInterface
                0x0000000020000bbc        0x4 /Users/helenawilliams/Library/Caches/arduino/sketches/44C3AAA99780E49373EAB6CB67F17FB8/../../cores/SparkFun_samd_samd21_mini_f240a9748bc085abc870b20538c18981/core.a(USBCore.cpp.o)
                0x0000000020000bbc                _usbSetInterface
 .bss._ZL10rxLEDPulse
                0x0000000020000bc0        0x1 /Users/helenawilliams/Library/Caches/arduino/sketches/44C3AAA99780E49373EAB6CB67F17FB8/../../cores/SparkFun_samd_samd21_mini_f240a9748bc085abc870b20538c18981/core.a(USBCore.cpp.o)
 *fill*         0x0000000020000bc1        0x3 
 .bss.usbd      0x0000000020000bc4      0x104 /Users/helenawilliams/Library/Caches/arduino/sketches/44C3AAA99780E49373EAB6CB67F17FB8/../../cores/SparkFun_samd_samd21_mini_f240a9748bc085abc870b20538c18981/core.a(USBCore.cpp.o)
                0x0000000020000bc4                usbd
 .bss._usbConfiguration
                0x0000000020000cc8        0x4 /Users/helenawilliams/Library/Caches/arduino/sketches/44C3AAA99780E49373EAB6CB67F17FB8/../../cores/SparkFun_samd_samd21_mini_f240a9748bc085abc870b20538c18981/core.a(USBCore.cpp.o)
                0x0000000020000cc8                _usbConfiguration
 .bss.SerialUSB
                0x0000000020000ccc       0x1c /Users/helenawilliams/Library/Caches/arduino/sketches/44C3AAA99780E49373EAB6CB67F17FB8/../../cores/SparkFun_samd_samd21_mini_f240a9748bc085abc870b20538c18981/core.a(CDC.cpp.o)
                0x0000000020000ccc                SerialUSB
 .bss._ZZ12PluggableUSBvE3obj
                0x0000000020000ce8        0x8 /Users/helenawilliams/Library/Caches/arduino/sketches/44C3AAA99780E49373EAB6CB67F17FB8/../../cores/SparkFun_samd_samd21_mini_f240a9748bc085abc870b20538c18981/core.a(PluggableUSB.cpp.o)
 .bss._ZGVZ12PluggableUSBvE3obj
                0x0000000020000cf0        0x4 /Users/helenawilliams/Library/Caches/arduino/sketches/44C3AAA99780E49373EAB6CB67F17FB8/../../cores/SparkFun_samd_samd21_mini_f240a9748bc085abc870b20538c18981/core.a(PluggableUSB.cpp.o)
 .bss.__malloc_sbrk_start
                0x0000000020000cf4        0x4 /Users/helenawilliams/Library/Arduino15/packages/arduino/tools/arm-none-eabi-gcc/4.8.3-2014q1/bin/../lib/gcc/arm-none-eabi/4.8.3/../../../../arm-none-eabi/lib/armv6-m/libc_s.a(lib_a-nano-mallocr.o)
                0x0000000020000cf4                __malloc_sbrk_start
 .bss.__malloc_free_list
                0x0000000020000cf8        0x4 /Users/helenawilliams/Library/Arduino15/packages/arduino/tools/arm-none-eabi-gcc/4.8.3-2014q1/bin/../lib/gcc/arm-none-eabi/4.8.3/../../../../arm-none-eabi/lib/armv6-m/libc_s.a(lib_a-nano-mallocr.o)
                0x0000000020000cf8                __malloc_free_list
 .bss.heap_end.4243
                0x0000000020000cfc        0x4 /Users/helenawilliams/Library/Arduino15/packages/arduino/tools/arm-none-eabi-gcc/4.8.3-2014q1/bin/../lib/gcc/arm-none-eabi/4.8.3/../../../../arm-none-eabi/lib/armv6-m/libnosys.a(sbrk.o)
 *(COMMON)
 COMMON         0x0000000020000d00       0xa8 /Users/helenawilliams/Library/Caches/arduino/sketches/44C3AAA99780E49373EAB6CB67F17FB8/libraries/RTT_Stream/SEGGER_RTT.c.o
                0x0000000020000d00                _SEGGER_RTT
 COMMON         0x0000000020000da8        0x4 /Users/helenawilliams/Library/Arduino15/packages/arduino/tools/arm-none-eabi-gcc/4.8.3-2014q1/bin/../lib/gcc/arm-none-eabi/4.8.3/../../../../arm-none-eabi/lib/armv6-m/libc_s.a(lib_a-reent.o)
                0x0000000020000da8                errno
                0x0000000020000dac                . = ALIGN (0x4)
                0x0000000020000dac                __bss_end__ = .

.heap           0x0000000020000dac        0x0
                0x0000000020000dac                __end__ = .
                0x0000000020000dac                PROVIDE (end, .)
 *(.heap*)
                0x0000000020000dac                __HeapLimit = .

.stack_dummy    0x0000000020000dac        0x0
 *(.stack*)
                0x0000000020008000                __StackTop = (ORIGIN (RAM) + 0x8000)
                0x0000000020008000                __StackLimit = (__StackTop - SIZEOF (.stack_dummy))
                0x0000000020008000                PROVIDE (__stack, __StackTop)
                0x0000000020007fff                __ram_end__ = ((ORIGIN (RAM) + 0x8000) - 0x1)
                0x0000000000000001                ASSERT ((__StackLimit >= __HeapLimit), region RAM overflowed with stack)
OUTPUT(/Users/helenawilliams/Library/Caches/arduino/sketches/44C3AAA99780E49373EAB6CB67F17FB8/rtt-test.ino.elf elf32-littlearm)

.ARM.attributes
                0x0000000000000000       0x28
 .ARM.attributes
                0x0000000000000000       0x1e /Users/helenawilliams/Library/Arduino15/packages/arduino/tools/arm-none-eabi-gcc/4.8.3-2014q1/bin/../lib/gcc/arm-none-eabi/4.8.3/armv6-m/crti.o
 .ARM.attributes
                0x000000000000001e       0x2c /Users/helenawilliams/Library/Arduino15/packages/arduino/tools/arm-none-eabi-gcc/4.8.3-2014q1/bin/../lib/gcc/arm-none-eabi/4.8.3/armv6-m/crtbegin.o
 .ARM.attributes
                0x000000000000004a       0x32 /Users/helenawilliams/Library/Caches/arduino/sketches/44C3AAA99780E49373EAB6CB67F17FB8/sketch/rtt-test.ino.cpp.o
 .ARM.attributes
                0x000000000000007c       0x32 /Users/helenawilliams/Library/Caches/arduino/sketches/44C3AAA99780E49373EAB6CB67F17FB8/libraries/RTT_Stream/RTTStream.cpp.o
 .ARM.attributes
                0x00000000000000ae       0x32 /Users/helenawilliams/Library/Caches/arduino/sketches/44C3AAA99780E49373EAB6CB67F17FB8/libraries/RTT_Stream/SEGGER_RTT.c.o
 .ARM.attributes
                0x00000000000000e0       0x32 /Users/helenawilliams/Library/Caches/arduino/sketches/44C3AAA99780E49373EAB6CB67F17FB8/libraries/RTT_Stream/SEGGER_RTT_Peek.c.o
 .ARM.attributes
                0x0000000000000112       0x32 /Users/helenawilliams/Library/Caches/arduino/sketches/44C3AAA99780E49373EAB6CB67F17FB8/core/variant.cpp.o
 .ARM.attributes
                0x0000000000000144       0x32 /Users/helenawilliams/Library/Caches/arduino/sketches/44C3AAA99780E49373EAB6CB67F17FB8/../../cores/SparkFun_samd_samd21_mini_f240a9748bc085abc870b20538c18981/core.a(Print.cpp.o)
 .ARM.attributes
                0x0000000000000176       0x32 /Users/helenawilliams/Library/Caches/arduino/sketches/44C3AAA99780E49373EAB6CB67F17FB8/../../cores/SparkFun_samd_samd21_mini_f240a9748bc085abc870b20538c18981/core.a(SERCOM.cpp.o)
 .ARM.attributes
                0x00000000000001a8       0x32 /Users/helenawilliams/Library/Caches/arduino/sketches/44C3AAA99780E49373EAB6CB67F17FB8/../../cores/SparkFun_samd_samd21_mini_f240a9748bc085abc870b20538c18981/core.a(Uart.cpp.o)
 .ARM.attributes
                0x00000000000001da       0x32 /Users/helenawilliams/Library/Caches/arduino/sketches/44C3AAA99780E49373EAB6CB67F17FB8/../../cores/SparkFun_samd_samd21_mini_f240a9748bc085abc870b20538c18981/core.a(cortex_handlers.c.o)
 .ARM.attributes
                0x000000000000020c       0x32 /Users/helenawilliams/Library/Caches/arduino/sketches/44C3AAA99780E49373EAB6CB67F17FB8/../../cores/SparkFun_samd_samd21_mini_f240a9748bc085abc870b20538c18981/core.a(delay.c.o)
 .ARM.attributes
                0x000000000000023e       0x32 /Users/helenawilliams/Library/Caches/arduino/sketches/44C3AAA99780E49373EAB6CB67F17FB8/../../cores/SparkFun_samd_samd21_mini_f240a9748bc085abc870b20538c18981/core.a(hooks.c.o)
 .ARM.attributes
                0x0000000000000270       0x32 /Users/helenawilliams/Library/Caches/arduino/sketches/44C3AAA99780E49373EAB6CB67F17FB8/../../cores/SparkFun_samd_samd21_mini_f240a9748bc085abc870b20538c18981/core.a(main.cpp.o)
 .ARM.attributes
                0x00000000000002a2       0x32 /Users/helenawilliams/Library/Caches/arduino/sketches/44C3AAA99780E49373EAB6CB67F17FB8/../../cores/SparkFun_samd_samd21_mini_f240a9748bc085abc870b20538c18981/core.a(startup.c.o)
 .ARM.attributes
                0x00000000000002d4       0x32 /Users/helenawilliams/Library/Caches/arduino/sketches/44C3AAA99780E49373EAB6CB67F17FB8/../../cores/SparkFun_samd_samd21_mini_f240a9748bc085abc870b20538c18981/core.a(wiring.c.o)
 .ARM.attributes
                0x0000000000000306       0x32 /Users/helenawilliams/Library/Caches/arduino/sketches/44C3AAA99780E49373EAB6CB67F17FB8/../../cores/SparkFun_samd_samd21_mini_f240a9748bc085abc870b20538c18981/core.a(wiring_analog.c.o)
 .ARM.attributes
                0x0000000000000338       0x32 /Users/helenawilliams/Library/Caches/arduino/sketches/44C3AAA99780E49373EAB6CB67F17FB8/../../cores/SparkFun_samd_samd21_mini_f240a9748bc085abc870b20538c18981/core.a(wiring_digital.c.o)
 .ARM.attributes
                0x000000000000036a       0x32 /Users/helenawilliams/Library/Caches/arduino/sketches/44C3AAA99780E49373EAB6CB67F17FB8/../../cores/SparkFun_samd_samd21_mini_f240a9748bc085abc870b20538c18981/core.a(wiring_private.c.o)
 .ARM.attributes
                0x000000000000039c       0x32 /Users/helenawilliams/Library/Caches/arduino/sketches/44C3AAA99780E49373EAB6CB67F17FB8/../../cores/SparkFun_samd_samd21_mini_f240a9748bc085abc870b20538c18981/core.a(Reset.cpp.o)
 .ARM.attributes
                0x00000000000003ce       0x32 /Users/helenawilliams/Library/Caches/arduino/sketches/44C3AAA99780E49373EAB6CB67F17FB8/../../cores/SparkFun_samd_samd21_mini_f240a9748bc085abc870b20538c18981/core.a(USBCore.cpp.o)
 .ARM.attributes
                0x0000000000000400       0x32 /Users/helenawilliams/Library/Caches/arduino/sketches/44C3AAA99780E49373EAB6CB67F17FB8/../../cores/SparkFun_samd_samd21_mini_f240a9748bc085abc870b20538c18981/core.a(new.cpp.o)
 .ARM.attributes
                0x0000000000000432       0x32 /Users/helenawilliams/Library/Caches/arduino/sketches/44C3AAA99780E49373EAB6CB67F17FB8/../../cores/SparkFun_samd_samd21_mini_f240a9748bc085abc870b20538c18981/core.a(CDC.cpp.o)
 .ARM.attributes
                0x0000000000000464       0x32 /Users/helenawilliams/Library/Caches/arduino/sketches/44C3AAA99780E49373EAB6CB67F17FB8/../../cores/SparkFun_samd_samd21_mini_f240a9748bc085abc870b20538c18981/core.a(PluggableUSB.cpp.o)
 .ARM.attributes
                0x0000000000000496       0x1e /Users/helenawilliams/Library/Arduino15/packages/arduino/tools/arm-none-eabi-gcc/4.8.3-2014q1/bin/../lib/gcc/arm-none-eabi/4.8.3/armv6-m/libgcc.a(_thumb1_case_uqi.o)
 .ARM.attributes
                0x00000000000004b4       0x1e /Users/helenawilliams/Library/Arduino15/packages/arduino/tools/arm-none-eabi-gcc/4.8.3-2014q1/bin/../lib/gcc/arm-none-eabi/4.8.3/armv6-m/libgcc.a(_udivsi3.o)
 .ARM.attributes
                0x00000000000004d2       0x1e /Users/helenawilliams/Library/Arduino15/packages/arduino/tools/arm-none-eabi-gcc/4.8.3-2014q1/bin/../lib/gcc/arm-none-eabi/4.8.3/armv6-m/libgcc.a(_divsi3.o)
 .ARM.attributes
                0x00000000000004f0       0x1e /Users/helenawilliams/Library/Arduino15/packages/arduino/tools/arm-none-eabi-gcc/4.8.3-2014q1/bin/../lib/gcc/arm-none-eabi/4.8.3/armv6-m/libgcc.a(_dvmd_tls.o)
 .ARM.attributes
                0x000000000000050e       0x2c /Users/helenawilliams/Library/Arduino15/packages/arduino/tools/arm-none-eabi-gcc/4.8.3-2014q1/bin/../lib/gcc/arm-none-eabi/4.8.3/../../../../arm-none-eabi/lib/armv6-m/libc_s.a(lib_a-aeabi_atexit.o)
 .ARM.attributes
                0x000000000000053a       0x2c /Users/helenawilliams/Library/Arduino15/packages/arduino/tools/arm-none-eabi-gcc/4.8.3-2014q1/bin/../lib/gcc/arm-none-eabi/4.8.3/../../../../arm-none-eabi/lib/armv6-m/libc_s.a(lib_a-cxa_atexit.o)
 .ARM.attributes
                0x0000000000000566       0x2c /Users/helenawilliams/Library/Arduino15/packages/arduino/tools/arm-none-eabi-gcc/4.8.3-2014q1/bin/../lib/gcc/arm-none-eabi/4.8.3/../../../../arm-none-eabi/lib/armv6-m/libc_s.a(lib_a-impure.o)
 .ARM.attributes
                0x0000000000000592       0x2c /Users/helenawilliams/Library/Arduino15/packages/arduino/tools/arm-none-eabi-gcc/4.8.3-2014q1/bin/../lib/gcc/arm-none-eabi/4.8.3/../../../../arm-none-eabi/lib/armv6-m/libc_s.a(lib_a-init.o)
 .ARM.attributes
                0x00000000000005be       0x2c /Users/helenawilliams/Library/Arduino15/packages/arduino/tools/arm-none-eabi-gcc/4.8.3-2014q1/bin/../lib/gcc/arm-none-eabi/4.8.3/../../../../arm-none-eabi/lib/armv6-m/libc_s.a(lib_a-malloc.o)
 .ARM.attributes
                0x00000000000005ea       0x2c /Users/helenawilliams/Library/Arduino15/packages/arduino/tools/arm-none-eabi-gcc/4.8.3-2014q1/bin/../lib/gcc/arm-none-eabi/4.8.3/../../../../arm-none-eabi/lib/armv6-m/libc_s.a(lib_a-memcpy-stub.o)
 .ARM.attributes
                0x0000000000000616       0x2c /Users/helenawilliams/Library/Arduino15/packages/arduino/tools/arm-none-eabi-gcc/4.8.3-2014q1/bin/../lib/gcc/arm-none-eabi/4.8.3/../../../../arm-none-eabi/lib/armv6-m/libc_s.a(lib_a-memset.o)
 .ARM.attributes
                0x0000000000000642       0x2c /Users/helenawilliams/Library/Arduino15/packages/arduino/tools/arm-none-eabi-gcc/4.8.3-2014q1/bin/../lib/gcc/arm-none-eabi/4.8.3/../../../../arm-none-eabi/lib/armv6-m/libc_s.a(lib_a-nano-mallocr.o)
 .ARM.attributes
                0x000000000000066e       0x2c /Users/helenawilliams/Library/Arduino15/packages/arduino/tools/arm-none-eabi-gcc/4.8.3-2014q1/bin/../lib/gcc/arm-none-eabi/4.8.3/../../../../arm-none-eabi/lib/armv6-m/libc_s.a(lib_a-sbrkr.o)
 .ARM.attributes
                0x000000000000069a       0x2c /Users/helenawilliams/Library/Arduino15/packages/arduino/tools/arm-none-eabi-gcc/4.8.3-2014q1/bin/../lib/gcc/arm-none-eabi/4.8.3/../../../../arm-none-eabi/lib/armv6-m/libc_s.a(lib_a-strlen.o)
 .ARM.attributes
                0x00000000000006c6       0x2c /Users/helenawilliams/Library/Arduino15/packages/arduino/tools/arm-none-eabi-gcc/4.8.3-2014q1/bin/../lib/gcc/arm-none-eabi/4.8.3/../../../../arm-none-eabi/lib/armv6-m/libc_s.a(lib_a-reent.o)
 .ARM.attributes
                0x00000000000006f2       0x2c /Users/helenawilliams/Library/Arduino15/packages/arduino/tools/arm-none-eabi-gcc/4.8.3-2014q1/bin/../lib/gcc/arm-none-eabi/4.8.3/../../../../arm-none-eabi/lib/armv6-m/libnosys.a(sbrk.o)
 .ARM.attributes
                0x000000000000071e       0x2c /Users/helenawilliams/Library/Arduino15/packages/arduino/tools/arm-none-eabi-gcc/4.8.3-2014q1/bin/../lib/gcc/arm-none-eabi/4.8.3/armv6-m/crtend.o
 .ARM.attributes
                0x000000000000074a       0x1e /Users/helenawilliams/Library/Arduino15/packages/arduino/tools/arm-none-eabi-gcc/4.8.3-2014q1/bin/../lib/gcc/arm-none-eabi/4.8.3/armv6-m/crtn.o

.comment        0x0000000000000000       0x70
 .comment       0x0000000000000000       0x70 /Users/helenawilliams/Library/Caches/arduino/sketches/44C3AAA99780E49373EAB6CB67F17FB8/sketch/rtt-test.ino.cpp.o
                                         0x71 (size before relaxing)